Component: ARM Compiler 5.05 update 1 (build 106) Tool: armlink [4d0efa]

==============================================================================

Section Cross References

    main.o(i.RCC_Configuration) refers to stm32f10x_rcc.o(i.RCC_DeInit) for RCC_DeInit
    main.o(i.RCC_Configuration) refers to stm32f10x_rcc.o(i.RCC_HSICmd) for RCC_HSICmd
    main.o(i.RCC_Configuration) refers to stm32f10x_rcc.o(i.RCC_GetFlagStatus) for RCC_GetFlagStatus
    main.o(i.RCC_Configuration) refers to stm32f10x_rcc.o(i.RCC_HCLKConfig) for RCC_HCLKConfig
    main.o(i.RCC_Configuration) refers to stm32f10x_rcc.o(i.RCC_PCLK1Config) for RCC_PCLK1Config
    main.o(i.RCC_Configuration) refers to stm32f10x_rcc.o(i.RCC_PCLK2Config) for RCC_PCLK2Config
    main.o(i.RCC_Configuration) refers to stm32f10x_rcc.o(i.RCC_PLLConfig) for RCC_PLLConfig
    main.o(i.RCC_Configuration) refers to stm32f10x_rcc.o(i.RCC_PLLCmd) for RCC_PLLCmd
    main.o(i.RCC_Configuration) refers to stm32f10x_rcc.o(i.RCC_SYSCLKConfig) for RCC_SYSCLKConfig
    main.o(i.RCC_Configuration) refers to stm32f10x_rcc.o(i.RCC_GetSYSCLKSource) for RCC_GetSYSCLKSource
    main.o(i.main) refers to main.o(i.RCC_Configuration) for RCC_Configuration
    main.o(i.main) refers to application.o(i.application_init) for application_init
    main.o(i.main) refers to motordriver.o(i.TIM4_init) for TIM4_init
    main.o(i.main) refers to motordriver.o(i.MotorDriverGPIO_Init) for MotorDriverGPIO_Init
    main.o(i.main) refers to stm32f10x_rcc.o(i.RCC_GetClocksFreq) for RCC_GetClocksFreq
    main.o(i.main) refers to log_printf.o(i.UART_Printf) for UART_Printf
    main.o(i.main) refers to adc.o(i.ADCinit) for ADCinit
    main.o(i.main) refers to application.o(i.PsdkProcessRec) for PsdkProcessRec
    main.o(i.main) refers to adc.o(i.Get_Adc) for Get_Adc
    main.o(i.main) refers to dflt_clz.o(x$fpl$dfltu) for __aeabi_ui2d
    main.o(i.main) refers to ddiv.o(x$fpl$ddiv) for __aeabi_ddiv
    main.o(i.main) refers to dmul.o(x$fpl$dmul) for __aeabi_dmul
    main.o(i.main) refers to d2f.o(x$fpl$d2f) for __aeabi_d2f
    main.o(i.main) refers to stm32f10x_gpio.o(i.GPIO_ReadOutputDataBit) for GPIO_ReadOutputDataBit
    main.o(i.main) refers to stm32f10x_gpio.o(i.GPIO_WriteBit) for GPIO_WriteBit
    main.o(i.main) refers to application.o(i.PsdkMotorTest) for PsdkMotorTest
    main.o(i.main) refers to main.o(.bss) for SYSclock
    main.o(i.main) refers to main.o(.constdata) for __FUNCTION__
    main.o(i.main) refers to adc.o(.data) for ADC_value
    main.o(i.main) refers to motordriver.o(.data) for task_Run_flag
    application.o(i.FillInUserInfo) refers to rt_memclr.o(.text) for __aeabi_memclr
    application.o(i.FillInUserInfo) refers to strcpy.o(.text) for strcpy
    application.o(i.FillInUserInfo) refers to log_printf.o(i.UART_Printf) for UART_Printf
    application.o(i.FillInUserInfo) refers to strcmpv7m.o(.text) for strcmp
    application.o(i.FillInUserInfo) refers to application.o(.constdata) for __FUNCTION__
    application.o(i.FillInUserInfo) refers to application.o(.conststring) for .conststring
    application.o(i.PsdkBigLEDTest) refers to _printf_percent.o(.ARM.Collect$$_printf_percent$$00000000) for _printf_percent
    application.o(i.PsdkBigLEDTest) refers to _printf_f.o(.ARM.Collect$$_printf_percent$$00000003) for _printf_f
    application.o(i.PsdkBigLEDTest) refers to _printf_s.o(.ARM.Collect$$_printf_percent$$00000014) for _printf_s
    application.o(i.PsdkBigLEDTest) refers to printf1.o(x$fpl$printf1) for _printf_fp_dec
    application.o(i.PsdkBigLEDTest) refers to _printf_str.o(.text) for _printf_str
    application.o(i.PsdkBigLEDTest) refers to f2d.o(x$fpl$f2d) for __aeabi_f2d
    application.o(i.PsdkBigLEDTest) refers to __2sprintf.o(.text) for __2sprintf
    application.o(i.PsdkBigLEDTest) refers to psdk_app_func.o(i.PsdkAppFunc_PushMsgToFloatingWindow) for PsdkAppFunc_PushMsgToFloatingWindow
    application.o(i.PsdkBigLEDTest) refers to strlen.o(.text) for strlen
    application.o(i.PsdkBigLEDTest) refers to psdk_app_func.o(i.PsdkAppFunc_TransferToApp) for PsdkAppFunc_TransferToApp
    application.o(i.PsdkBigLEDTest) refers to application.o(.constdata) for .constdata
    application.o(i.PsdkBigLEDTest) refers to motordriver.o(.data) for LED_Open_Flag
    application.o(i.PsdkBigLEDTest) refers to adc.o(.data) for ADC_value
    application.o(i.PsdkBigLEDTest) refers to application.o(.bss) for s_printBuffer
    application.o(i.PsdkMotorTest) refers to _printf_percent.o(.ARM.Collect$$_printf_percent$$00000000) for _printf_percent
    application.o(i.PsdkMotorTest) refers to _printf_f.o(.ARM.Collect$$_printf_percent$$00000003) for _printf_f
    application.o(i.PsdkMotorTest) refers to _printf_s.o(.ARM.Collect$$_printf_percent$$00000014) for _printf_s
    application.o(i.PsdkMotorTest) refers to printf1.o(x$fpl$printf1) for _printf_fp_dec
    application.o(i.PsdkMotorTest) refers to _printf_str.o(.text) for _printf_str
[...]
    __Vectors_Size                           0x000000ec   Number         0  startup_stm32f10x_md.o ABSOLUTE
    __Vectors                                0x08000000   Data           4  startup_stm32f10x_md.o(RESET)
    __Vectors_End                            0x080000ec   Data           0  startup_stm32f10x_md.o(RESET)
    __main                                   0x080000ed   Thumb Code     8  __main.o(!!!main)
    __scatterload                            0x080000f5   Thumb Code     0  __scatter.o(!!!scatter)
    __scatterload_rt2                        0x080000f5   Thumb Code    44  __scatter.o(!!!scatter)
    __scatterload_rt2_thumb_only             0x080000f5   Thumb Code     0  __scatter.o(!!!scatter)
    __scatterload_null                       0x08000103   Thumb Code     0  __scatter.o(!!!scatter)
    __decompress                             0x08000129   Thumb Code   100  __dclz77c.o(!!dclz77c)
    __decompress2                            0x08000129   Thumb Code     0  __dclz77c.o(!!dclz77c)
    __scatterload_zeroinit                   0x0800018d   Thumb Code    28  __scatter_zi.o(!!handler_zi)
    _printf_n                                0x080001a9   Thumb Code     0  _printf_n.o(.ARM.Collect$$_printf_percent$$00000001)
    _printf_percent                          0x080001a9   Thumb Code     0  _printf_percent.o(.ARM.Collect$$_printf_percent$$00000000)
    _printf_p                                0x080001af   Thumb Code     0  _printf_p.o(.ARM.Collect$$_printf_percent$$00000002)
    _printf_f                                0x080001b5   Thumb Code     0  _printf_f.o(.ARM.Collect$$_printf_percent$$00000003)
    _printf_e                                0x080001bb   Thumb Code     0  _printf_e.o(.ARM.Collect$$_printf_percent$$00000004)
    _printf_g                                0x080001c1   Thumb Code     0  _printf_g.o(.ARM.Collect$$_printf_percent$$00000005)
    _printf_a                                0x080001c7   Thumb Code     0  _printf_a.o(.ARM.Collect$$_printf_percent$$00000006)
    _printf_ll                               0x080001cd   Thumb Code     0  _printf_ll.o(.ARM.Collect$$_printf_percent$$00000007)
    _printf_i                                0x080001d7   Thumb Code     0  _printf_i.o(.ARM.Collect$$_printf_percent$$00000008)
    _printf_d                                0x080001dd   Thumb Code     0  _printf_d.o(.ARM.Collect$$_printf_percent$$00000009)
    _printf_u                                0x080001e3   Thumb Code     0  _printf_u.o(.ARM.Collect$$_printf_percent$$0000000A)
    _printf_o                                0x080001e9   Thumb Code     0  _printf_o.o(.ARM.Collect$$_printf_percent$$0000000B)
    _printf_x                                0x080001ef   Thumb Code     0  _printf_x.o(.ARM.Collect$$_printf_percent$$0000000C)
    _printf_lli                              0x080001f5   Thumb Code     0  _printf_lli.o(.ARM.Collect$$_printf_percent$$0000000D)
    _printf_lld                              0x080001fb   Thumb Code     0  _printf_lld.o(.ARM.Collect$$_printf_percent$$0000000E)
    _printf_llu                              0x08000201   Thumb Code     0  _printf_llu.o(.ARM.Collect$$_printf_percent$$0000000F)
    _printf_llo                              0x08000207   Thumb Code     0  _printf_llo.o(.ARM.Collect$$_printf_percent$$00000010)
    _printf_llx                              0x0800020d   Thumb Code     0  _printf_llx.o(.ARM.Collect$$_printf_percent$$00000011)
    _printf_l                                0x08000213   Thumb Code     0  _printf_l.o(.ARM.Collect$$_printf_percent$$00000012)
    _printf_c                                0x0800021d   Thumb Code     0  _printf_c.o(.ARM.Collect$$_printf_percent$$00000013)
    _printf_s                                0x08000223   Thumb Code     0  _printf_s.o(.ARM.Collect$$_printf_percent$$00000014)
    _printf_lc                               0x08000229   Thumb Code     0  _printf_lc.o(.ARM.Collect$$_printf_percent$$00000015)
    _printf_ls                               0x0800022f   Thumb Code     0  _printf_ls.o(.ARM.Collect$$_printf_percent$$00000016)
    _printf_percent_end                      0x08000235   Thumb Code     0  _printf_percent_end.o(.ARM.Collect$$_printf_percent$$00000017)
    __rt_lib_init                            0x08000239   Thumb Code     0  libinit.o(.ARM.Collect$$libinit$$00000000)
    __rt_lib_init_fp_1                       0x0800023b   Thumb Code     0  libinit2.o(.ARM.Collect$$libinit$$00000002)
    __rt_lib_init_heap_2                     0x0800023b   Thumb Code     0  libinit2.o(.ARM.Collect$$libinit$$00000005)
    __rt_lib_init_preinit_1                  0x0800023b   Thumb Code     0  libinit2.o(.ARM.Collect$$libinit$$00000004)
    __rt_lib_init_heap_1                     0x08000243   Thumb Code     0  libinit2.o(.ARM.Collect$$libinit$$0000000A)
    __rt_lib_init_lc_common                  0x08000243   Thumb Code     0  libinit2.o(.ARM.Collect$$libinit$$0000000F)
    __rt_lib_init_rand_1                     0x08000243   Thumb Code     0  libinit2.o(.ARM.Collect$$libinit$$0000000E)
    __rt_lib_init_user_alloc_1               0x08000243   Thumb Code     0  libinit2.o(.ARM.Collect$$libinit$$0000000C)
    __rt_lib_init_lc_collate_1               0x08000249   Thumb Code     0  libinit2.o(.ARM.Collect$$libinit$$00000011)
    __rt_lib_init_lc_ctype_2                 0x08000249   Thumb Code     0  libinit2.o(.ARM.Collect$$libinit$$00000012)
    __rt_lib_init_lc_ctype_1                 0x08000255   Thumb Code     0  libinit2.o(.ARM.Collect$$libinit$$00000013)
    __rt_lib_init_lc_monetary_1              0x08000255   Thumb Code     0  libinit2.o(.ARM.Collect$$libinit$$00000015)
    __rt_lib_init_lc_numeric_2               0x08000255   Thumb Code     0  libinit2.o(.ARM.Collect$$libinit$$00000016)
    __rt_lib_init_alloca_1                   0x0800025f   Thumb Code     0  libinit2.o(.ARM.Collect$$libinit$$0000002E)
    __rt_lib_init_argv_1                     0x0800025f   Thumb Code     0  libinit2.o(.ARM.Collect$$libinit$$0000002C)
    __rt_lib_init_atexit_1                   0x0800025f   Thumb Code     0  libinit2.o(.ARM.Collect$$libinit$$0000001B)
    __rt_lib_init_clock_1                    0x0800025f   Thumb Code     0  libinit2.o(.ARM.Collect$$libinit$$00000021)
    __rt_lib_init_cpp_1                      0x0800025f   Thumb Code     0  libinit2.o(.ARM.Collect$$libinit$$00000032)
    __rt_lib_init_exceptions_1               0x0800025f   Thumb Code     0  libinit2.o(.ARM.Collect$$libinit$$00000030)
    __rt_lib_init_fp_trap_1                  0x0800025f   Thumb Code     0  libinit2.o(.ARM.Collect$$libinit$$0000001F)
    __rt_lib_init_getenv_1                   0x0800025f   Thumb Code     0  libinit2.o(.ARM.Collect$$libinit$$00000023)
    __rt_lib_init_lc_numeric_1               0x0800025f   Thumb Code     0  libinit2.o(.ARM.Collect$$libinit$$00000017)
    __rt_lib_init_lc_time_1                  0x0800025f   Thumb Code     0  libinit2.o(.ARM.Collect$$libinit$$00000019)
    __rt_lib_init_return                     0x0800025f   Thumb Code     0  libinit2.o(.ARM.Collect$$libinit$$00000033)
    __rt_lib_init_signal_1                   0x0800025f   Thumb Code     0  libinit2.o(.ARM.Collect$$libinit$$0000001D)
    __rt_lib_init_stdio_1                    0x0800025f   Thumb Code     0  libinit2.o(.ARM.Collect$$libinit$$00000025)
    __rt_lib_shutdown                        0x08000261   Thumb Code     0  libshutdown.o(.ARM.Collect$$libshutdown$$00000000)
    __rt_lib_shutdown_fp_trap_1              0x08000263   Thumb Code     0  libshutdown2.o(.ARM.Collect$$libshutdown$$00000006)
    __rt_lib_shutdown_heap_1                 0x08000263   Thumb Code     0  libshutdown2.o(.ARM.Collect$$libshutdown$$0000000E)
    __rt_lib_shutdown_return                 0x08000263   Thumb Code     0  libshutdown2.o(.ARM.Collect$$libshutdown$$0000000F)
    __rt_lib_shutdown_signal_1               0x08000263   Thumb Code     0  libshutdown2.o(.ARM.Collect$$libshutdown$$00000009)
    __rt_lib_shutdown_stdio_1                0x08000263   Thumb Code     0  libshutdown2.o(.ARM.Collect$$libshutdown$$00000003)
    __rt_lib_shutdown_user_alloc_1           0x08000263   Thumb Code     0  libshutdown2.o(.ARM.Collect$$libshutdown$$0000000B)
    __rt_entry                               0x08000265   Thumb Code     0  __rtentry.o(.ARM.Collect$$rtentry$$00000000)
    __rt_entry_presh_1                       0x08000265   Thumb Code     0  __rtentry2.o(.ARM.Collect$$rtentry$$00000002)
    __rt_entry_sh                            0x08000265   Thumb Code     0  __rtentry4.o(.ARM.Collect$$rtentry$$00000004)
    __rt_entry_li                            0x0800026b   Thumb Code     0  __rtentry2.o(.ARM.Collect$$rtentry$$0000000A)
    __rt_entry_postsh_1                      0x0800026b   Thumb Code     0  __rtentry2.o(.ARM.Collect$$rtentry$$00000009)
    __rt_entry_main                          0x0800026f   Thumb Code     0  __rtentry2.o(.ARM.Collect$$rtentry$$0000000D)
    __rt_entry_postli_1                      0x0800026f   Thumb Code     0  __rtentry2.o(.ARM.Collect$$rtentry$$0000000C)
    __rt_exit                                0x08000277   Thumb Code     0  rtexit.o(.ARM.Collect$$rtexit$$00000000)
    __rt_exit_ls                             0x08000279   Thumb Code     0  rtexit2.o(.ARM.Collect$$rtexit$$00000003)
    __rt_exit_prels_1                        0x08000279   Thumb Code     0  rtexit2.o(.ARM.Collect$$rtexit$$00000002)
    __rt_exit_exit                           0x0800027d   Thumb Code     0  rtexit2.o(.ARM.Collect$$rtexit$$00000004)
    Reset_Handler                            0x08000285   Thumb Code     8  startup_stm32f10x_md.o(.text)
    _maybe_terminate_alloc                   0x08000285   Thumb Code     0  maybetermalloc1.o(.emb_text)
    NMI_Handler                              0x0800028d   Thumb Code     2  startup_stm32f10x_md.o(.text)
    HardFault_Handler                        0x0800028f   Thumb Code     2  startup_stm32f10x_md.o(.text)
    MemManage_Handler                        0x08000291   Thumb Code     2  startup_stm32f10x_md.o(.text)
    BusFault_Handler                         0x08000293   Thumb Code     2  startup_stm32f10x_md.o(.text)
    UsageFault_Handler                       0x08000295   Thumb Code     2  startup_stm32f10x_md.o(.text)
    SVC_Handler                              0x08000297   Thumb Code     2  startup_stm32f10x_md.o(.text)
    DebugMon_Handler                         0x08000299   Thumb Code     2  startup_stm32f10x_md.o(.text)
    PendSV_Handler                           0x0800029b   Thumb Code     2  startup_stm32f10x_md.o(.text)
    SysTick_Handler                          0x0800029d   Thumb Code     2  startup_stm32f10x_md.o(.text)
    ADC1_2_IRQHandler                        0x0800029f   Thumb Code     0  startup_stm32f10x_md.o(.text)
    CAN1_RX1_IRQHandler                      0x0800029f   Thumb Code     0  startup_stm32f10x_md.o(.text)
    CAN1_SCE_IRQHandler                      0x0800029f   Thumb Code     0  startup_stm32f10x_md.o(.text)
    DMA1_Channel1_IRQHandler                 0x0800029f   Thumb Code     0  startup_stm32f10x_md.o(.text)
    DMA1_Channel2_IRQHandler                 0x0800029f   Thumb Code     0  startup_stm32f10x_md.o(.text)
    DMA1_Channel3_IRQHandler                 0x0800029f   Thumb Code     0  startup_stm32f10x_md.o(.text)
    DMA1_Channel4_IRQHandler                 0x0800029f   Thumb Code     0  startup_stm32f10x_md.o(.text)
    DMA1_Channel5_IRQHandler                 0x0800029f   Thumb Code     0  startup_stm32f10x_md.o(.text)
    DMA1_Channel6_IRQHandler                 0x0800029f   Thumb Code     0  startup_stm32f10x_md.o(.text)
    DMA1_Channel7_IRQHandler                 0x0800029f   Thumb Code     0  startup_stm32f10x_md.o(.text)
    EXTI0_IRQHandler                         0x0800029f   Thumb Code     0  startup_stm32f10x_md.o(.text)
    EXTI15_10_IRQHandler                     0x0800029f   Thumb Code     0  startup_stm32f10x_md.o(.text)
    EXTI1_IRQHandler                         0x0800029f   Thumb Code     0  startup_stm32f10x_md.o(.text)
    EXTI2_IRQHandler                         0x0800029f   Thumb Code     0  startup_stm32f10x_md.o(.text)
    EXTI3_IRQHandler                         0x0800029f   Thumb Code     0  startup_stm32f10x_md.o(.text)
    EXTI4_IRQHandler                         0x0800029f   Thumb Code     0  startup_stm32f10x_md.o(.text)
    EXTI9_5_IRQHandler                       0x0800029f   Thumb Code     0  startup_stm32f10x_md.o(.text)
    FLASH_IRQHandler                         0x0800029f   Thumb Code     0  startup_stm32f10x_md.o(.text)
    I2C1_ER_IRQHandler                       0x0800029f   Thumb Code     0  startup_stm32f10x_md.o(.text)
    I2C1_EV_IRQHandler                       0x0800029f   Thumb Code     0  startup_stm32f10x_md.o(.text)
    I2C2_ER_IRQHandler                       0x0800029f   Thumb Code     0  startup_stm32f10x_md.o(.text)
    I2C2_EV_IRQHandler                       0x0800029f   Thumb Code     0  startup_stm32f10x_md.o(.text)
    PVD_IRQHandler                           0x0800029f   Thumb Code     0  startup_stm32f10x_md.o(.text)
    RCC_IRQHandler                           0x0800029f   Thumb Code     0  startup_stm32f10x_md.o(.text)
    RTCAlarm_IRQHandler                      0x0800029f   Thumb Code     0  startup_stm32f10x_md.o(.text)
    RTC_IRQHandler                           0x0800029f   Thumb Code     0  startup_stm32f10x_md.o(.text)
    SPI1_IRQHandler                          0x0800029f   Thumb Code     0  startup_stm32f10x_md.o(.text)
    SPI2_IRQHandler                          0x0800029f   Thumb Code     0  startup_stm32f10x_md.o(.text)
    TAMPER_IRQHandler                        0x0800029f   Thumb Code     0  startup_stm32f10x_md.o(.text)
    TIM1_BRK_IRQHandler                      0x0800029f   Thumb Code     0  startup_stm32f10x_md.o(.text)
    TIM1_CC_IRQHandler                       0x0800029f   Thumb Code     0  startup_stm32f10x_md.o(.text)
    TIM1_TRG_COM_IRQHandler                  0x0800029f   Thumb Code     0  startup_stm32f10x_md.o(.text)
    TIM1_UP_IRQHandler                       0x0800029f   Thumb Code     0  startup_stm32f10x_md.o(.text)
    TIM2_IRQHandler                          0x0800029f   Thumb Code     0  startup_stm32f10x_md.o(.text)
    TIM3_IRQHandler                          0x0800029f   Thumb Code     0  startup_stm32f10x_md.o(.text)
    USBWakeUp_IRQHandler                     0x0800029f   Thumb Code     0  startup_stm32f10x_md.o(.text)
    USB_HP_CAN1_TX_IRQHandler                0x0800029f   Thumb Code     0  startup_stm32f10x_md.o(.text)
    USB_LP_CAN1_RX0_IRQHandler               0x0800029f   Thumb Code     0  startup_stm32f10x_md.o(.text)
    WWDG_IRQHandler                          0x0800029f   Thumb Code     0  startup_stm32f10x_md.o(.text)
    __user_initial_stackheap                 0x080002a1   Thumb Code     0  startup_stm32f10x_md.o(.text)
    malloc                                   0x080002c5   Thumb Code    94  h1_alloc.o(.text)
    free                                     0x08000323   Thumb Code    78  h1_free.o(.text)
    vsnprintf                                0x08000371   Thumb Code    48  vsnprintf.o(.text)
    __2sprintf                               0x080003a5   Thumb Code    38  __2sprintf.o(.text)
    _printf_str                              0x080003d1   Thumb Code    82  _printf_str.o(.text)
    __printf                                 0x08000425   Thumb Code   388  __printf_flags_ss_wp.o(.text)
    strcpy                                   0x080005ad   Thumb Code    72  strcpy.o(.text)
    strlen                                   0x080005f5   Thumb Code    62  strlen.o(.text)
    __aeabi_memcpy                           0x08000633   Thumb Code     0  rt_memcpy_v6.o(.text)
    __rt_memcpy                              0x08000633   Thumb Code   138  rt_memcpy_v6.o(.text)
    _memcpy_lastbytes                        0x08000699   Thumb Code     0  rt_memcpy_v6.o(.text)
    __aeabi_memcpy4                          0x080006bd   Thumb Code     0  rt_memcpy_w.o(.text)
    __aeabi_memcpy8                          0x080006bd   Thumb Code     0  rt_memcpy_w.o(.text)
    __rt_memcpy_w                            0x080006bd   Thumb Code   100  rt_memcpy_w.o(.text)
    _memcpy_lastbytes_aligned                0x08000705   Thumb Code     0  rt_memcpy_w.o(.text)
    __aeabi_memclr                           0x08000721   Thumb Code     0  rt_memclr.o(.text)
    __rt_memclr                              0x08000721   Thumb Code    68  rt_memclr.o(.text)
    _memset                                  0x08000725   Thumb Code     0  rt_memclr.o(.text)
    __aeabi_memclr4                          0x08000765   Thumb Code     0  rt_memclr_w.o(.text)
    __aeabi_memclr8                          0x08000765   Thumb Code     0  rt_memclr_w.o(.text)
    __rt_memclr_w                            0x08000765   Thumb Code    78  rt_memclr_w.o(.text)
    _memset_w                                0x08000769   Thumb Code     0  rt_memclr_w.o(.text)
    strncpy                                  0x080007b3   Thumb Code    86  strncpy.o(.text)
    strcmp                                   0x08000809   Thumb Code   128  strcmpv7m.o(.text)
    __use_two_region_memory                  0x08000889   Thumb Code     2  heapauxi.o(.text)
    __rt_heap_escrow                         0x0800088b   Thumb Code     2  heapauxi.o(.text)
    __rt_heap_expand                         0x0800088d   Thumb Code     2  heapauxi.o(.text)
    __rt_heap_descriptor                     0x08000891   Thumb Code     8  rt_heap_descriptor_intlibspace.o(.text)
    __use_no_heap                            0x08000899   Thumb Code     2  hguard.o(.text)
    __heap$guard                             0x0800089b   Thumb Code     2  hguard.o(.text)
    _terminate_user_alloc                    0x0800089d   Thumb Code     2  init_alloc.o(.text)
    _init_user_alloc                         0x0800089f   Thumb Code     2  init_alloc.o(.text)
    __Heap_Full                              0x080008a1   Thumb Code    34  init_alloc.o(.text)
    __Heap_Broken                            0x080008c3   Thumb Code     6  init_alloc.o(.text)
    _init_alloc                              0x080008c9   Thumb Code    94  init_alloc.o(.text)
    __Heap_Initialize                        0x08000927   Thumb Code    10  h1_init.o(.text)
    __Heap_DescSize                          0x08000931   Thumb Code     4  h1_init.o(.text)
    _printf_pre_padding                      0x08000935   Thumb Code    44  _printf_pad.o(.text)
    _printf_post_padding                     0x08000961   Thumb Code    34  _printf_pad.o(.text)
    _printf_truncate_signed                  0x08000983   Thumb Code    18  _printf_truncate.o(.text)
    _printf_truncate_unsigned                0x08000995   Thumb Code    18  _printf_truncate.o(.text)
    _printf_int_dec                          0x080009a9   Thumb Code   104  _printf_dec.o(.text)
    _printf_charcount                        0x08000a21   Thumb Code    40  _printf_charcount.o(.text)
    __lib_sel_fp_printf                      0x08000a49   Thumb Code     2  _printf_fp_dec.o(.text)
    _printf_fp_dec_real                      0x08000bf7   Thumb Code   620  _printf_fp_dec.o(.text)
    _printf_char_common                      0x08000e6f   Thumb Code    32  _printf_char_common.o(.text)
    _sputc                                   0x08000e95   Thumb Code    10  _sputc.o(.text)
    _snputc                                  0x08000e9f   Thumb Code    16  _snputc.o(.text)
    _printf_cs_common                        0x08000eaf   Thumb Code    20  _printf_char.o(.text)
    _printf_char                             0x08000ec3   Thumb Code    16  _printf_char.o(.text)
    _printf_string                           0x08000ed3   Thumb Code     8  _printf_char.o(.text)
    _printf_wctomb                           0x08000edd   Thumb Code   182  _printf_wctomb.o(.text)
    _printf_longlong_dec                     0x08000f99   Thumb Code   108  _printf_longlong_dec.o(.text)
    _printf_longlong_oct                     0x08001015   Thumb Code    68  _printf_oct_int_ll.o(.text)
    _printf_int_oct                          0x08001059   Thumb Code    24  _printf_oct_int_ll.o(.text)
    _printf_ll_oct                           0x08001071   Thumb Code    12  _printf_oct_int_ll.o(.text)
    _printf_longlong_hex                     0x08001085   Thumb Code    86  _printf_hex_int_ll_ptr.o(.text)
    _printf_int_hex                          0x080010db   Thumb Code    28  _printf_hex_int_ll_ptr.o(.text)
    _printf_ll_hex                           0x080010f7   Thumb Code    12  _printf_hex_int_ll_ptr.o(.text)
    _printf_hex_ptr                          0x08001103   Thumb Code    18  _printf_hex_int_ll_ptr.o(.text)
    __user_libspace                          0x08001119   Thumb Code     8  libspace.o(.text)
    __user_perproc_libspace                  0x08001119   Thumb Code     0  libspace.o(.text)
    __user_perthread_libspace                0x08001119   Thumb Code     0  libspace.o(.text)
    __rt_locale                              0x08001121   Thumb Code     8  rt_locale_intlibspace.o(.text)
    __Heap_ProvideMemory                     0x08001129   Thumb Code    52  h1_extend.o(.text)
    _ll_udiv10                               0x0800115d   Thumb Code   138  lludiv10.o(.text)
    _printf_int_common                       0x080011e7   Thumb Code   178  _printf_intcommon.o(.text)
    _printf_fp_hex_real                      0x08001299   Thumb Code   754  _printf_fp_hex.o(.text)
    _printf_fp_infnan                        0x08001595   Thumb Code   112  _printf_fp_infnan.o(.text)
    _printf_lcs_common                       0x08001615   Thumb Code    20  _printf_wchar.o(.text)
    _printf_wchar                            0x08001629   Thumb Code    16  _printf_wchar.o(.text)
    _printf_wstring                          0x08001639   Thumb Code     8  _printf_wchar.o(.text)
    _btod_etento                             0x08001641   Thumb Code   216  bigflt0.o(.text)
    _wcrtomb                                 0x0800171d   Thumb Code    64  _wcrtomb.o(.text)
    __rt_SIGRTMEM                            0x0800175d   Thumb Code    14  defsig_rtmem_outer.o(.text)
    __I$use$semihosting                      0x0800176b   Thumb Code     0  use_no_semi.o(.text)
    __use_no_semihosting_swi                 0x0800176b   Thumb Code     2  use_no_semi.o(.text)
    __semihosting_library_function           0x0800176d   Thumb Code     0  indicate_semi.o(.text)
    __user_setup_stackheap                   0x0800176d   Thumb Code    74  sys_stackheap_outer.o(.text)
    __rt_ctype_table                         0x080017b9   Thumb Code    16  rt_ctype_table.o(.text)
    exit                                     0x080017c9   Thumb Code    12  exit.o(.text)
    __sig_exit                               0x080017d5   Thumb Code    10  defsig_exit.o(.text)
    __rt_SIGRTMEM_inner                      0x080017e1   Thumb Code    22  defsig_rtmem_inner.o(.text)
    _sys_exit                                0x08001831   Thumb Code     8  sys_exit.o(.text)
    __default_signal_display                 0x0800183d   Thumb Code    50  defsig_general.o(.text)
    _ttywrch                                 0x0800186f   Thumb Code    14  sys_wrch.o(.text)
    _btod_d2e                                0x0800187d   Thumb Code    62  btod.o(CL$$btod_d2e)
    _d2e_denorm_low                          0x080018bb   Thumb Code    70  btod.o(CL$$btod_d2e_denorm_low)
    _d2e_norm_op1                            0x08001901   Thumb Code    96  btod.o(CL$$btod_d2e_norm_op1)
    __btod_div_common                        0x08001961   Thumb Code   696  btod.o(CL$$btod_div_common)
    _e2e                                     0x08001c99   Thumb Code   198  btod.o(CL$$btod_e2e)
    _btod_ediv                               0x08001d5f   Thumb Code    40  btod.o(CL$$btod_ediv)
    _btod_emul                               0x08001d87   Thumb Code    40  btod.o(CL$$btod_emul)
    __btod_mult_common                       0x08001daf   Thumb Code   580  btod.o(CL$$btod_mult_common)
    ADC1_GPIO_Config                         0x08001ff5   Thumb Code    32  adc.o(i.ADC1_GPIO_Config)
    ADC_Cmd                                  0x08002019   Thumb Code    22  stm32f10x_adc.o(i.ADC_Cmd)
    ADC_GetCalibrationStatus                 0x0800202f   Thumb Code    20  stm32f10x_adc.o(i.ADC_GetCalibrationStatus)
    ADC_GetConversionValue                   0x08002043   Thumb Code     8  stm32f10x_adc.o(i.ADC_GetConversionValue)
    ADC_GetFlagStatus                        0x0800204b   Thumb Code    18  stm32f10x_adc.o(i.ADC_GetFlagStatus)
    ADC_GetResetCalibrationStatus            0x0800205d   Thumb Code    20  stm32f10x_adc.o(i.ADC_GetResetCalibrationStatus)
    ADC_Init                                 0x08002071   Thumb Code    70  stm32f10x_adc.o(i.ADC_Init)
    ADC_RegularChannelConfig                 0x080020c1   Thumb Code   184  stm32f10x_adc.o(i.ADC_RegularChannelConfig)
    ADC_ResetCalibration                     0x08002179   Thumb Code    10  stm32f10x_adc.o(i.ADC_ResetCalibration)
    ADC_SoftwareStartConvCmd                 0x08002183   Thumb Code    22  stm32f10x_adc.o(i.ADC_SoftwareStartConvCmd)
    ADC_StartCalibration                     0x08002199   Thumb Code    10  stm32f10x_adc.o(i.ADC_StartCalibration)
    ADCinit                                  0x080021a3   Thumb Code    12  adc.o(i.ADCinit)
    Adc1_Init                                0x080021b1   Thumb Code   114  adc.o(i.Adc1_Init)
    GPIO_Init                                0x0800281d   Thumb Code   278  stm32f10x_gpio.o(i.GPIO_Init)
    GPIO_PinRemapConfig                      0x08002935   Thumb Code   138  stm32f10x_gpio.o(i.GPIO_PinRemapConfig)
    GPIO_ReadOutputDataBit                   0x080029c5   Thumb Code    18  stm32f10x_gpio.o(i.GPIO_ReadOutputDataBit)
    GPIO_ResetBits                           0x080029d7   Thumb Code     4  stm32f10x_gpio.o(i.GPIO_ResetBits)
    GPIO_SetBits                             0x080029db   Thumb Code     4  stm32f10x_gpio.o(i.GPIO_SetBits)
    GPIO_WriteBit                            0x080029df   Thumb Code    10  stm32f10x_gpio.o(i.GPIO_WriteBit)
    Get_Adc                                  0x080029e9   Thumb Code    32  adc.o(i.Get_Adc)
    GimbalEmu_ControlSpeed                   0x08002b35   Thumb Code   152  test_payload_gimbal_emu.o(i.GimbalEmu_ControlSpeed)
    GimbalEmu_GetGimbalParam                 0x08002c3d   Thumb Code   556  test_payload_gimbal_emu.o(i.GimbalEmu_GetGimbalParam)
    GimbalEmu_ReturnHead                     0x08002ea1   Thumb Code    32  test_payload_gimbal_emu.o(i.GimbalEmu_ReturnHead)
    GimbalEmu_SetGimbalMode                  0x08002eed   Thumb Code    26  test_payload_gimbal_emu.o(i.GimbalEmu_SetGimbalMode)
    GimbalEmu_StartCalibration               0x08002f31   Thumb Code    20  test_payload_gimbal_emu.o(i.GimbalEmu_StartCalibration)
    LED_Control                              0x08002f71   Thumb Code    84  led_button_switch.o(i.LED_Control)
    LED_Init                                 0x08002fc9   Thumb Code    38  led_button_switch.o(i.LED_Init)
    LOG_Init                                 0x08002ff5   Thumb Code    20  log_printf.o(i.LOG_Init)
    MotorDriverGPIO_Init                     0x0800300d   Thumb Code    64  motordriver.o(i.MotorDriverGPIO_Init)
    NVIC_Init                                0x0800317d   Thumb Code   100  misc.o(i.NVIC_Init)
    PsdkAes_Decrypt                          0x08003309   Thumb Code   112  psdk_aes.o(i.PsdkAes_Decrypt)
    PsdkAes_Encrypt                          0x08003399   Thumb Code   112  psdk_aes.o(i.PsdkAes_Encrypt)
    PsdkAes_SetupDecrypt                     0x08003fb9   Thumb Code   634  psdk_aes.o(i.PsdkAes_SetupDecrypt)
    PsdkAppFunc_Init                         0x08004699   Thumb Code    62  psdk_app_func.o(i.PsdkAppFunc_Init)
    PsdkAppFunc_PushMsgToFloatingWindow      0x080046f1   Thumb Code    94  psdk_app_func.o(i.PsdkAppFunc_PushMsgToFloatingWindow)
    PsdkAppFunc_RegGetWidgetValueCallback    0x08004751   Thumb Code    10  psdk_app_func.o(i.PsdkAppFunc_RegGetWidgetValueCallback)
    PsdkAppFunc_RegSetWidgetValueCallback    0x08004761   Thumb Code    10  psdk_app_func.o(i.PsdkAppFunc_RegSetWidgetValueCallback)
    PsdkAppFunc_SetReceiveFromAppCallback    0x08004771   Thumb Code    10  psdk_app_func.o(i.PsdkAppFunc_SetReceiveFromAppCallback)
    PsdkAppFunc_SetWidgetList                0x08004781   Thumb Code    14  psdk_app_func.o(i.PsdkAppFunc_SetWidgetList)
    PsdkAppFunc_TransferToApp                0x08004799   Thumb Code   172  psdk_app_func.o(i.PsdkAppFunc_TransferToApp)
    PsdkCrc_Crc16                            0x08004845   Thumb Code    74  psdk_crc.o(i.PsdkCrc_Crc16)
    PsdkCrc_Crc32                            0x080048b5   Thumb Code    76  psdk_crc.o(i.PsdkCrc_Crc32)
    PsdkDebug_AssertFailed                   0x08004925   Thumb Code    20  psdk_debug.o(i.PsdkDebug_AssertFailed)
    PsdkGimbal_Init                          0x08004971   Thumb Code    48  psdk_payload_gimbal.o(i.PsdkGimbal_Init)
    PsdkMotorTest                            0x080049ad   Thumb Code   106  application.o(i.PsdkMotorTest)
    PsdkMsgSub_Init                          0x08004a5d   Thumb Code    38  psdk_msg_subcribe.o(i.PsdkMsgSub_Init)
    PsdkMsgSub_RegMsgCallbackList            0x08004a8d   Thumb Code    20  psdk_msg_subcribe.o(i.PsdkMsgSub_RegMsgCallbackList)
    PsdkProcessRec                           0x08004c5d   Thumb Code    32  application.o(i.PsdkProcessRec)
    PsdkProtParse_AddByte                    0x08004c85   Thumb Code   224  psdk_proto_parse.o(i.PsdkProtParse_AddByte)
    PsdkProtParse_Init                       0x08004d6d   Thumb Code     8  psdk_proto_parse.o(i.PsdkProtParse_Init)
    PsdkProt_GetCurrentSendSeq               0x08004d75   Thumb Code    18  psdk_proto.o(i.PsdkProt_GetCurrentSendSeq)
    PsdkProto_DealCmd                        0x08004e71   Thumb Code   236  psdk_proto.o(i.PsdkProto_DealCmd)
    PsdkProto_Init                           0x08005183   Thumb Code    78  psdk_proto.o(i.PsdkProto_Init)
    PsdkProto_ProcessReceiveData             0x080051d1   Thumb Code   110  psdk_proto.o(i.PsdkProto_ProcessReceiveData)
    PsdkProto_RegCmdSetHandler               0x08005309   Thumb Code   114  psdk_proto.o(i.PsdkProto_RegCmdSetHandler)
    PsdkProto_RegSendDataFunc                0x0800537b   Thumb Code    16  psdk_proto.o(i.PsdkProto_RegSendDataFunc)
    PsdkProto_Send                           0x0800538b   Thumb Code    64  psdk_proto.o(i.PsdkProto_Send)
    PsdkProto_SendAckData                    0x080053cb   Thumb Code    62  psdk_proto.o(i.PsdkProto_SendAckData)
    PsdkUpper_Init                           0x08005409   Thumb Code   100  psdk_upper.o(i.PsdkUpper_Init)
    PsdkUpper_ProcessReceiveData             0x08005479   Thumb Code    20  psdk_upper.o(i.PsdkUpper_ProcessReceiveData)
    PsdkUpper_RegSendFunction                0x0800548d   Thumb Code    16  psdk_upper.o(i.PsdkUpper_RegSendFunction)
    Psdk_Read                                0x0800549d   Thumb Code    22  application.o(i.Psdk_Read)
    Psdk_Write                               0x080054b3   Thumb Code    20  application.o(i.Psdk_Write)
    RCC_ADCCLKConfig                         0x080054c9   Thumb Code    18  stm32f10x_rcc.o(i.RCC_ADCCLKConfig)
    RCC_APB1PeriphClockCmd                   0x080054e1   Thumb Code    26  stm32f10x_rcc.o(i.RCC_APB1PeriphClockCmd)
    RCC_APB1PeriphResetCmd                   0x08005501   Thumb Code    26  stm32f10x_rcc.o(i.RCC_APB1PeriphResetCmd)
    RCC_APB2PeriphClockCmd                   0x08005521   Thumb Code    26  stm32f10x_rcc.o(i.RCC_APB2PeriphClockCmd)
    RCC_APB2PeriphResetCmd                   0x08005541   Thumb Code    26  stm32f10x_rcc.o(i.RCC_APB2PeriphResetCmd)
    RCC_Configuration                        0x08005561   Thumb Code    90  main.o(i.RCC_Configuration)
    RCC_DeInit                               0x080055bd   Thumb Code    64  stm32f10x_rcc.o(i.RCC_DeInit)
    RCC_GetClocksFreq                        0x08005609   Thumb Code   192  stm32f10x_rcc.o(i.RCC_GetClocksFreq)
    RCC_GetFlagStatus                        0x080056dd   Thumb Code    56  stm32f10x_rcc.o(i.RCC_GetFlagStatus)
    RCC_GetSYSCLKSource                      0x08005719   Thumb Code    10  stm32f10x_rcc.o(i.RCC_GetSYSCLKSource)
    RCC_HCLKConfig                           0x08005729   Thumb Code    18  stm32f10x_rcc.o(i.RCC_HCLKConfig)
    RCC_HSICmd                               0x08005741   Thumb Code     6  stm32f10x_rcc.o(i.RCC_HSICmd)
    RCC_PCLK1Config                          0x0800574d   Thumb Code    18  stm32f10x_rcc.o(i.RCC_PCLK1Config)
    RCC_PCLK2Config                          0x08005765   Thumb Code    20  stm32f10x_rcc.o(i.RCC_PCLK2Config)
    RCC_PLLCmd                               0x0800577d   Thumb Code     6  stm32f10x_rcc.o(i.RCC_PLLCmd)
    RCC_PLLConfig                            0x08005789   Thumb Code    24  stm32f10x_rcc.o(i.RCC_PLLConfig)
    RCC_SYSCLKConfig                         0x080057a5   Thumb Code    18  stm32f10x_rcc.o(i.RCC_SYSCLKConfig)
    RingBuf_Get                              0x080057db   Thumb Code   116  dji_ringbuffer.o(i.RingBuf_Get)
    RingBuf_Init                             0x0800584f   Thumb Code    36  dji_ringbuffer.o(i.RingBuf_Init)
    RingBuf_Put                              0x08005873   Thumb Code   124  dji_ringbuffer.o(i.RingBuf_Put)
    SystemInit                               0x08005a09   Thumb Code    78  system_stm32f10x.o(i.SystemInit)
    TIM4_IRQHandler                          0x08005a69   Thumb Code   170  motordriver.o(i.TIM4_IRQHandler)
    TIM4_init                                0x08005b2d   Thumb Code   104  motordriver.o(i.TIM4_init)
    TIM_ARRPreloadConfig                     0x08005b99   Thumb Code    24  stm32f10x_tim.o(i.TIM_ARRPreloadConfig)
    TIM_ClearITPendingBit                    0x08005bb1   Thumb Code     6  stm32f10x_tim.o(i.TIM_ClearITPendingBit)
    TIM_Cmd                                  0x08005bb7   Thumb Code    24  stm32f10x_tim.o(i.TIM_Cmd)
    TIM_DeInit                               0x08005bd1   Thumb Code   424  stm32f10x_tim.o(i.TIM_DeInit)
    TIM_GetITStatus                          0x08005db9   Thumb Code    34  stm32f10x_tim.o(i.TIM_GetITStatus)
    TIM_ITConfig                             0x08005ddb   Thumb Code    18  stm32f10x_tim.o(i.TIM_ITConfig)
    TIM_TimeBaseInit                         0x08005ded   Thumb Code   122  stm32f10x_tim.o(i.TIM_TimeBaseInit)
    Test_GetWidgetValueFunc                  0x08005e91   Thumb Code    20  test_app_func.o(i.Test_GetWidgetValueFunc)
    Test_ReceiveFromMobileSDKFunc            0x08005ea9   Thumb Code    34  test_app_func.o(i.Test_ReceiveFromMobileSDKFunc)
    Test_SetWidgetValueFunc                  0x08005ee5   Thumb Code   118  test_app_func.o(i.Test_SetWidgetValueFunc)
    TurnDownMotro                            0x08005f8d   Thumb Code    26  motordriver.o(i.TurnDownMotro)
    TurnOFFMotro                             0x08005fad   Thumb Code    28  motordriver.o(i.TurnOFFMotro)
    TurnUpMotro                              0x08005fcd   Thumb Code    26  motordriver.o(i.TurnUpMotro)
    UART_Init                                0x08005fed   Thumb Code   528  uart.o(i.UART_Init)
    UART_Printf                              0x08006241   Thumb Code    62  log_printf.o(i.UART_Printf)
    UART_Read                                0x08006285   Thumb Code    80  uart.o(i.UART_Read)
    UART_Write                               0x080062e1   Thumb Code   116  uart.o(i.UART_Write)
    USART1_IRQHandler                        0x0800636d   Thumb Code    84  uart.o(i.USART1_IRQHandler)
    USART2_IRQHandler                        0x080063cd   Thumb Code    84  uart.o(i.USART2_IRQHandler)
    USART3_IRQHandler                        0x0800642d   Thumb Code    84  uart.o(i.USART3_IRQHandler)
    USART_Cmd                                0x0800648d   Thumb Code    24  stm32f10x_usart.o(i.USART_Cmd)
    USART_GetITStatus                        0x080064a5   Thumb Code    84  stm32f10x_usart.o(i.USART_GetITStatus)
    USART_ITConfig                           0x080064f9   Thumb Code    74  stm32f10x_usart.o(i.USART_ITConfig)
    USART_Init                               0x08006545   Thumb Code   210  stm32f10x_usart.o(i.USART_Init)
    USART_ReceiveData                        0x0800661d   Thumb Code    10  stm32f10x_usart.o(i.USART_ReceiveData)
    USART_SendData                           0x08006627   Thumb Code     8  stm32f10x_usart.o(i.USART_SendData)
    __ARM_fpclassify                         0x0800662f   Thumb Code    40  fpclassify.o(i.__ARM_fpclassify)
    _is_digit                                0x08006657   Thumb Code    14  __printf_wp.o(i._is_digit)
    application_init                         0x08006669   Thumb Code   118  application.o(i.application_init)
    main                                     0x0800671d   Thumb Code   126  main.o(i.main)
    md5_final                                0x080067d9   Thumb Code   234  psdk_md5.o(i.md5_final)
    md5_init                                 0x080068c5   Thumb Code    30  psdk_md5.o(i.md5_init)
    md5_transform                            0x080068ed   Thumb Code  2434  psdk_md5.o(i.md5_transform)
    md5_update                               0x0800736d   Thumb Code    68  psdk_md5.o(i.md5_update)
    _get_lc_numeric                          0x080073b9   Thumb Code    44  lc_numeric_c.o(locale$$code)
    _get_lc_ctype                            0x080073e5   Thumb Code    44  lc_ctype_c.o(locale$$code)
    __aeabi_d2f                              0x08007411   Thumb Code     0  d2f.o(x$fpl$d2f)
    _d2f                                     0x08007411   Thumb Code    98  d2f.o(x$fpl$d2f)
    __aeabi_dadd                             0x08007475   Thumb Code     0  daddsub_clz.o(x$fpl$dadd)
    _dadd                                    0x08007475   Thumb Code   332  daddsub_clz.o(x$fpl$dadd)
    __aeabi_ddiv                             0x080075c5   Thumb Code     0  ddiv.o(x$fpl$ddiv)
    _ddiv                                    0x080075c5   Thumb Code   552  ddiv.o(x$fpl$ddiv)
    __aeabi_d2iz                             0x08007875   Thumb Code     0  dfix.o(x$fpl$dfix)
    _dfix                                    0x08007875   Thumb Code    94  dfix.o(x$fpl$dfix)
    __aeabi_i2d                              0x080078d3   Thumb Code     0  dflt_clz.o(x$fpl$dflt)
    _dflt                                    0x080078d3   Thumb Code    46  dflt_clz.o(x$fpl$dflt)
    __aeabi_ui2d                             0x08007901   Thumb Code     0  dflt_clz.o(x$fpl$dfltu)
    _dfltu                                   0x08007901   Thumb Code    38  dflt_clz.o(x$fpl$dfltu)
    __aeabi_dmul                             0x08007929   Thumb Code     0  dmul.o(x$fpl$dmul)
    _dmul                                    0x08007929   Thumb Code   332  dmul.o(x$fpl$dmul)
    __fpl_dnaninf                            0x08007a7d   Thumb Code   156  dnaninf.o(x$fpl$dnaninf)
    __fpl_dretinf                            0x08007b19   Thumb Code    12  dretinf.o(x$fpl$dretinf)
    __aeabi_dsub                             0x08007b25   Thumb Code     0  daddsub_clz.o(x$fpl$dsub)
    _dsub                                    0x08007b25   Thumb Code   464  daddsub_clz.o(x$fpl$dsub)
    __aeabi_f2d                              0x08007cf9   Thumb Code     0  f2d.o(x$fpl$f2d)
    _f2d                                     0x08007cf9   Thumb Code    86  f2d.o(x$fpl$f2d)
    __fpl_fnaninf                            0x08007d4f   Thumb Code   140  fnaninf.o(x$fpl$fnaninf)
    __fpl_fretinf                            0x08007ddb   Thumb Code    10  fretinf.o(x$fpl$fretinf)
    _printf_fp_dec                           0x08007de5   Thumb Code     4  printf1.o(x$fpl$printf1)
    _printf_fp_hex                           0x08007de9   Thumb Code     4  printf2.o(x$fpl$printf2)
    __I$use$fp                               0x08007dec   Number         0  usenofp.o(x$fpl$usenofp)
    g_TestWidgetCount                        0x08008ae4   Data           1  test_app_func.o(.constdata)
    g_PushDataMsgCallbackList                0x08008b1c   Data          36  test_msg_push.o(.constdata)
    g_testGimbalHandler                      0x08008b40   Data          20  test_payload_gimbal_emu.o(.constdata)
    Region$$Table$$Base                      0x08008e60   Number         0  anon$$obj.o(Region$$Table)
    Region$$Table$$Limit                     0x08008e80   Number         0  anon$$obj.o(Region$$Table)
    __ctype                                  0x08008ea9   Data           0  lc_ctype_c.o(locale$$data)
    task_Run_couter                          0x20000004   Data           4  motordriver.o(.data)
    task_Run_flag                            0x20000008   Data           1  motordriver.o(.data)
    Motor_Run_couter                         0x2000000c   Data           4  motordriver.o(.data)
    Motor_Run_flag                           0x20000010   Data           1  motordriver.o(.data)
    Motor_Direction_flag                     0x20000011   Data           1  motordriver.o(.data)
    LastDirectionFlag                        0x20000012   Data           1  motordriver.o(.data)
    LED_Open_Flag                            0x20000013   Data           1  motordriver.o(.data)
    ADC_value                                0x20000014   Data           4  adc.o(.data)
    switch1Val                               0x20000444   Data           4  test_app_func.o(.data)
    LastSwitch1Val                           0x20000448   Data           4  test_app_func.o(.data)
    g_TestWidgetList                         0x2000044c   Data           4  test_app_func.o(.data)
    SYSclock                                 0x20000460   Data          20  main.o(.bss)
    s_psdkUpperHandle                        0x20000474   Data        1040  application.o(.bss)
    __libspace_start                         0x20002050   Data          96  libspace.o(.bss)
    __temporary_stack_top$libspace           0x200020b0   Data           0  libspace.o(.bss)



==============================================================================

Memory Map of the image

  Image Entry point : 0x080000ed

  Load Region LR_IROM1 (Base: 0x08000000, Size: 0x0000940c, Max: 0x00010000, ABSOLUTE, COMPRESSED[0x000093d8])

    Execution Region ER_IROM1 (Base: 0x08000000, Size: 0x00008fac, Max: 0x00010000, ABSOLUTE)

    Base Addr    Size         Type   Attr      Idx    E Section Name        Object

    0x08000000   0x000000ec   Data   RO         3569    RESET               startup_stm32f10x_md.o
    0x080000ec   0x00000008   Code   RO         3735  * !!!main             c_w.l(__main.o)
    0x080000f4   0x00000034   Code   RO         4108    !!!scatter          c_w.l(__scatter.o)
    0x08000128   0x00000064   Code   RO         4106    !!dclz77c           c_w.l(__dclz77c.o)
    0x0800018c   0x0000001c   Code   RO         4110    !!handler_zi        c_w.l(__scatter_zi.o)
    0x080001a8   0x00000000   Code   RO         3716    .ARM.Collect$$_printf_percent$$00000000  c_w.l(_printf_percent.o)
    0x080001a8   0x00000006   Code   RO         3844    .ARM.Collect$$_printf_percent$$00000001  c_w.l(_printf_n.o)
    0x080001ae   0x00000006   Code   RO         3846    .ARM.Collect$$_printf_percent$$00000002  c_w.l(_printf_p.o)
    0x080001b4   0x00000006   Code   RO         3715    .ARM.Collect$$_printf_percent$$00000003  c_w.l(_printf_f.o)
    0x080001ba   0x00000006   Code   RO         3851    .ARM.Collect$$_printf_percent$$00000004  c_w.l(_printf_e.o)
    0x080001c0   0x00000006   Code   RO         3852    .ARM.Collect$$_printf_percent$$00000005  c_w.l(_printf_g.o)
    0x080001c6   0x00000006   Code   RO         3853    .ARM.Collect$$_printf_percent$$00000006  c_w.l(_printf_a.o)
    0x080001cc   0x0000000a   Code   RO         3858    .ARM.Collect$$_printf_percent$$00000007  c_w.l(_printf_ll.o)
    0x080001d6   0x00000006   Code   RO         3848    .ARM.Collect$$_printf_percent$$00000008  c_w.l(_printf_i.o)
    0x080001dc   0x00000006   Code   RO         3849    .ARM.Collect$$_printf_percent$$00000009  c_w.l(_printf_d.o)
    0x080001e2   0x00000006   Code   RO         3850    .ARM.Collect$$_printf_percent$$0000000A  c_w.l(_printf_u.o)
    0x080001e8   0x00000006   Code   RO         3847    .ARM.Collect$$_printf_percent$$0000000B  c_w.l(_printf_o.o)
    0x080001ee   0x00000006   Code   RO         3845    .ARM.Collect$$_printf_percent$$0000000C  c_w.l(_printf_x.o)
    0x080001f4   0x00000006   Code   RO         3855    .ARM.Collect$$_printf_percent$$0000000D  c_w.l(_printf_lli.o)
    0x080001fa   0x00000006   Code   RO         3856    .ARM.Collect$$_printf_percent$$0000000E  c_w.l(_printf_lld.o)
    0x08000200   0x00000006   Code   RO         3857    .ARM.Collect$$_printf_percent$$0000000F  c_w.l(_printf_llu.o)
    0x08000206   0x00000006   Code   RO         3862    .ARM.Collect$$_printf_percent$$00000010  c_w.l(_printf_llo.o)
    0x0800020c   0x00000006   Code   RO         3863    .ARM.Collect$$_printf_percent$$00000011  c_w.l(_printf_llx.o)
    0x08000212   0x0000000a   Code   RO         3859    .ARM.Collect$$_printf_percent$$00000012  c_w.l(_printf_l.o)
    0x0800021c   0x00000006   Code   RO         3843    .ARM.Collect$$_printf_percent$$00000013  c_w.l(_printf_c.o)
    0x08000222   0x00000006   Code   RO         3714    .ARM.Collect$$_printf_percent$$00000014  c_w.l(_printf_s.o)
    0x08000228   0x00000006   Code   RO         3860    .ARM.Collect$$_printf_percent$$00000015  c_w.l(_printf_lc.o)
    0x0800022e   0x00000006   Code   RO         3861    .ARM.Collect$$_printf_percent$$00000016  c_w.l(_printf_ls.o)
    0x08000234   0x00000004   Code   RO         3854    .ARM.Collect$$_printf_percent$$00000017  c_w.l(_printf_percent_end.o)
    0x08000238   0x00000002   Code   RO         4043    .ARM.Collect$$libinit$$00000000  c_w.l(libinit.o)
    0x0800023a   0x00000000   Code   RO         3867    .ARM.Collect$$libinit$$00000002  c_w.l(libinit2.o)
    0x0800023a   0x00000000   Code   RO         3869    .ARM.Collect$$libinit$$00000004  c_w.l(libinit2.o)
    0x0800023a   0x00000008   Code   RO         3870    .ARM.Collect$$libinit$$00000005  c_w.l(libinit2.o)
    0x08000242   0x00000000   Code   RO         3872    .ARM.Collect$$libinit$$0000000A  c_w.l(libinit2.o)
    0x08000242   0x00000000   Code   RO         3874    .ARM.Collect$$libinit$$0000000C  c_w.l(libinit2.o)
    0x08000242   0x00000000   Code   RO         3876    .ARM.Collect$$libinit$$0000000E  c_w.l(libinit2.o)
    0x08000242   0x00000006   Code   RO         3877    .ARM.Collect$$libinit$$0000000F  c_w.l(libinit2.o)
    0x08000248   0x00000000   Code   RO         3879    .ARM.Collect$$libinit$$00000011  c_w.l(libinit2.o)
    0x08000248   0x0000000c   Code   RO         3880    .ARM.Collect$$libinit$$00000012  c_w.l(libinit2.o)
    0x08000254   0x00000000   Code   RO         3881    .ARM.Collect$$libinit$$00000013  c_w.l(libinit2.o)
    0x08000254   0x00000000   Code   RO         3883    .ARM.Collect$$libinit$$00000015  c_w.l(libinit2.o)
    0x08000254   0x0000000a   Code   RO         3884    .ARM.Collect$$libinit$$00000016  c_w.l(libinit2.o)
    0x0800025e   0x00000000   Code   RO         3885    .ARM.Collect$$libinit$$00000017  c_w.l(libinit2.o)
    0x0800025e   0x00000000   Code   RO         3887    .ARM.Collect$$libinit$$00000019  c_w.l(libinit2.o)
    0x0800025e   0x00000000   Code   RO         3889    .ARM.Collect$$libinit$$0000001B  c_w.l(libinit2.o)
    0x0800025e   0x00000000   Code   RO         3891    .ARM.Collect$$libinit$$0000001D  c_w.l(libinit2.o)
    0x0800025e   0x00000000   Code   RO         3893    .ARM.Collect$$libinit$$0000001F  c_w.l(libinit2.o)
    0x0800025e   0x00000000   Code   RO         3895    .ARM.Collect$$libinit$$00000021  c_w.l(libinit2.o)
    0x0800025e   0x00000000   Code   RO         3897    .ARM.Collect$$libinit$$00000023  c_w.l(libinit2.o)
    0x0800025e   0x00000000   Code   RO         3899    .ARM.Collect$$libinit$$00000025  c_w.l(libinit2.o)
    0x0800025e   0x00000000   Code   RO         3903    .ARM.Collect$$libinit$$0000002C  c_w.l(libinit2.o)
    0x0800025e   0x00000000   Code   RO         3905    .ARM.Collect$$libinit$$0000002E  c_w.l(libinit2.o)
    0x0800025e   0x00000000   Code   RO         3907    .ARM.Collect$$libinit$$00000030  c_w.l(libinit2.o)
    0x0800025e   0x00000000   Code   RO         3909    .ARM.Collect$$libinit$$00000032  c_w.l(libinit2.o)
    0x0800025e   0x00000002   Code   RO         3910    .ARM.Collect$$libinit$$00000033  c_w.l(libinit2.o)
    0x08000260   0x00000002   Code   RO         4103    .ARM.Collect$$libshutdown$$00000000  c_w.l(libshutdown.o)
    0x08000262   0x00000000   Code   RO         4061    .ARM.Collect$$libshutdown$$00000003  c_w.l(libshutdown2.o)
    0x08000262   0x00000000   Code   RO         4064    .ARM.Collect$$libshutdown$$00000006  c_w.l(libshutdown2.o)
    0x08000262   0x00000000   Code   RO         4067    .ARM.Collect$$libshutdown$$00000009  c_w.l(libshutdown2.o)
    0x08000262   0x00000000   Code   RO         4069    .ARM.Collect$$libshutdown$$0000000B  c_w.l(libshutdown2.o)
    0x08000262   0x00000000   Code   RO         4072    .ARM.Collect$$libshutdown$$0000000E  c_w.l(libshutdown2.o)
    0x08000262   0x00000002   Code   RO         4073    .ARM.Collect$$libshutdown$$0000000F  c_w.l(libshutdown2.o)
    0x08000264   0x00000000   Code   RO         3767    .ARM.Collect$$rtentry$$00000000  c_w.l(__rtentry.o)
    0x08000264   0x00000000   Code   RO         3932    .ARM.Collect$$rtentry$$00000002  c_w.l(__rtentry2.o)
    0x08000264   0x00000006   Code   RO         3944    .ARM.Collect$$rtentry$$00000004  c_w.l(__rtentry4.o)
    0x0800026a   0x00000000   Code   RO         3934    .ARM.Collect$$rtentry$$00000009  c_w.l(__rtentry2.o)
    0x0800026a   0x00000004   Code   RO         3935    .ARM.Collect$$rtentry$$0000000A  c_w.l(__rtentry2.o)
    0x0800026e   0x00000000   Code   RO         3937    .ARM.Collect$$rtentry$$0000000C  c_w.l(__rtentry2.o)
    0x0800026e   0x00000008   Code   RO         3938    .ARM.Collect$$rtentry$$0000000D  c_w.l(__rtentry2.o)
    0x08000276   0x00000002   Code   RO         4046    .ARM.Collect$$rtexit$$00000000  c_w.l(rtexit.o)
    0x08000278   0x00000000   Code   RO         4077    .ARM.Collect$$rtexit$$00000002  c_w.l(rtexit2.o)
    0x08000278   0x00000004   Code   RO         4078    .ARM.Collect$$rtexit$$00000003  c_w.l(rtexit2.o)
    0x0800027c   0x00000006   Code   RO         4079    .ARM.Collect$$rtexit$$00000004  c_w.l(rtexit2.o)
    0x08000282   0x00000002   PAD
    0x08000284   0x00000000   Code   RO         3953    .emb_text           c_w.l(maybetermalloc1.o)
    0x08000284   0x00000040   Code   RO         3570    .text               startup_stm32f10x_md.o
    0x080002c4   0x0000005e   Code   RO         3626    .text               c_w.l(h1_alloc.o)
    0x08000322   0x0000004e   Code   RO         3628    .text               c_w.l(h1_free.o)
    0x08000370   0x00000034   Code   RO         3684    .text               c_w.l(vsnprintf.o)
    0x080003a4   0x0000002c   Code   RO         3686    .text               c_w.l(__2sprintf.o)
    0x080003d0   0x00000052   Code   RO         3692    .text               c_w.l(_printf_str.o)
    0x08000422   0x00000002   PAD
    0x08000424   0x00000188   Code   RO         3711    .text               c_w.l(__printf_flags_ss_wp.o)
    0x080005ac   0x00000048   Code   RO         3717    .text               c_w.l(strcpy.o)
    0x080005f4   0x0000003e   Code   RO         3719    .text               c_w.l(strlen.o)
    0x08000632   0x0000008a   Code   RO         3721    .text               c_w.l(rt_memcpy_v6.o)
    0x080006bc   0x00000064   Code   RO         3723    .text               c_w.l(rt_memcpy_w.o)
    0x08000720   0x00000044   Code   RO         3725    .text               c_w.l(rt_memclr.o)
    0x08000764   0x0000004e   Code   RO         3727    .text               c_w.l(rt_memclr_w.o)
    0x080007b2   0x00000056   Code   RO         3729    .text               c_w.l(strncpy.o)
    0x08000808   0x00000080   Code   RO         3731    .text               c_w.l(strcmpv7m.o)
    0x08000888   0x00000006   Code   RO         3733    .text               c_w.l(heapauxi.o)
    0x0800088e   0x00000002   PAD
    0x08000890   0x00000008   Code   RO         3771    .text               c_w.l(rt_heap_descriptor_intlibspace.o)
    0x08000898   0x00000004   Code   RO         3773    .text               c_w.l(hguard.o)
    0x0800089c   0x0000008a   Code   RO         3775    .text               c_w.l(init_alloc.o)
    0x08000926   0x0000000e   Code   RO         3779    .text               c_w.l(h1_init.o)
    0x08000934   0x0000004e   Code   RO         3793    .text               c_w.l(_printf_pad.o)
    0x08000982   0x00000024   Code   RO         3795    .text               c_w.l(_printf_truncate.o)
    0x080009a6   0x00000002   PAD
    0x080009a8   0x00000078   Code   RO         3797    .text               c_w.l(_printf_dec.o)
    0x08000a20   0x00000028   Code   RO         3799    .text               c_w.l(_printf_charcount.o)
    0x08000a48   0x0000041a   Code   RO         3801    .text               c_w.l(_printf_fp_dec.o)
    0x08000e62   0x00000002   PAD
    0x08000e64   0x00000030   Code   RO         3803    .text               c_w.l(_printf_char_common.o)
    0x08000e94   0x0000000a   Code   RO         3805    .text               c_w.l(_sputc.o)
    0x08000e9e   0x00000010   Code   RO         3807    .text               c_w.l(_snputc.o)
    0x08000eae   0x0000002c   Code   RO         3809    .text               c_w.l(_printf_char.o)
    0x08000eda   0x00000002   PAD
    0x08000edc   0x000000bc   Code   RO         3811    .text               c_w.l(_printf_wctomb.o)
    0x08000f98   0x0000007c   Code   RO         3814    .text               c_w.l(_printf_longlong_dec.o)
    0x08001014   0x00000070   Code   RO         3820    .text               c_w.l(_printf_oct_int_ll.o)
    0x08001084   0x00000094   Code   RO         3840    .text               c_w.l(_printf_hex_int_ll_ptr.o)
    0x08001118   0x00000008   Code   RO         3928    .text               c_w.l(libspace.o)
    0x08001120   0x00000008   Code   RO         3949    .text               c_w.l(rt_locale_intlibspace.o)
    0x08001128   0x00000034   Code   RO         3955    .text               c_w.l(h1_extend.o)
    0x0800115c   0x0000008a   Code   RO         3959    .text               c_w.l(lludiv10.o)
    0x080011e6   0x000000b2   Code   RO         3961    .text               c_w.l(_printf_intcommon.o)
    0x08001298   0x000002fc   Code   RO         3963    .text               c_w.l(_printf_fp_hex.o)
    0x08001594   0x00000080   Code   RO         3966    .text               c_w.l(_printf_fp_infnan.o)
    0x08001614   0x0000002c   Code   RO         3970    .text               c_w.l(_printf_wchar.o)
    0x08001640   0x000000dc   Code   RO         3972    .text               c_w.l(bigflt0.o)
    0x0800171c   0x00000040   Code   RO         3997    .text               c_w.l(_wcrtomb.o)
    0x0800175c   0x0000000e   Code   RO         4002    .text               c_w.l(defsig_rtmem_outer.o)
    0x0800176a   0x00000002   Code   RO         4017    .text               c_w.l(use_no_semi.o)
    0x0800176c   0x00000000   Code   RO         4019    .text               c_w.l(indicate_semi.o)
    0x0800176c   0x0000004a   Code   RO         4020    .text               c_w.l(sys_stackheap_outer.o)
    0x080017b6   0x00000002   PAD
    0x080017b8   0x00000010   Code   RO         4022    .text               c_w.l(rt_ctype_table.o)
    0x080017c8   0x0000000c   Code   RO         4028    .text               c_w.l(exit.o)
    0x080017d4   0x0000000a   Code   RO         4030    .text               c_w.l(defsig_exit.o)
    0x080017de   0x00000002   PAD
    0x080017e0   0x00000050   Code   RO         4032    .text               c_w.l(defsig_rtmem_inner.o)
    0x08001830   0x0000000c   Code   RO         4044    .text               c_w.l(sys_exit.o)
    0x0800183c   0x00000032   Code   RO         4057    .text               c_w.l(defsig_general.o)
    0x0800186e   0x0000000e   Code   RO         4074    .text               c_w.l(sys_wrch.o)
    0x0800187c   0x0000003e   Code   RO         3975    CL$$btod_d2e        c_w.l(btod.o)
    0x080018ba   0x00000046   Code   RO         3977    CL$$btod_d2e_denorm_low  c_w.l(btod.o)
    0x08001900   0x00000060   Code   RO         3976    CL$$btod_d2e_norm_op1  c_w.l(btod.o)
    0x08001960   0x00000338   Code   RO         3985    CL$$btod_div_common  c_w.l(btod.o)
    0x08001c98   0x000000c6   Code   RO         3982    CL$$btod_e2e        c_w.l(btod.o)
    0x08001d5e   0x00000028   Code   RO         3979    CL$$btod_ediv       c_w.l(btod.o)
    0x08001d86   0x00000028   Code   RO         3978    CL$$btod_emul       c_w.l(btod.o)
    0x08001dae   0x00000244   Code   RO         3984    CL$$btod_mult_common  c_w.l(btod.o)
    0x08001ff2   0x00000002   PAD
    0x08001ff4   0x00000024   Code   RO          716    i.ADC1_GPIO_Config  adc.o
    0x08002018   0x00000016   Code   RO         1108    i.ADC_Cmd           stm32f10x_adc.o
    0x0800202e   0x00000014   Code   RO         1116    i.ADC_GetCalibrationStatus  stm32f10x_adc.o
    0x08002042   0x00000008   Code   RO         1117    i.ADC_GetConversionValue  stm32f10x_adc.o
    0x0800204a   0x00000012   Code   RO         1119    i.ADC_GetFlagStatus  stm32f10x_adc.o
    0x0800205c   0x00000014   Code   RO         1122    i.ADC_GetResetCalibrationStatus  stm32f10x_adc.o
    0x08002070   0x00000050   Code   RO         1126    i.ADC_Init          stm32f10x_adc.o
    0x080020c0   0x000000b8   Code   RO         1130    i.ADC_RegularChannelConfig  stm32f10x_adc.o
    0x08002178   0x0000000a   Code   RO         1131    i.ADC_ResetCalibration  stm32f10x_adc.o
    0x08002182   0x00000016   Code   RO         1133    i.ADC_SoftwareStartConvCmd  stm32f10x_adc.o
    0x08002198   0x0000000a   Code   RO         1135    i.ADC_StartCalibration  stm32f10x_adc.o
    0x080021a2   0x0000000c   Code   RO          717    i.ADCinit           adc.o
    0x080021ae   0x00000002   PAD
    0x080021b0   0x00000078   Code   RO          718    i.Adc1_Init         adc.o
    0x08002228   0x00000054   Code   RO         2889    i.AppFuncCmd_GetWidgetGroupCount  psdk_app_func.o
    0x0800227c   0x0000026c   Code   RO         2890    i.AppFuncCmd_GetWidgetGroupValue  psdk_app_func.o
    0x080024e8   0x0000003c   Code   RO         2891    i.AppFuncCmd_GetWidgetListLength  psdk_app_func.o
    0x08002524   0x0000013c   Code   RO         2892    i.AppFuncCmd_GetWidgetListValue  psdk_app_func.o
    0x08002660   0x00000058   Code   RO         2893    i.AppFuncCmd_SetWidgetValue  psdk_app_func.o
    0x080026b8   0x00000020   Code   RO         2894    i.AppFuncCmd_TT_AppToLoad  psdk_app_func.o
    0x080026d8   0x00000144   Code   RO          191    i.FillInUserInfo    application.o
    0x0800281c   0x00000116   Code   RO          770    i.GPIO_Init         stm32f10x_gpio.o
    0x08002932   0x00000002   PAD
    0x08002934   0x00000090   Code   RO          772    i.GPIO_PinRemapConfig  stm32f10x_gpio.o
    0x080029c4   0x00000012   Code   RO          776    i.GPIO_ReadOutputDataBit  stm32f10x_gpio.o
    0x080029d6   0x00000004   Code   RO          777    i.GPIO_ResetBits    stm32f10x_gpio.o
    0x080029da   0x00000004   Code   RO          778    i.GPIO_SetBits      stm32f10x_gpio.o
    0x080029de   0x0000000a   Code   RO          781    i.GPIO_WriteBit     stm32f10x_gpio.o
    0x080029e8   0x00000024   Code   RO          719    i.Get_Adc           adc.o
    0x08002a0c   0x00000030   Code   RO         3254    i.GimbalCmd_ControlSpeed  psdk_payload_gimbal.o
    0x08002a3c   0x00000034   Code   RO         3255    i.GimbalCmd_GetGimbalState  psdk_payload_gimbal.o
    0x08002a70   0x00000030   Code   RO         3256    i.GimbalCmd_ReturnHead  psdk_payload_gimbal.o
    0x08002aa0   0x00000030   Code   RO         3257    i.GimbalCmd_SetGimbalMode  psdk_payload_gimbal.o
    0x08002ad0   0x00000030   Code   RO         3258    i.GimbalCmd_StartCalibration  psdk_payload_gimbal.o
    0x08002b00   0x00000034   Code   RO         3259    i.GimbalCmd_SupportState  psdk_payload_gimbal.o
    0x08002b34   0x00000108   Code   RO         3515    i.GimbalEmu_ControlSpeed  test_payload_gimbal_emu.o
    0x08002c3c   0x00000264   Code   RO         3516    i.GimbalEmu_GetGimbalParam  test_payload_gimbal_emu.o
    0x08002ea0   0x0000004c   Code   RO         3517    i.GimbalEmu_ReturnHead  test_payload_gimbal_emu.o
    0x08002eec   0x00000044   Code   RO         3518    i.GimbalEmu_SetGimbalMode  test_payload_gimbal_emu.o
    0x08002f30   0x00000040   Code   RO         3519    i.GimbalEmu_StartCalibration  test_payload_gimbal_emu.o
    0x08002f70   0x00000058   Code   RO          372    i.LED_Control       led_button_switch.o
    0x08002fc8   0x0000002c   Code   RO          373    i.LED_Init          led_button_switch.o
    0x08002ff4   0x00000018   Code   RO          408    i.LOG_Init          log_printf.o
    0x0800300c   0x00000044   Code   RO          592    i.MotorDriverGPIO_Init  motordriver.o
    0x08003050   0x00000020   Code   RO         2983    i.MsgPushCmd_GpsRawData  psdk_msg_subcribe.o
    0x08003070   0x00000020   Code   RO         2984    i.MsgPushCmd_PushAppDateTime  psdk_msg_subcribe.o
    0x08003090   0x00000020   Code   RO         2985    i.MsgPushCmd_PushAttitude  psdk_msg_subcribe.o
    0x080030b0   0x00000020   Code   RO         2986    i.MsgPushCmd_PushBandWidth  psdk_msg_subcribe.o
    0x080030d0   0x00000020   Code   RO         2987    i.MsgPushCmd_PushBaroHeight  psdk_msg_subcribe.o
    0x080030f0   0x0000002c   Code   RO         2988    i.MsgPushCmd_PushBatteryInfo  psdk_msg_subcribe.o
    0x0800311c   0x00000020   Code   RO         2989    i.MsgPushCmd_PushGpsInfo  psdk_msg_subcribe.o
    0x0800313c   0x00000020   Code   RO         2990    i.MsgPushCmd_PushUavState  psdk_msg_subcribe.o
    0x0800315c   0x00000020   Code   RO         2991    i.MsgPushCmd_RtkRawData  psdk_msg_subcribe.o
    0x0800317c   0x00000070   Code   RO         2505    i.NVIC_Init         misc.o
    0x080031ec   0x0000011c   Code   RO         2553    i.PsdkAes_AddRoundKey  psdk_aes.o
    0x08003308   0x00000090   Code   RO         2554    i.PsdkAes_Decrypt   psdk_aes.o
    0x08003398   0x00000090   Code   RO         2555    i.PsdkAes_Encrypt   psdk_aes.o
    0x08003428   0x0000054c   Code   RO         2556    i.PsdkAes_InvMixColumns  psdk_aes.o
    0x08003974   0x00000032   Code   RO         2557    i.PsdkAes_InvShiftRows  psdk_aes.o
    0x080039a6   0x00000002   PAD
    0x080039a8   0x00000148   Code   RO         2558    i.PsdkAes_InvSubBytes  psdk_aes.o
    0x08003af0   0x000000ec   Code   RO         2559    i.PsdkAes_KeySetup  psdk_aes.o
    0x08003bdc   0x000003dc   Code   RO         2560    i.PsdkAes_MixColumns  psdk_aes.o
    0x08003fb8   0x0000027a   Code   RO         2561    i.PsdkAes_SetupDecrypt  psdk_aes.o
    0x08004232   0x00000292   Code   RO         2562    i.PsdkAes_SetupEncrypt  psdk_aes.o
    0x080044c4   0x00000032   Code   RO         2563    i.PsdkAes_ShiftRows  psdk_aes.o
    0x080044f6   0x00000002   PAD
    0x080044f8   0x00000148   Code   RO         2564    i.PsdkAes_SubBytes  psdk_aes.o
    0x08004640   0x00000058   Code   RO         2565    i.PsdkAes_SubWord   psdk_aes.o
    0x08004698   0x00000058   Code   RO         2895    i.PsdkAppFunc_Init  psdk_app_func.o
    0x080046f0   0x0000005e   Code   RO         2896    i.PsdkAppFunc_PushMsgToFloatingWindow  psdk_app_func.o
    0x0800474e   0x00000002   PAD
    0x08004750   0x00000010   Code   RO         2897    i.PsdkAppFunc_RegGetWidgetValueCallback  psdk_app_func.o
    0x08004760   0x00000010   Code   RO         2898    i.PsdkAppFunc_RegSetWidgetValueCallback  psdk_app_func.o
    0x08004770   0x00000010   Code   RO         2899    i.PsdkAppFunc_SetReceiveFromAppCallback  psdk_app_func.o
    0x08004780   0x00000018   Code   RO         2900    i.PsdkAppFunc_SetWidgetList  psdk_app_func.o
    0x08004798   0x000000ac   Code   RO         2901    i.PsdkAppFunc_TransferToApp  psdk_app_func.o
    0x08004844   0x00000070   Code   RO         2641    i.PsdkCrc_Crc16     psdk_crc.o
    0x080048b4   0x00000070   Code   RO         2642    i.PsdkCrc_Crc32     psdk_crc.o
    0x08004924   0x0000004c   Code   RO         2680    i.PsdkDebug_AssertFailed  psdk_debug.o
    0x08004970   0x0000003c   Code   RO         3260    i.PsdkGimbal_Init   psdk_payload_gimbal.o
    0x080049ac   0x000000b0   Code   RO          194    i.PsdkMotorTest     application.o
    0x08004a5c   0x00000030   Code   RO         2992    i.PsdkMsgSub_Init   psdk_msg_subcribe.o
    0x08004a8c   0x00000018   Code   RO         2993    i.PsdkMsgSub_RegMsgCallbackList  psdk_msg_subcribe.o
    0x08004aa4   0x00000034   Code   RO         3312    i.PsdkPayloadStateCmd_GetPayloadProductAlias  psdk_upper.o
    0x08004ad8   0x00000050   Code   RO         3313    i.PsdkPayloadStateCmd_GetPayloadProductInfo  psdk_upper.o
    0x08004b28   0x00000048   Code   RO         3314    i.PsdkPayloadStateCmd_GetSkyportVersionInfo  psdk_upper.o
    0x08004b70   0x00000038   Code   RO         3315    i.PsdkPayloadStateCmd_GetVersion  psdk_upper.o
    0x08004ba8   0x00000080   Code   RO         3316    i.PsdkPayloadStateCmd_IdentityVerify  psdk_upper.o
    0x08004c28   0x00000032   Code   RO         3317    i.PsdkPayloadStateCmd_LinkHandShake  psdk_upper.o
    0x08004c5a   0x00000002   PAD
    0x08004c5c   0x00000028   Code   RO          195    i.PsdkProcessRec    application.o
    0x08004c84   0x000000e0   Code   RO         2833    i.PsdkProtParse_AddByte  psdk_proto_parse.o
    0x08004d64   0x00000008   Code   RO         2834    i.PsdkProtParse_ErrorProcess  psdk_proto_parse.o
    0x08004d6c   0x00000008   Code   RO         2835    i.PsdkProtParse_Init  psdk_proto_parse.o
    0x08004d74   0x00000012   Code   RO         2744    i.PsdkProt_GetCurrentSendSeq  psdk_proto.o
    0x08004d86   0x000000ea   Code   RO         3318    i.PsdkProtoUpper_CalTransferKey  psdk_upper.o
    0x08004e70   0x00000124   Code   RO         2746    i.PsdkProto_DealCmd  psdk_proto.o
    0x08004f94   0x0000003a   Code   RO         2747    i.PsdkProto_DealFrame  psdk_proto.o
    0x08004fce   0x0000007c   Code   RO         2748    i.PsdkProto_FrameToInfoData  psdk_proto.o
    0x0800504a   0x00000138   Code   RO         2749    i.PsdkProto_InfoDataToFrame  psdk_proto.o
    0x08005182   0x0000004e   Code   RO         2750    i.PsdkProto_Init    psdk_proto.o
    0x080051d0   0x00000138   Code   RO         2751    i.PsdkProto_ProcessReceiveData  psdk_proto.o
    0x08005308   0x00000072   Code   RO         2752    i.PsdkProto_RegCmdSetHandler  psdk_proto.o
    0x0800537a   0x00000010   Code   RO         2753    i.PsdkProto_RegSendDataFunc  psdk_proto.o
    0x0800538a   0x00000040   Code   RO         2754    i.PsdkProto_Send    psdk_proto.o
    0x080053ca   0x0000003e   Code   RO         2755    i.PsdkProto_SendAckData  psdk_proto.o
    0x08005408   0x00000070   Code   RO         3319    i.PsdkUpper_Init    psdk_upper.o
    0x08005478   0x00000014   Code   RO         3320    i.PsdkUpper_ProcessReceiveData  psdk_upper.o
    0x0800548c   0x00000010   Code   RO         3321    i.PsdkUpper_RegSendFunction  psdk_upper.o
    0x0800549c   0x00000016   Code   RO          197    i.Psdk_Read         application.o
    0x080054b2   0x00000014   Code   RO          198    i.Psdk_Write        application.o
    0x080054c6   0x00000002   PAD
    0x080054c8   0x00000018   Code   RO          890    i.RCC_ADCCLKConfig  stm32f10x_rcc.o
    0x080054e0   0x00000020   Code   RO          892    i.RCC_APB1PeriphClockCmd  stm32f10x_rcc.o
    0x08005500   0x00000020   Code   RO          893    i.RCC_APB1PeriphResetCmd  stm32f10x_rcc.o
    0x08005520   0x00000020   Code   RO          894    i.RCC_APB2PeriphClockCmd  stm32f10x_rcc.o
    0x08005540   0x00000020   Code   RO          895    i.RCC_APB2PeriphResetCmd  stm32f10x_rcc.o
    0x08005560   0x0000005a   Code   RO            4    i.RCC_Configuration  main.o
    0x080055ba   0x00000002   PAD
    0x080055bc   0x0000004c   Code   RO          901    i.RCC_DeInit        stm32f10x_rcc.o
    0x08005608   0x000000d4   Code   RO          902    i.RCC_GetClocksFreq  stm32f10x_rcc.o
    0x080056dc   0x0000003c   Code   RO          903    i.RCC_GetFlagStatus  stm32f10x_rcc.o
    0x08005718   0x00000010   Code   RO          905    i.RCC_GetSYSCLKSource  stm32f10x_rcc.o
    0x08005728   0x00000018   Code   RO          906    i.RCC_HCLKConfig    stm32f10x_rcc.o
    0x08005740   0x0000000c   Code   RO          908    i.RCC_HSICmd        stm32f10x_rcc.o
    0x0800574c   0x00000018   Code   RO          913    i.RCC_PCLK1Config   stm32f10x_rcc.o
    0x08005764   0x00000018   Code   RO          914    i.RCC_PCLK2Config   stm32f10x_rcc.o
    0x0800577c   0x0000000c   Code   RO          915    i.RCC_PLLCmd        stm32f10x_rcc.o
    0x08005788   0x0000001c   Code   RO          916    i.RCC_PLLConfig     stm32f10x_rcc.o
    0x080057a4   0x00000018   Code   RO          919    i.RCC_SYSCLKConfig  stm32f10x_rcc.o
    0x080057bc   0x0000001e   Code   RO          296    i.RingBuf_CutBufSizeToPowOfTwo  dji_ringbuffer.o
    0x080057da   0x00000074   Code   RO          297    i.RingBuf_Get       dji_ringbuffer.o
    0x0800584e   0x00000024   Code   RO          299    i.RingBuf_Init      dji_ringbuffer.o
    0x08005872   0x0000007c   Code   RO          300    i.RingBuf_Put       dji_ringbuffer.o
    0x080058ee   0x00000008   Code   RO         3577    i.SetSysClock       system_stm32f10x.o
    0x080058f6   0x00000002   PAD
    0x080058f8   0x000000e0   Code   RO         3578    i.SetSysClockTo72   system_stm32f10x.o
    0x080059d8   0x00000030   Code   RO         3324    i.Str_PutStrToBuff  psdk_upper.o
    0x08005a08   0x00000060   Code   RO         3580    i.SystemInit        system_stm32f10x.o
    0x08005a68   0x000000c4   Code   RO          593    i.TIM4_IRQHandler   motordriver.o
    0x08005b2c   0x0000006c   Code   RO          594    i.TIM4_init         motordriver.o
    0x08005b98   0x00000018   Code   RO         1757    i.TIM_ARRPreloadConfig  stm32f10x_tim.o
    0x08005bb0   0x00000006   Code   RO         1764    i.TIM_ClearITPendingBit  stm32f10x_tim.o
    0x08005bb6   0x00000018   Code   RO         1769    i.TIM_Cmd           stm32f10x_tim.o
    0x08005bce   0x00000002   PAD
    0x08005bd0   0x000001e8   Code   RO         1774    i.TIM_DeInit        stm32f10x_tim.o
    0x08005db8   0x00000022   Code   RO         1790    i.TIM_GetITStatus   stm32f10x_tim.o
    0x08005dda   0x00000012   Code   RO         1794    i.TIM_ITConfig      stm32f10x_tim.o
    0x08005dec   0x000000a4   Code   RO         1840    i.TIM_TimeBaseInit  stm32f10x_tim.o
    0x08005e90   0x00000018   Code   RO         3404    i.Test_GetWidgetValueFunc  test_app_func.o
    0x08005ea8   0x0000003c   Code   RO         3405    i.Test_ReceiveFromMobileSDKFunc  test_app_func.o
    0x08005ee4   0x000000a8   Code   RO         3406    i.Test_SetWidgetValueFunc  test_app_func.o
    0x08005f8c   0x00000020   Code   RO          595    i.TurnDownMotro     motordriver.o
    0x08005fac   0x00000020   Code   RO          597    i.TurnOFFMotro      motordriver.o
    0x08005fcc   0x00000020   Code   RO          599    i.TurnUpMotro       motordriver.o
    0x08005fec   0x00000254   Code   RO          533    i.UART_Init         uart.o
    0x08006240   0x00000044   Code   RO          409    i.UART_Printf       log_printf.o
    0x08006284   0x0000005c   Code   RO          534    i.UART_Read         uart.o
    0x080062e0   0x0000008c   Code   RO          535    i.UART_Write        uart.o
    0x0800636c   0x00000060   Code   RO          536    i.USART1_IRQHandler  uart.o
    0x080063cc   0x00000060   Code   RO          537    i.USART2_IRQHandler  uart.o
    0x0800642c   0x00000060   Code   RO          538    i.USART3_IRQHandler  uart.o
    0x0800648c   0x00000018   Code   RO         2317    i.USART_Cmd         stm32f10x_usart.o
    0x080064a4   0x00000054   Code   RO         2321    i.USART_GetITStatus  stm32f10x_usart.o
    0x080064f8   0x0000004a   Code   RO         2323    i.USART_ITConfig    stm32f10x_usart.o
    0x08006542   0x00000002   PAD
    0x08006544   0x000000d8   Code   RO         2324    i.USART_Init        stm32f10x_usart.o
    0x0800661c   0x0000000a   Code   RO         2331    i.USART_ReceiveData  stm32f10x_usart.o
    0x08006626   0x00000008   Code   RO         2334    i.USART_SendData    stm32f10x_usart.o
    0x0800662e   0x00000028   Code   RO         4015    i.__ARM_fpclassify  m_ws.l(fpclassify.o)
    0x08006656   0x0000000e   Code   RO         3704    i._is_digit         c_w.l(__printf_wp.o)
    0x08006664   0x00000002   Code   RO         3449    i.appDateTimeMsgCallback  test_msg_push.o
    0x08006666   0x00000002   PAD
    0x08006668   0x000000a0   Code   RO          199    i.application_init  application.o
    0x08006708   0x00000002   Code   RO         3450    i.bandWidthMsgCallback  test_msg_push.o
    0x0800670a   0x00000002   Code   RO         3451    i.baroHeightDataMsgCallback  test_msg_push.o
    0x0800670c   0x0000000a   Code   RO         3452    i.batteryInfoMsgCallback  test_msg_push.o
    0x08006716   0x00000002   Code   RO         3453    i.gpsInfoMsgCallback  test_msg_push.o
    0x08006718   0x00000002   Code   RO         3454    i.gpsRawDataMsgCallback  test_msg_push.o
    0x0800671a   0x00000002   PAD
    0x0800671c   0x000000bc   Code   RO            5    i.main              main.o
    0x080067d8   0x000000ea   Code   RO         2702    i.md5_final         psdk_md5.o
    0x080068c2   0x00000002   PAD
    0x080068c4   0x00000028   Code   RO         2703    i.md5_init          psdk_md5.o
    0x080068ec   0x00000a80   Code   RO         2704    i.md5_transform     psdk_md5.o
    0x0800736c   0x00000044   Code   RO         2705    i.md5_update        psdk_md5.o
    0x080073b0   0x00000002   Code   RO         3455    i.rtkRawDataMsgCallback  test_msg_push.o
    0x080073b2   0x00000002   Code   RO         3456    i.uavAttitudeMsgCallback  test_msg_push.o
    0x080073b4   0x00000002   Code   RO         3457    i.uavStateMsgCallback  test_msg_push.o
    0x080073b6   0x00000002   PAD
    0x080073b8   0x0000002c   Code   RO         4000    locale$$code        c_w.l(lc_numeric_c.o)
    0x080073e4   0x0000002c   Code   RO         4053    locale$$code        c_w.l(lc_ctype_c.o)
    0x08007410   0x00000062   Code   RO         3737    x$fpl$d2f           fz_ws.l(d2f.o)
    0x08007472   0x00000002   PAD
    0x08007474   0x00000150   Code   RO         3739    x$fpl$dadd          fz_ws.l(daddsub_clz.o)
    0x080075c4   0x000002b0   Code   RO         3746    x$fpl$ddiv          fz_ws.l(ddiv.o)
    0x08007874   0x0000005e   Code   RO         3749    x$fpl$dfix          fz_ws.l(dfix.o)
    0x080078d2   0x0000002e   Code   RO         3754    x$fpl$dflt          fz_ws.l(dflt_clz.o)
    0x08007900   0x00000026   Code   RO         3753    x$fpl$dfltu         fz_ws.l(dflt_clz.o)
    0x08007926   0x00000002   PAD
    0x08007928   0x00000154   Code   RO         3759    x$fpl$dmul          fz_ws.l(dmul.o)
    0x08007a7c   0x0000009c   Code   RO         3911    x$fpl$dnaninf       fz_ws.l(dnaninf.o)
    0x08007b18   0x0000000c   Code   RO         3913    x$fpl$dretinf       fz_ws.l(dretinf.o)
    0x08007b24   0x000001d4   Code   RO         3741    x$fpl$dsub          fz_ws.l(daddsub_clz.o)
    0x08007cf8   0x00000056   Code   RO         3761    x$fpl$f2d           fz_ws.l(f2d.o)
    0x08007d4e   0x0000008c   Code   RO         3915    x$fpl$fnaninf       fz_ws.l(fnaninf.o)
    0x08007dda   0x0000000a   Code   RO         3917    x$fpl$fretinf       fz_ws.l(fretinf.o)
    0x08007de4   0x00000004   Code   RO         3763    x$fpl$printf1       fz_ws.l(printf1.o)
    0x08007de8   0x00000004   Code   RO         3919    x$fpl$printf2       fz_ws.l(printf2.o)
    0x08007dec   0x00000000   Code   RO         3925    x$fpl$usenofp       fz_ws.l(usenofp.o)
    0x08007dec   0x00000005   Data   RO            7    .constdata          main.o
    0x08007df1   0x00000003   PAD
    0x08007df4   0x00000024   Data   RO          201    .constdata          application.o
    0x08007e18   0x0000083c   Data   RO         2566    .constdata          psdk_aes.o
    0x08008654   0x00000300   Data   RO         2644    .constdata          psdk_crc.o
    0x08008954   0x00000017   Data   RO         2681    .constdata          psdk_debug.o
    0x0800896b   0x0000002f   Data   RO         2756    .constdata          psdk_proto.o
    0x0800899a   0x00000002   PAD
    0x0800899c   0x00000069   Data   RO         2902    .constdata          psdk_app_func.o
    0x08008a05   0x00000003   PAD
    0x08008a08   0x00000048   Data   RO         2995    .constdata          psdk_msg_subcribe.o
    0x08008a50   0x00000030   Data   RO         3262    .constdata          psdk_payload_gimbal.o
    0x08008a80   0x00000030   Data   RO         3326    .constdata          psdk_upper.o
    0x08008ab0   0x0000006b   Data   RO         3408    .constdata          test_app_func.o
    0x08008b1b   0x00000001   PAD
    0x08008b1c   0x00000024   Data   RO         3458    .constdata          test_msg_push.o
    0x08008b40   0x00000073   Data   RO         3520    .constdata          test_payload_gimbal_emu.o
    0x08008bb3   0x00000011   Data   RO         3712    .constdata          c_w.l(__printf_flags_ss_wp.o)
    0x08008bc4   0x00000008   Data   RO         3812    .constdata          c_w.l(_printf_wctomb.o)
    0x08008bcc   0x00000028   Data   RO         3841    .constdata          c_w.l(_printf_hex_int_ll_ptr.o)
    0x08008bf4   0x00000026   Data   RO         3964    .constdata          c_w.l(_printf_fp_hex.o)
    0x08008c1a   0x00000002   PAD
    0x08008c1c   0x00000094   Data   RO         3973    .constdata          c_w.l(bigflt0.o)
    0x08008cb0   0x000000c1   Data   RO          202    .conststring        application.o
    0x08008d71   0x00000003   PAD
    0x08008d74   0x0000004b   Data   RO         2757    .conststring        psdk_proto.o
    0x08008dbf   0x00000001   PAD
    0x08008dc0   0x00000095   Data   RO         2903    .conststring        psdk_app_func.o
    0x08008e55   0x00000003   PAD
    0x08008e58   0x00000006   Data   RO         3409    .conststring        test_app_func.o
    0x08008e5e   0x00000002   PAD
    0x08008e60   0x00000020   Data   RO         4104    Region$$Table       anon$$obj.o
    0x08008e80   0x0000001c   Data   RO         3999    locale$$data        c_w.l(lc_numeric_c.o)
    0x08008e9c   0x00000110   Data   RO         4052    locale$$data        c_w.l(lc_ctype_c.o)


    Execution Region RW_IRAM1 (Base: 0x20000000, Size: 0x000026b0, Max: 0x00005000, ABSOLUTE, COMPRESSED[0x0000042c])

    Base Addr    Size         Type   Attr      Idx    E Section Name        Object

    0x20000000   0x00000001   Data   RW          410    .data               log_printf.o
    0x20000001   0x00000003   PAD
    0x20000004   0x00000010   Data   RW          600    .data               motordriver.o
    0x20000014   0x00000004   Data   RW          720    .data               adc.o
    0x20000018   0x00000014   Data   RW          922    .data               stm32f10x_rcc.o
    0x2000002c   0x00000400   Data   RW         2645    .data               psdk_crc.o
    0x2000042c   0x00000011   Data   RW         2904    .data               psdk_app_func.o
    0x2000043d   0x00000001   Data   RW         3263    .data               psdk_payload_gimbal.o
    0x2000043e   0x00000004   Data   RW         3327    .data               psdk_upper.o
    0x20000442   0x00000002   PAD
    0x20000444   0x0000000c   Data   RW         3410    .data               test_app_func.o
    0x20000450   0x00000010   Data   RW         3521    .data               test_payload_gimbal_emu.o
    0x20000460   0x00000014   Zero   RW            6    .bss                main.o
    0x20000474   0x00000aa4   Zero   RW          200    .bss                application.o
    0x20000f18   0x00000c48   Zero   RW          539    .bss                uart.o
    0x20001b60   0x00000024   Zero   RW         2994    .bss                psdk_msg_subcribe.o
    0x20001b84   0x00000014   Zero   RW         3261    .bss                psdk_payload_gimbal.o
    0x20001b98   0x000000b5   Zero   RW         3325    .bss                psdk_upper.o
    0x20001c4d   0x00000400   Zero   RW         3407    .bss                test_app_func.o
    0x2000204d   0x00000003   PAD
    0x20002050   0x00000060   Zero   RW         3929    .bss                c_w.l(libspace.o)
    0x200020b0   0x00000200   Zero   RW         3568    HEAP                startup_stm32f10x_md.o
    0x200022b0   0x00000400   Zero   RW         3567    STACK               startup_stm32f10x_md.o


==============================================================================

Image component sizes


      Code (inc. data)   RO Data    RW Data    ZI Data      Debug   Object Name

       204         14          0          4          0       2151   adc.o
       742        274        229          0       2724       5360   application.o
       306          0          0          0          0       3239   dji_ringbuffer.o
       132         10          0          0          0       2550   led_button_switch.o
        92         10          0          1          0       1813   log_printf.o
       278         62          5          0         20     255778   main.o
       112         12          0          0          0       1072   misc.o
       468         50          0         16          0      23991   motordriver.o
      5288         98       2108          0          0      10323   psdk_aes.o
      1626        114        254         17          0      10497   psdk_app_func.o
       224         74        768       1024          0       2028   psdk_crc.o
        76         56         23          0          0        981   psdk_debug.o
      3030        264          0          0          0       5344   psdk_md5.o
       372         66         72          0         36       7650   psdk_msg_subcribe.o
       356         40         48          1         20       5758   psdk_payload_gimbal.o
      1450        258        122          0          0       8791   psdk_proto.o
       240          0          0          0          0       2489   psdk_proto_parse.o
       868         34         48          4        181       8696   psdk_upper.o
        64         26        236          0       1536        836   startup_stm32f10x_md.o
       394         10          0          0          0       8197   stm32f10x_adc.o
       458          6          0          0          0       5199   stm32f10x_gpio.o
       664        110          0         20          0      11844   stm32f10x_rcc.o
       758        106          0          0          0       5054   stm32f10x_tim.o
       416          6          0          0          0       5647   stm32f10x_usart.o
         0          0          0          0          0       1764   sys.o
       328         28          0          0          0       2061   system_stm32f10x.o
       252         80        113         12       1024       3163   test_app_func.o
        26          0         36          0          0       5084   test_msg_push.o
      1084        298        115         16          0       4704   test_payload_gimbal_emu.o
      1116        140          0          0       3144      14253   uart.o

    ----------------------------------------------------------------------
     21454       2246       4227       1120       8688     426317   Object Totals
         0          0         32          0          0          0   (incl. Generated)
        30          0         18          5          3          0   (incl. Padding)

    ----------------------------------------------------------------------

      Code (inc. data)   RO Data    RW Data    ZI Data      Debug   Library Member Name

        44          6          0          0          0         84   __2sprintf.o
       100          0          0          0          0          0   __dclz77c.o
         8          0          0          0          0         68   __main.o
       392          4         17          0          0         92   __printf_flags_ss_wp.o
        14          0          0          0          0         68   __printf_wp.o
         0          0          0          0          0          0   __rtentry.o
        12          0          0          0          0          0   __rtentry2.o
         6          0          0          0          0          0   __rtentry4.o
        52          8          0          0          0          0   __scatter.o
        28          0          0          0          0          0   __scatter_zi.o
         6          0          0          0          0          0   _printf_a.o
         6          0          0          0          0          0   _printf_c.o
        44          0          0          0          0        108   _printf_char.o
        48          6          0          0          0         96   _printf_char_common.o
        40          0          0          0          0         68   _printf_charcount.o
         6          0          0          0          0          0   _printf_d.o
       120         16          0          0          0         92   _printf_dec.o
         6          0          0          0          0          0   _printf_e.o
         6          0          0          0          0          0   _printf_f.o
      1050          0          0          0          0        216   _printf_fp_dec.o
       764         10         38          0          0        100   _printf_fp_hex.o
       128         16          0          0          0         84   _printf_fp_infnan.o
         6          0          0          0          0          0   _printf_g.o
       148          4         40          0          0        160   _printf_hex_int_ll_ptr.o
         6          0          0          0          0          0   _printf_i.o
       178          0          0          0          0         88   _printf_intcommon.o
        10          0          0          0          0          0   _printf_l.o
         6          0          0          0          0          0   _printf_lc.o
        10          0          0          0          0          0   _printf_ll.o
         6          0          0          0          0          0   _printf_lld.o
         6          0          0          0          0          0   _printf_lli.o
         6          0          0          0          0          0   _printf_llo.o
         6          0          0          0          0          0   _printf_llu.o
         6          0          0          0          0          0   _printf_llx.o
       124         16          0          0          0         92   _printf_longlong_dec.o
         6          0          0          0          0          0   _printf_ls.o
         6          0          0          0          0          0   _printf_n.o
         6          0          0          0          0          0   _printf_o.o
       112          8          0          0          0        124   _printf_oct_int_ll.o
         6          0          0          0          0          0   _printf_p.o
        78          0          0          0          0        108   _printf_pad.o
         0          0          0          0          0          0   _printf_percent.o
         4          0          0          0          0          0   _printf_percent_end.o
         6          0          0          0          0          0   _printf_s.o
        82          0          0          0          0         80   _printf_str.o
        36          0          0          0          0         84   _printf_truncate.o
         6          0          0          0          0          0   _printf_u.o
        44          0          0          0          0        108   _printf_wchar.o
       188          6          8          0          0         92   _printf_wctomb.o
         6          0          0          0          0          0   _printf_x.o
        16          0          0          0          0         68   _snputc.o
        10          0          0          0          0         68   _sputc.o
        64          0          0          0          0         92   _wcrtomb.o
       220          4        148          0          0         96   bigflt0.o
      1910        128          0          0          0        672   btod.o
        10          0          0          0          0         68   defsig_exit.o
        50          0          0          0          0         88   defsig_general.o
        80         58          0          0          0         76   defsig_rtmem_inner.o
        14          0          0          0          0         80   defsig_rtmem_outer.o
        12          0          0          0          0         72   exit.o
        94          0          0          0          0         80   h1_alloc.o
        52          0          0          0          0         68   h1_extend.o
        78          0          0          0          0         80   h1_free.o
        14          0          0          0          0         84   h1_init.o
         6          0          0          0          0        152   heapauxi.o
         4          0          0          0          0        136   hguard.o
         0          0          0          0          0          0   indicate_semi.o
       138          0          0          0          0        168   init_alloc.o
        44         10        272          0          0         76   lc_ctype_c.o
        44         10         28          0          0         76   lc_numeric_c.o
         2          0          0          0          0          0   libinit.o
        38          0          0          0          0          0   libinit2.o
         2          0          0          0          0          0   libshutdown.o
         2          0          0          0          0          0   libshutdown2.o
         8          4          0          0         96         68   libspace.o
       138          0          0          0          0         80   lludiv10.o
         0          0          0          0          0          0   maybetermalloc1.o
        16          4          0          0          0         76   rt_ctype_table.o
         8          4          0          0          0         68   rt_heap_descriptor_intlibspace.o
         8          4          0          0          0         68   rt_locale_intlibspace.o
        68          0          0          0          0         68   rt_memclr.o
        78          0          0          0          0         80   rt_memclr_w.o
       138          0          0          0          0         68   rt_memcpy_v6.o
       100          0          0          0          0         80   rt_memcpy_w.o
         2          0          0          0          0          0   rtexit.o
        10          0          0          0          0          0   rtexit2.o
       128          0          0          0          0         68   strcmpv7m.o
        72          0          0          0          0         80   strcpy.o
        62          0          0          0          0         76   strlen.o
        86          0          0          0          0         76   strncpy.o
        12          4          0          0          0         68   sys_exit.o
        74          0          0          0          0         80   sys_stackheap_outer.o
        14          0          0          0          0         76   sys_wrch.o
         2          0          0          0          0         68   use_no_semi.o
        52          4          0          0          0         80   vsnprintf.o
        98          4          0          0          0         92   d2f.o
       804         16          0          0          0        272   daddsub_clz.o
       688        140          0          0          0        208   ddiv.o
        94          4          0          0          0         92   dfix.o
        84          0          0          0          0        136   dflt_clz.o
       340         12          0          0          0        104   dmul.o
       156          4          0          0          0         92   dnaninf.o
        12          0          0          0          0         68   dretinf.o
        86          4          0          0          0         84   f2d.o
       140          4          0          0          0         84   fnaninf.o
        10          0          0          0          0         68   fretinf.o
         4          0          0          0          0         68   printf1.o
         4          0          0          0          0         68   printf2.o
         0          0          0          0          0          0   usenofp.o
        40          0          0          0          0         68   fpclassify.o

    ----------------------------------------------------------------------
     10546        522        553          0         96       7144   Library Totals
        22          0          2          0          0          0   (incl. Padding)

    ----------------------------------------------------------------------

      Code (inc. data)   RO Data    RW Data    ZI Data      Debug   Library Name

      7964        334        551          0         96       5640   c_w.l
      2520        188          0          0          0       1436   fz_ws.l
        40          0          0          0          0         68   m_ws.l

    ----------------------------------------------------------------------
     10546        522        553          0         96       7144   Library Totals

    ----------------------------------------------------------------------

==============================================================================


      Code (inc. data)   RO Data    RW Data    ZI Data      Debug   

     32000       2768       4780       1120       8784     420561   Grand Totals
     32000       2768       4780       1068       8784     420561   ELF Image Totals (compressed)
     32000       2768       4780       1068          0          0   ROM Totals

==============================================================================

    Total RO  Size (Code + RO Data)                36780 (  35.92kB)
    Total RW  Size (RW Data + ZI Data)              9904 (   9.67kB)
    Total ROM Size (Code + RO Data + RW Data)      37848 (  36.96kB)

==============================================================================

