Component: ARM Compiler 5.05 update 1 (build 106) Tool: armlink [4d0efa]

==============================================================================

Section Cross References

    main.o(i.RCC_Configuration) refers to stm32f10x_rcc.o(i.RCC_DeInit) for RCC_DeInit
    main.o(i.RCC_Configuration) refers to stm32f10x_rcc.o(i.RCC_HSICmd) for RCC_HSICmd
    main.o(i.RCC_Configuration) refers to stm32f10x_rcc.o(i.RCC_GetFlagStatus) for RCC_GetFlagStatus
    main.o(i.RCC_Configuration) refers to stm32f10x_rcc.o(i.RCC_HCLKConfig) for RCC_HCLKConfig
    main.o(i.RCC_Configuration) refers to stm32f10x_rcc.o(i.RCC_PCLK1Config) for RCC_PCLK1Config
    main.o(i.RCC_Configuration) refers to stm32f10x_rcc.o(i.RCC_PCLK2Config) for RCC_PCLK2Config
    main.o(i.RCC_Configuration) refers to stm32f10x_rcc.o(i.RCC_PLLConfig) for RCC_PLLConfig
    main.o(i.RCC_Configuration) refers to stm32f10x_rcc.o(i.RCC_PLLCmd) for RCC_PLLCmd
    main.o(i.RCC_Configuration) refers to stm32f10x_rcc.o(i.RCC_SYSCLKConfig) for RCC_SYSCLKConfig
    main.o(i.RCC_Configuration) refers to stm32f10x_rcc.o(i.RCC_GetSYSCLKSource) for RCC_GetSYSCLKSource
    main.o(i.main) refers to main.o(i.RCC_Configuration) for RCC_Configuration
    main.o(i.main) refers to application.o(i.application_init) for application_init
    main.o(i.main) refers to motordriver.o(i.TIM4_init) for TIM4_init
    main.o(i.main) refers to gua_timer1_pwm.o(i.GUA_Timer1_PWM_Init) for GUA_Timer1_PWM_Init
    main.o(i.main) refers to gua_timer1_pwm.o(i.GUA_Timer1_PWM_Status) for GUA_Timer1_PWM_Status
    main.o(i.main) refers to stm32f10x_rcc.o(i.RCC_GetClocksFreq) for RCC_GetClocksFreq
    main.o(i.main) refers to log_printf.o(i.UART_Printf) for UART_Printf
    main.o(i.main) refers to application.o(i.PsdkProcessRec) for PsdkProcessRec
    main.o(i.main) refers to application.o(i.PsdkComInfSw) for PsdkComInfSw
    main.o(i.main) refers to motordriver.o(i.MotorControlFunc) for MotorControlFunc
    main.o(i.main) refers to stm32f10x_gpio.o(i.GPIO_ReadOutputDataBit) for GPIO_ReadOutputDataBit
    main.o(i.main) refers to stm32f10x_gpio.o(i.GPIO_WriteBit) for GPIO_WriteBit
    main.o(i.main) refers to application.o(i.PsdkTest) for PsdkTest
    main.o(i.main) refers to main.o(.bss) for SYSclock
    main.o(i.main) refers to main.o(.constdata) for __FUNCTION__
    main.o(i.main) refers to motordriver.o(.data) for task_Run_flag
    application.o(i.FillInUserInfo) refers to rt_memclr.o(.text) for __aeabi_memclr
    application.o(i.FillInUserInfo) refers to strcpy.o(.text) for strcpy
    application.o(i.FillInUserInfo) refers to log_printf.o(i.UART_Printf) for UART_Printf
    application.o(i.FillInUserInfo) refers to strcmpv7m.o(.text) for strcmp
    application.o(i.FillInUserInfo) refers to application.o(.constdata) for __FUNCTION__
    application.o(i.FillInUserInfo) refers to application.o(.conststring) for .conststring
    application.o(i.PsdkProcessRec) refers to application.o(i.Psdk_Read) for Psdk_Read
    application.o(i.PsdkProcessRec) refers to psdk_upper.o(i.PsdkUpper_ProcessReceiveData) for PsdkUpper_ProcessReceiveData
    application.o(i.PsdkProcessRec) refers to application.o(.bss) for s_uartRecBuf
    application.o(i.PsdkTest) refers to _printf_percent.o(.ARM.Collect$$_printf_percent$$00000000) for _printf_percent
    application.o(i.PsdkTest) refers to _printf_f.o(.ARM.Collect$$_printf_percent$$00000003) for _printf_f
    application.o(i.PsdkTest) refers to printf1.o(x$fpl$printf1) for _printf_fp_dec
    application.o(i.PsdkTest) refers to __2sprintf.o(.text) for __2sprintf
    application.o(i.PsdkTest) refers to psdk_app_func.o(i.PsdkAppFunc_PushMsgToFloatingWindow) for PsdkAppFunc_PushMsgToFloatingWindow
    application.o(i.PsdkTest) refers to strlen.o(.text) for strlen
    application.o(i.PsdkTest) refers to psdk_app_func.o(i.PsdkAppFunc_TransferToApp) for PsdkAppFunc_TransferToApp
    application.o(i.PsdkTest) refers to log_printf.o(i.UART_Printf) for UART_Printf
    application.o(i.PsdkTest) refers to application.o(.bss) for s_printBuffer
    application.o(i.PsdkTest) refers to application.o(.constdata) for __FUNCTION__
    application.o(i.Psdk_Read) refers to uart.o(i.UART_Read) for UART_Read
    application.o(i.Psdk_Write) refers to uart.o(i.UART_Write) for UART_Write
    application.o(i.application_init) refers to led_button_switch.o(i.LED_Init) for LED_Init
    application.o(i.application_init) refers to led_button_switch.o(i.LED_Control) for LED_Control
    application.o(i.application_init) refers to log_printf.o(i.LOG_Init) for LOG_Init
    application.o(i.application_init) refers to uart.o(i.UART_Init) for UART_Init
    application.o(i.application_init) refers to application.o(i.FillInUserInfo) for FillInUserInfo
    application.o(i.application_init) refers to psdk_upper.o(i.PsdkUpper_Init) for PsdkUpper_Init
    application.o(i.application_init) refers to psdk_upper.o(i.PsdkUpper_RegSendFunction) for PsdkUpper_RegSendFunction
[...]
    .bss                                     0x20001b90   Section      181  psdk_upper.o(.bss)
    s_userInfo                               0x20001b90   Data         148  psdk_upper.o(.bss)
    s_customInfo                             0x20001c24   Data          33  psdk_upper.o(.bss)
    .bss                                     0x20001c45   Section     1024  test_app_func.o(.bss)
    receivePrint                             0x20001c45   Data        1024  test_app_func.o(.bss)
    .bss                                     0x20002048   Section       96  libspace.o(.bss)
    HEAP                                     0x200020a8   Section      512  startup_stm32f10x_md.o(HEAP)
    Heap_Mem                                 0x200020a8   Data         512  startup_stm32f10x_md.o(HEAP)
    STACK                                    0x200022a8   Section     1024  startup_stm32f10x_md.o(STACK)
    Stack_Mem                                0x200022a8   Data        1024  startup_stm32f10x_md.o(STACK)
    __initial_sp                             0x200026a8   Data           0  startup_stm32f10x_md.o(STACK)

    Global Symbols

    Symbol Name                              Value     Ov Type        Size  Object(Section)

    BuildAttributes$$THM_ISAv4$P$D$K$B$S$PE$A:L22UL41UL21$X:L11$S22US41US21$IEEE1$IW$USESV6$~STKCKD$USESV7$~SHL$OTIME$ROPI$IEEEJ$EBA8$UX$STANDARDLIB$REQ8$PRES8$EABIv2 0x00000000   Number         0  anon$$obj.o ABSOLUTE
    __ARM_use_no_argv                        0x00000000   Number         0  main.o ABSOLUTE
    _printf_flags                            0x00000000   Number         0  printf_stubs.o ABSOLUTE
    _printf_return_value                     0x00000000   Number         0  printf_stubs.o ABSOLUTE
    _printf_sizespec                         0x00000000   Number         0  printf_stubs.o ABSOLUTE
    _printf_widthprec                        0x00000000   Number         0  printf_stubs.o ABSOLUTE
    __ARM_exceptions_init                     - Undefined Weak Reference
    __alloca_initialize                       - Undefined Weak Reference
    __arm_preinit_                            - Undefined Weak Reference
    __cpp_initialize__aeabi_                  - Undefined Weak Reference
    __cxa_finalize                            - Undefined Weak Reference
    __sigvec_lookup                           - Undefined Weak Reference
    __user_heap_extent                        - Undefined Weak Reference
    _atexit_init                              - Undefined Weak Reference
    _call_atexit_fns                          - Undefined Weak Reference
    _clock_init                               - Undefined Weak Reference
    _fp_trap_init                             - Undefined Weak Reference
    _fp_trap_shutdown                         - Undefined Weak Reference
    _get_lc_collate                           - Undefined Weak Reference
    _get_lc_monetary                          - Undefined Weak Reference
    _get_lc_time                              - Undefined Weak Reference
    _getenv_init                              - Undefined Weak Reference
    _handle_redirection                       - Undefined Weak Reference
    _initio                                   - Undefined Weak Reference
    _mutex_acquire                            - Undefined Weak Reference
    _mutex_free                               - Undefined Weak Reference
    _mutex_release                            - Undefined Weak Reference
    _printf_mbtowc                            - Undefined Weak Reference
    _printf_wc                                - Undefined Weak Reference
    _rand_init                                - Undefined Weak Reference
    _signal_finish                            - Undefined Weak Reference
    _signal_init                              - Undefined Weak Reference
    _terminateio                              - Undefined Weak Reference
    __Vectors_Size                           0x000000ec   Number         0  startup_stm32f10x_md.o ABSOLUTE
    __Vectors                                0x08000000   Data           4  startup_stm32f10x_md.o(RESET)
    __Vectors_End                            0x080000ec   Data           0  startup_stm32f10x_md.o(RESET)
    __main                                   0x080000ed   Thumb Code     8  __main.o(!!!main)
    __scatterload                            0x080000f5   Thumb Code     0  __scatter.o(!!!scatter)
    __scatterload_rt2                        0x080000f5   Thumb Code    44  __scatter.o(!!!scatter)
    __scatterload_rt2_thumb_only             0x080000f5   Thumb Code     0  __scatter.o(!!!scatter)
    __scatterload_null                       0x08000103   Thumb Code     0  __scatter.o(!!!scatter)
    __decompress                             0x08000129   Thumb Code   100  __dclz77c.o(!!dclz77c)
    __decompress2                            0x08000129   Thumb Code     0  __dclz77c.o(!!dclz77c)
    __scatterload_zeroinit                   0x0800018d   Thumb Code    28  __scatter_zi.o(!!handler_zi)
    _printf_n                                0x080001a9   Thumb Code     0  _printf_n.o(.ARM.Collect$$_printf_percent$$00000001)
    _printf_percent                          0x080001a9   Thumb Code     0  _printf_percent.o(.ARM.Collect$$_printf_percent$$00000000)
    _printf_p                                0x080001af   Thumb Code     0  _printf_p.o(.ARM.Collect$$_printf_percent$$00000002)
    _printf_f                                0x080001b5   Thumb Code     0  _printf_f.o(.ARM.Collect$$_printf_percent$$00000003)
    _printf_e                                0x080001bb   Thumb Code     0  _printf_e.o(.ARM.Collect$$_printf_percent$$00000004)
    _printf_g                                0x080001c1   Thumb Code     0  _printf_g.o(.ARM.Collect$$_printf_percent$$00000005)
    _printf_a                                0x080001c7   Thumb Code     0  _printf_a.o(.ARM.Collect$$_printf_percent$$00000006)
    _printf_ll                               0x080001cd   Thumb Code     0  _printf_ll.o(.ARM.Collect$$_printf_percent$$00000007)
    _printf_i                                0x080001d7   Thumb Code     0  _printf_i.o(.ARM.Collect$$_printf_percent$$00000008)
    _printf_d                                0x080001dd   Thumb Code     0  _printf_d.o(.ARM.Collect$$_printf_percent$$00000009)
    _printf_u                                0x080001e3   Thumb Code     0  _printf_u.o(.ARM.Collect$$_printf_percent$$0000000A)
    _printf_o                                0x080001e9   Thumb Code     0  _printf_o.o(.ARM.Collect$$_printf_percent$$0000000B)
    _printf_x                                0x080001ef   Thumb Code     0  _printf_x.o(.ARM.Collect$$_printf_percent$$0000000C)
    _printf_lli                              0x080001f5   Thumb Code     0  _printf_lli.o(.ARM.Collect$$_printf_percent$$0000000D)
    _printf_lld                              0x080001fb   Thumb Code     0  _printf_lld.o(.ARM.Collect$$_printf_percent$$0000000E)
    _printf_llu                              0x08000201   Thumb Code     0  _printf_llu.o(.ARM.Collect$$_printf_percent$$0000000F)
    _printf_llo                              0x08000207   Thumb Code     0  _printf_llo.o(.ARM.Collect$$_printf_percent$$00000010)
    _printf_llx                              0x0800020d   Thumb Code     0  _printf_llx.o(.ARM.Collect$$_printf_percent$$00000011)
    _printf_l                                0x08000213   Thumb Code     0  _printf_l.o(.ARM.Collect$$_printf_percent$$00000012)
    _printf_c                                0x0800021d   Thumb Code     0  _printf_c.o(.ARM.Collect$$_printf_percent$$00000013)
    _printf_s                                0x08000223   Thumb Code     0  _printf_s.o(.ARM.Collect$$_printf_percent$$00000014)
    _printf_lc                               0x08000229   Thumb Code     0  _printf_lc.o(.ARM.Collect$$_printf_percent$$00000015)
    _printf_ls                               0x0800022f   Thumb Code     0  _printf_ls.o(.ARM.Collect$$_printf_percent$$00000016)
    _printf_percent_end                      0x08000235   Thumb Code     0  _printf_percent_end.o(.ARM.Collect$$_printf_percent$$00000017)
    __rt_lib_init                            0x08000239   Thumb Code     0  libinit.o(.ARM.Collect$$libinit$$00000000)
    __rt_lib_init_fp_1                       0x0800023b   Thumb Code     0  libinit2.o(.ARM.Collect$$libinit$$00000002)
    __rt_lib_init_heap_2                     0x0800023b   Thumb Code     0  libinit2.o(.ARM.Collect$$libinit$$00000005)
    __rt_lib_init_preinit_1                  0x0800023b   Thumb Code     0  libinit2.o(.ARM.Collect$$libinit$$00000004)
    __rt_lib_init_heap_1                     0x08000243   Thumb Code     0  libinit2.o(.ARM.Collect$$libinit$$0000000A)
    __rt_lib_init_lc_common                  0x08000243   Thumb Code     0  libinit2.o(.ARM.Collect$$libinit$$0000000F)
    __rt_lib_init_rand_1                     0x08000243   Thumb Code     0  libinit2.o(.ARM.Collect$$libinit$$0000000E)
    __rt_lib_init_user_alloc_1               0x08000243   Thumb Code     0  libinit2.o(.ARM.Collect$$libinit$$0000000C)
    __rt_lib_init_lc_collate_1               0x08000249   Thumb Code     0  libinit2.o(.ARM.Collect$$libinit$$00000011)
    __rt_lib_init_lc_ctype_2                 0x08000249   Thumb Code     0  libinit2.o(.ARM.Collect$$libinit$$00000012)
    __rt_lib_init_lc_ctype_1                 0x08000255   Thumb Code     0  libinit2.o(.ARM.Collect$$libinit$$00000013)
    __rt_lib_init_lc_monetary_1              0x08000255   Thumb Code     0  libinit2.o(.ARM.Collect$$libinit$$00000015)
    __rt_lib_init_lc_numeric_2               0x08000255   Thumb Code     0  libinit2.o(.ARM.Collect$$libinit$$00000016)
    __rt_lib_init_alloca_1                   0x0800025f   Thumb Code     0  libinit2.o(.ARM.Collect$$libinit$$0000002E)
    __rt_lib_init_argv_1                     0x0800025f   Thumb Code     0  libinit2.o(.ARM.Collect$$libinit$$0000002C)
    __rt_lib_init_atexit_1                   0x0800025f   Thumb Code     0  libinit2.o(.ARM.Collect$$libinit$$0000001B)
    __rt_lib_init_clock_1                    0x0800025f   Thumb Code     0  libinit2.o(.ARM.Collect$$libinit$$00000021)
    __rt_lib_init_cpp_1                      0x0800025f   Thumb Code     0  libinit2.o(.ARM.Collect$$libinit$$00000032)
    __rt_lib_init_exceptions_1               0x0800025f   Thumb Code     0  libinit2.o(.ARM.Collect$$libinit$$00000030)
    __rt_lib_init_fp_trap_1                  0x0800025f   Thumb Code     0  libinit2.o(.ARM.Collect$$libinit$$0000001F)
    __rt_lib_init_getenv_1                   0x0800025f   Thumb Code     0  libinit2.o(.ARM.Collect$$libinit$$00000023)
    __rt_lib_init_lc_numeric_1               0x0800025f   Thumb Code     0  libinit2.o(.ARM.Collect$$libinit$$00000017)
    __rt_lib_init_lc_time_1                  0x0800025f   Thumb Code     0  libinit2.o(.ARM.Collect$$libinit$$00000019)
    __rt_lib_init_return                     0x0800025f   Thumb Code     0  libinit2.o(.ARM.Collect$$libinit$$00000033)
    __rt_lib_init_signal_1                   0x0800025f   Thumb Code     0  libinit2.o(.ARM.Collect$$libinit$$0000001D)
    __rt_lib_init_stdio_1                    0x0800025f   Thumb Code     0  libinit2.o(.ARM.Collect$$libinit$$00000025)
    __rt_lib_shutdown                        0x08000261   Thumb Code     0  libshutdown.o(.ARM.Collect$$libshutdown$$00000000)
    __rt_lib_shutdown_fp_trap_1              0x08000263   Thumb Code     0  libshutdown2.o(.ARM.Collect$$libshutdown$$00000006)
    __rt_lib_shutdown_heap_1                 0x08000263   Thumb Code     0  libshutdown2.o(.ARM.Collect$$libshutdown$$0000000E)
    __rt_lib_shutdown_return                 0x08000263   Thumb Code     0  libshutdown2.o(.ARM.Collect$$libshutdown$$0000000F)
    __rt_lib_shutdown_signal_1               0x08000263   Thumb Code     0  libshutdown2.o(.ARM.Collect$$libshutdown$$00000009)
    __rt_lib_shutdown_stdio_1                0x08000263   Thumb Code     0  libshutdown2.o(.ARM.Collect$$libshutdown$$00000003)
    __rt_lib_shutdown_user_alloc_1           0x08000263   Thumb Code     0  libshutdown2.o(.ARM.Collect$$libshutdown$$0000000B)
    __rt_entry                               0x08000265   Thumb Code     0  __rtentry.o(.ARM.Collect$$rtentry$$00000000)
    __rt_entry_presh_1                       0x08000265   Thumb Code     0  __rtentry2.o(.ARM.Collect$$rtentry$$00000002)
    __rt_entry_sh                            0x08000265   Thumb Code     0  __rtentry4.o(.ARM.Collect$$rtentry$$00000004)
    __rt_entry_li                            0x0800026b   Thumb Code     0  __rtentry2.o(.ARM.Collect$$rtentry$$0000000A)
    __rt_entry_postsh_1                      0x0800026b   Thumb Code     0  __rtentry2.o(.ARM.Collect$$rtentry$$00000009)
    __rt_entry_main                          0x0800026f   Thumb Code     0  __rtentry2.o(.ARM.Collect$$rtentry$$0000000D)
    __rt_entry_postli_1                      0x0800026f   Thumb Code     0  __rtentry2.o(.ARM.Collect$$rtentry$$0000000C)
    __rt_exit                                0x08000277   Thumb Code     0  rtexit.o(.ARM.Collect$$rtexit$$00000000)
    __rt_exit_ls                             0x08000279   Thumb Code     0  rtexit2.o(.ARM.Collect$$rtexit$$00000003)
    __rt_exit_prels_1                        0x08000279   Thumb Code     0  rtexit2.o(.ARM.Collect$$rtexit$$00000002)
    __rt_exit_exit                           0x0800027d   Thumb Code     0  rtexit2.o(.ARM.Collect$$rtexit$$00000004)
    Reset_Handler                            0x08000285   Thumb Code     8  startup_stm32f10x_md.o(.text)
    _maybe_terminate_alloc                   0x08000285   Thumb Code     0  maybetermalloc1.o(.emb_text)
    NMI_Handler                              0x0800028d   Thumb Code     2  startup_stm32f10x_md.o(.text)
    HardFault_Handler                        0x0800028f   Thumb Code     2  startup_stm32f10x_md.o(.text)
    MemManage_Handler                        0x08000291   Thumb Code     2  startup_stm32f10x_md.o(.text)
    BusFault_Handler                         0x08000293   Thumb Code     2  startup_stm32f10x_md.o(.text)
    UsageFault_Handler                       0x08000295   Thumb Code     2  startup_stm32f10x_md.o(.text)
    SVC_Handler                              0x08000297   Thumb Code     2  startup_stm32f10x_md.o(.text)
    DebugMon_Handler                         0x08000299   Thumb Code     2  startup_stm32f10x_md.o(.text)
    PendSV_Handler                           0x0800029b   Thumb Code     2  startup_stm32f10x_md.o(.text)
    SysTick_Handler                          0x0800029d   Thumb Code     2  startup_stm32f10x_md.o(.text)
    ADC1_2_IRQHandler                        0x0800029f   Thumb Code     0  startup_stm32f10x_md.o(.text)
    CAN1_RX1_IRQHandler                      0x0800029f   Thumb Code     0  startup_stm32f10x_md.o(.text)
    CAN1_SCE_IRQHandler                      0x0800029f   Thumb Code     0  startup_stm32f10x_md.o(.text)
    DMA1_Channel1_IRQHandler                 0x0800029f   Thumb Code     0  startup_stm32f10x_md.o(.text)
    DMA1_Channel2_IRQHandler                 0x0800029f   Thumb Code     0  startup_stm32f10x_md.o(.text)
    DMA1_Channel3_IRQHandler                 0x0800029f   Thumb Code     0  startup_stm32f10x_md.o(.text)
    DMA1_Channel4_IRQHandler                 0x0800029f   Thumb Code     0  startup_stm32f10x_md.o(.text)
    DMA1_Channel5_IRQHandler                 0x0800029f   Thumb Code     0  startup_stm32f10x_md.o(.text)
    DMA1_Channel6_IRQHandler                 0x0800029f   Thumb Code     0  startup_stm32f10x_md.o(.text)
    DMA1_Channel7_IRQHandler                 0x0800029f   Thumb Code     0  startup_stm32f10x_md.o(.text)
    EXTI0_IRQHandler                         0x0800029f   Thumb Code     0  startup_stm32f10x_md.o(.text)
    EXTI15_10_IRQHandler                     0x0800029f   Thumb Code     0  startup_stm32f10x_md.o(.text)
    EXTI1_IRQHandler                         0x0800029f   Thumb Code     0  startup_stm32f10x_md.o(.text)
    EXTI2_IRQHandler                         0x0800029f   Thumb Code     0  startup_stm32f10x_md.o(.text)
    EXTI3_IRQHandler                         0x0800029f   Thumb Code     0  startup_stm32f10x_md.o(.text)
    EXTI4_IRQHandler                         0x0800029f   Thumb Code     0  startup_stm32f10x_md.o(.text)
    EXTI9_5_IRQHandler                       0x0800029f   Thumb Code     0  startup_stm32f10x_md.o(.text)
    FLASH_IRQHandler                         0x0800029f   Thumb Code     0  startup_stm32f10x_md.o(.text)
    I2C1_ER_IRQHandler                       0x0800029f   Thumb Code     0  startup_stm32f10x_md.o(.text)
    I2C1_EV_IRQHandler                       0x0800029f   Thumb Code     0  startup_stm32f10x_md.o(.text)
    I2C2_ER_IRQHandler                       0x0800029f   Thumb Code     0  startup_stm32f10x_md.o(.text)
    I2C2_EV_IRQHandler                       0x0800029f   Thumb Code     0  startup_stm32f10x_md.o(.text)
    PVD_IRQHandler                           0x0800029f   Thumb Code     0  startup_stm32f10x_md.o(.text)
    RCC_IRQHandler                           0x0800029f   Thumb Code     0  startup_stm32f10x_md.o(.text)
    RTCAlarm_IRQHandler                      0x0800029f   Thumb Code     0  startup_stm32f10x_md.o(.text)
    RTC_IRQHandler                           0x0800029f   Thumb Code     0  startup_stm32f10x_md.o(.text)
    SPI1_IRQHandler                          0x0800029f   Thumb Code     0  startup_stm32f10x_md.o(.text)
    SPI2_IRQHandler                          0x0800029f   Thumb Code     0  startup_stm32f10x_md.o(.text)
    TAMPER_IRQHandler                        0x0800029f   Thumb Code     0  startup_stm32f10x_md.o(.text)
    TIM1_BRK_IRQHandler                      0x0800029f   Thumb Code     0  startup_stm32f10x_md.o(.text)
    TIM1_CC_IRQHandler                       0x0800029f   Thumb Code     0  startup_stm32f10x_md.o(.text)
    TIM1_TRG_COM_IRQHandler                  0x0800029f   Thumb Code     0  startup_stm32f10x_md.o(.text)
    TIM1_UP_IRQHandler                       0x0800029f   Thumb Code     0  startup_stm32f10x_md.o(.text)
    TIM2_IRQHandler                          0x0800029f   Thumb Code     0  startup_stm32f10x_md.o(.text)
    TIM3_IRQHandler                          0x0800029f   Thumb Code     0  startup_stm32f10x_md.o(.text)
    USBWakeUp_IRQHandler                     0x0800029f   Thumb Code     0  startup_stm32f10x_md.o(.text)
    USB_HP_CAN1_TX_IRQHandler                0x0800029f   Thumb Code     0  startup_stm32f10x_md.o(.text)
    USB_LP_CAN1_RX0_IRQHandler               0x0800029f   Thumb Code     0  startup_stm32f10x_md.o(.text)
    WWDG_IRQHandler                          0x0800029f   Thumb Code     0  startup_stm32f10x_md.o(.text)
    __user_initial_stackheap                 0x080002a1   Thumb Code     0  startup_stm32f10x_md.o(.text)
    malloc                                   0x080002c5   Thumb Code    94  h1_alloc.o(.text)
    free                                     0x08000323   Thumb Code    78  h1_free.o(.text)
    vsnprintf                                0x08000371   Thumb Code    48  vsnprintf.o(.text)
    __2sprintf                               0x080003a5   Thumb Code    38  __2sprintf.o(.text)
    __printf                                 0x080003d1   Thumb Code   388  __printf_flags_ss_wp.o(.text)
    strcpy                                   0x08000559   Thumb Code    72  strcpy.o(.text)
    strlen                                   0x080005a1   Thumb Code    62  strlen.o(.text)
    __aeabi_memcpy                           0x080005df   Thumb Code     0  rt_memcpy_v6.o(.text)
    __rt_memcpy                              0x080005df   Thumb Code   138  rt_memcpy_v6.o(.text)
    _memcpy_lastbytes                        0x08000645   Thumb Code     0  rt_memcpy_v6.o(.text)
    __aeabi_memcpy4                          0x08000669   Thumb Code     0  rt_memcpy_w.o(.text)
    __aeabi_memcpy8                          0x08000669   Thumb Code     0  rt_memcpy_w.o(.text)
    __rt_memcpy_w                            0x08000669   Thumb Code   100  rt_memcpy_w.o(.text)
    _memcpy_lastbytes_aligned                0x080006b1   Thumb Code     0  rt_memcpy_w.o(.text)
    __aeabi_memclr                           0x080006cd   Thumb Code     0  rt_memclr.o(.text)
    __rt_memclr                              0x080006cd   Thumb Code    68  rt_memclr.o(.text)
    _memset                                  0x080006d1   Thumb Code     0  rt_memclr.o(.text)
    __aeabi_memclr4                          0x08000711   Thumb Code     0  rt_memclr_w.o(.text)
    __aeabi_memclr8                          0x08000711   Thumb Code     0  rt_memclr_w.o(.text)
    __rt_memclr_w                            0x08000711   Thumb Code    78  rt_memclr_w.o(.text)
    _memset_w                                0x08000715   Thumb Code     0  rt_memclr_w.o(.text)
    strncpy                                  0x0800075f   Thumb Code    86  strncpy.o(.text)
    strcmp                                   0x080007b5   Thumb Code   128  strcmpv7m.o(.text)
    __use_two_region_memory                  0x08000835   Thumb Code     2  heapauxi.o(.text)
    __rt_heap_escrow                         0x08000837   Thumb Code     2  heapauxi.o(.text)
    __rt_heap_expand                         0x08000839   Thumb Code     2  heapauxi.o(.text)
    __rt_heap_descriptor                     0x0800083d   Thumb Code     8  rt_heap_descriptor_intlibspace.o(.text)
    __use_no_heap                            0x08000845   Thumb Code     2  hguard.o(.text)
    __heap$guard                             0x08000847   Thumb Code     2  hguard.o(.text)
    _terminate_user_alloc                    0x08000849   Thumb Code     2  init_alloc.o(.text)
    _init_user_alloc                         0x0800084b   Thumb Code     2  init_alloc.o(.text)
    __Heap_Full                              0x0800084d   Thumb Code    34  init_alloc.o(.text)
    __Heap_Broken                            0x0800086f   Thumb Code     6  init_alloc.o(.text)
    _init_alloc                              0x08000875   Thumb Code    94  init_alloc.o(.text)
    __Heap_Initialize                        0x080008d3   Thumb Code    10  h1_init.o(.text)
    __Heap_DescSize                          0x080008dd   Thumb Code     4  h1_init.o(.text)
    _printf_pre_padding                      0x080008e1   Thumb Code    44  _printf_pad.o(.text)
    _printf_post_padding                     0x0800090d   Thumb Code    34  _printf_pad.o(.text)
    _printf_truncate_signed                  0x0800092f   Thumb Code    18  _printf_truncate.o(.text)
    _printf_truncate_unsigned                0x08000941   Thumb Code    18  _printf_truncate.o(.text)
    _printf_str                              0x08000953   Thumb Code    82  _printf_str.o(.text)
    _printf_int_dec                          0x080009a5   Thumb Code   104  _printf_dec.o(.text)
    _printf_charcount                        0x08000a1d   Thumb Code    40  _printf_charcount.o(.text)
    __lib_sel_fp_printf                      0x08000a45   Thumb Code     2  _printf_fp_dec.o(.text)
    _printf_fp_dec_real                      0x08000bf3   Thumb Code   620  _printf_fp_dec.o(.text)
    _printf_char_common                      0x08000e6b   Thumb Code    32  _printf_char_common.o(.text)
    _sputc                                   0x08000e91   Thumb Code    10  _sputc.o(.text)
    _snputc                                  0x08000e9b   Thumb Code    16  _snputc.o(.text)
    _printf_wctomb                           0x08000ead   Thumb Code   182  _printf_wctomb.o(.text)
    _printf_longlong_dec                     0x08000f69   Thumb Code   108  _printf_longlong_dec.o(.text)
    _printf_longlong_oct                     0x08000fe5   Thumb Code    68  _printf_oct_int_ll.o(.text)
    _printf_int_oct                          0x08001029   Thumb Code    24  _printf_oct_int_ll.o(.text)
    _printf_ll_oct                           0x08001041   Thumb Code    12  _printf_oct_int_ll.o(.text)
    _printf_longlong_hex                     0x08001055   Thumb Code    86  _printf_hex_int_ll_ptr.o(.text)
    _printf_int_hex                          0x080010ab   Thumb Code    28  _printf_hex_int_ll_ptr.o(.text)
    _printf_ll_hex                           0x080010c7   Thumb Code    12  _printf_hex_int_ll_ptr.o(.text)
    _printf_hex_ptr                          0x080010d3   Thumb Code    18  _printf_hex_int_ll_ptr.o(.text)
    __user_libspace                          0x080010e9   Thumb Code     8  libspace.o(.text)
    __user_perproc_libspace                  0x080010e9   Thumb Code     0  libspace.o(.text)
    __user_perthread_libspace                0x080010e9   Thumb Code     0  libspace.o(.text)
    __rt_locale                              0x080010f1   Thumb Code     8  rt_locale_intlibspace.o(.text)
    __Heap_ProvideMemory                     0x080010f9   Thumb Code    52  h1_extend.o(.text)
    _ll_udiv10                               0x0800112d   Thumb Code   138  lludiv10.o(.text)
    _printf_int_common                       0x080011b7   Thumb Code   178  _printf_intcommon.o(.text)
    _printf_fp_hex_real                      0x08001269   Thumb Code   754  _printf_fp_hex.o(.text)
    _printf_fp_infnan                        0x08001565   Thumb Code   112  _printf_fp_infnan.o(.text)
    _printf_cs_common                        0x080015e5   Thumb Code    20  _printf_char.o(.text)
    _printf_char                             0x080015f9   Thumb Code    16  _printf_char.o(.text)
    _printf_string                           0x08001609   Thumb Code     8  _printf_char.o(.text)
    _printf_lcs_common                       0x08001611   Thumb Code    20  _printf_wchar.o(.text)
    _printf_wchar                            0x08001625   Thumb Code    16  _printf_wchar.o(.text)
    _printf_wstring                          0x08001635   Thumb Code     8  _printf_wchar.o(.text)
    _btod_etento                             0x0800163d   Thumb Code   216  bigflt0.o(.text)
    _wcrtomb                                 0x08001719   Thumb Code    64  _wcrtomb.o(.text)
    __rt_SIGRTMEM                            0x08001759   Thumb Code    14  defsig_rtmem_outer.o(.text)
    __I$use$semihosting                      0x08001767   Thumb Code     0  use_no_semi.o(.text)
    __use_no_semihosting_swi                 0x08001767   Thumb Code     2  use_no_semi.o(.text)
    __semihosting_library_function           0x08001769   Thumb Code     0  indicate_semi.o(.text)
    __user_setup_stackheap                   0x08001769   Thumb Code    74  sys_stackheap_outer.o(.text)
    __rt_ctype_table                         0x080017b5   Thumb Code    16  rt_ctype_table.o(.text)
    exit                                     0x080017c5   Thumb Code    12  exit.o(.text)
    __sig_exit                               0x080017d1   Thumb Code    10  defsig_exit.o(.text)
    __rt_SIGRTMEM_inner                      0x080017dd   Thumb Code    22  defsig_rtmem_inner.o(.text)
    _sys_exit                                0x0800182d   Thumb Code     8  sys_exit.o(.text)
    __default_signal_display                 0x08001839   Thumb Code    50  defsig_general.o(.text)
    _ttywrch                                 0x0800186b   Thumb Code    14  sys_wrch.o(.text)
    _btod_d2e                                0x08001879   Thumb Code    62  btod.o(CL$$btod_d2e)
    _d2e_denorm_low                          0x080018b7   Thumb Code    70  btod.o(CL$$btod_d2e_denorm_low)
    _d2e_norm_op1                            0x080018fd   Thumb Code    96  btod.o(CL$$btod_d2e_norm_op1)
    __btod_div_common                        0x0800195d   Thumb Code   696  btod.o(CL$$btod_div_common)
    _e2e                                     0x08001c95   Thumb Code   198  btod.o(CL$$btod_e2e)
    _btod_ediv                               0x08001d5b   Thumb Code    40  btod.o(CL$$btod_ediv)
    _btod_emul                               0x08001d83   Thumb Code    40  btod.o(CL$$btod_emul)
    __btod_mult_common                       0x08001dab   Thumb Code   580  btod.o(CL$$btod_mult_common)
    GPIO_Init                                0x080025e5   Thumb Code   278  stm32f10x_gpio.o(i.GPIO_Init)
    GPIO_PinRemapConfig                      0x080026fd   Thumb Code   138  stm32f10x_gpio.o(i.GPIO_PinRemapConfig)
    GPIO_ReadOutputDataBit                   0x0800278d   Thumb Code    18  stm32f10x_gpio.o(i.GPIO_ReadOutputDataBit)
    GPIO_ResetBits                           0x0800279f   Thumb Code     4  stm32f10x_gpio.o(i.GPIO_ResetBits)
    GPIO_SetBits                             0x080027a3   Thumb Code     4  stm32f10x_gpio.o(i.GPIO_SetBits)
    GPIO_WriteBit                            0x080027a7   Thumb Code    10  stm32f10x_gpio.o(i.GPIO_WriteBit)
    GUA_Timer1_PWM_Init                      0x08002875   Thumb Code    16  gua_timer1_pwm.o(i.GUA_Timer1_PWM_Init)
    GUA_Timer1_PWM_Status                    0x08002885   Thumb Code    34  gua_timer1_pwm.o(i.GUA_Timer1_PWM_Status)
    GimbalEmu_ControlSpeed                   0x080029d5   Thumb Code    60  test_payload_gimbal_emu.o(i.GimbalEmu_ControlSpeed)
    GimbalEmu_GetGimbalParam                 0x08002a3d   Thumb Code   556  test_payload_gimbal_emu.o(i.GimbalEmu_GetGimbalParam)
    GimbalEmu_ReturnHead                     0x08002ca1   Thumb Code    32  test_payload_gimbal_emu.o(i.GimbalEmu_ReturnHead)
    GimbalEmu_SetGimbalMode                  0x08002ced   Thumb Code    26  test_payload_gimbal_emu.o(i.GimbalEmu_SetGimbalMode)
    GimbalEmu_StartCalibration               0x08002d31   Thumb Code    20  test_payload_gimbal_emu.o(i.GimbalEmu_StartCalibration)
    LED_Control                              0x08002d71   Thumb Code    84  led_button_switch.o(i.LED_Control)
    LED_Init                                 0x08002dc9   Thumb Code    38  led_button_switch.o(i.LED_Init)
    LOG_Init                                 0x08002df5   Thumb Code    20  log_printf.o(i.LOG_Init)
    MotorControlFunc                         0x08002e0d   Thumb Code    44  motordriver.o(i.MotorControlFunc)
    NVIC_Init                                0x08002f6d   Thumb Code   100  misc.o(i.NVIC_Init)
    PsdkAes_Decrypt                          0x080030f9   Thumb Code   112  psdk_aes.o(i.PsdkAes_Decrypt)
    PsdkAes_Encrypt                          0x08003189   Thumb Code   112  psdk_aes.o(i.PsdkAes_Encrypt)
    PsdkAes_SetupDecrypt                     0x08003da9   Thumb Code   634  psdk_aes.o(i.PsdkAes_SetupDecrypt)
    PsdkAppFunc_Init                         0x08004489   Thumb Code    62  psdk_app_func.o(i.PsdkAppFunc_Init)
    PsdkAppFunc_PushMsgToFloatingWindow      0x080044e1   Thumb Code    94  psdk_app_func.o(i.PsdkAppFunc_PushMsgToFloatingWindow)
    PsdkAppFunc_RegGetWidgetValueCallback    0x08004541   Thumb Code    10  psdk_app_func.o(i.PsdkAppFunc_RegGetWidgetValueCallback)
    PsdkAppFunc_RegSetWidgetValueCallback    0x08004551   Thumb Code    10  psdk_app_func.o(i.PsdkAppFunc_RegSetWidgetValueCallback)
    PsdkAppFunc_SetReceiveFromAppCallback    0x08004561   Thumb Code    10  psdk_app_func.o(i.PsdkAppFunc_SetReceiveFromAppCallback)
    PsdkAppFunc_SetWidgetList                0x08004571   Thumb Code    14  psdk_app_func.o(i.PsdkAppFunc_SetWidgetList)
    PsdkAppFunc_TransferToApp                0x08004589   Thumb Code   172  psdk_app_func.o(i.PsdkAppFunc_TransferToApp)
    PsdkComInfSw                             0x08004635   Thumb Code     6  application.o(i.PsdkComInfSw)
    PsdkCrc_Crc16                            0x0800463d   Thumb Code    74  psdk_crc.o(i.PsdkCrc_Crc16)
    PsdkCrc_Crc32                            0x080046ad   Thumb Code    76  psdk_crc.o(i.PsdkCrc_Crc32)
    PsdkDebug_AssertFailed                   0x0800471d   Thumb Code    20  psdk_debug.o(i.PsdkDebug_AssertFailed)
    PsdkGimbal_Init                          0x08004769   Thumb Code    48  psdk_payload_gimbal.o(i.PsdkGimbal_Init)
    PsdkMsgSub_Init                          0x080047a5   Thumb Code    38  psdk_msg_subcribe.o(i.PsdkMsgSub_Init)
    PsdkMsgSub_RegMsgCallbackList            0x080047d5   Thumb Code    20  psdk_msg_subcribe.o(i.PsdkMsgSub_RegMsgCallbackList)
    PsdkProcessRec                           0x080049a5   Thumb Code    32  application.o(i.PsdkProcessRec)
    PsdkProtParse_AddByte                    0x080049cd   Thumb Code   224  psdk_proto_parse.o(i.PsdkProtParse_AddByte)
    PsdkProtParse_Init                       0x08004ab5   Thumb Code     8  psdk_proto_parse.o(i.PsdkProtParse_Init)
    PsdkProt_GetCurrentSendSeq               0x08004abd   Thumb Code    18  psdk_proto.o(i.PsdkProt_GetCurrentSendSeq)
    PsdkProto_DealCmd                        0x08004bb9   Thumb Code   236  psdk_proto.o(i.PsdkProto_DealCmd)
    PsdkProto_Init                           0x08004ecb   Thumb Code    78  psdk_proto.o(i.PsdkProto_Init)
    PsdkProto_ProcessReceiveData             0x08004f19   Thumb Code   110  psdk_proto.o(i.PsdkProto_ProcessReceiveData)
    PsdkProto_RegCmdSetHandler               0x08005051   Thumb Code   114  psdk_proto.o(i.PsdkProto_RegCmdSetHandler)
    PsdkProto_RegSendDataFunc                0x080050c3   Thumb Code    16  psdk_proto.o(i.PsdkProto_RegSendDataFunc)
    PsdkProto_Send                           0x080050d3   Thumb Code    64  psdk_proto.o(i.PsdkProto_Send)
    PsdkProto_SendAckData                    0x08005113   Thumb Code    62  psdk_proto.o(i.PsdkProto_SendAckData)
    PsdkTest                                 0x08005151   Thumb Code    72  application.o(i.PsdkTest)
    PsdkUpper_Init                           0x0800521d   Thumb Code   100  psdk_upper.o(i.PsdkUpper_Init)
    PsdkUpper_ProcessReceiveData             0x0800528d   Thumb Code    20  psdk_upper.o(i.PsdkUpper_ProcessReceiveData)
    PsdkUpper_RegSendFunction                0x080052a1   Thumb Code    16  psdk_upper.o(i.PsdkUpper_RegSendFunction)
    Psdk_Read                                0x080052b1   Thumb Code    22  application.o(i.Psdk_Read)
    Psdk_Write                               0x080052c7   Thumb Code    20  application.o(i.Psdk_Write)
    RCC_APB1PeriphClockCmd                   0x080052dd   Thumb Code    26  stm32f10x_rcc.o(i.RCC_APB1PeriphClockCmd)
    RCC_APB1PeriphResetCmd                   0x080052fd   Thumb Code    26  stm32f10x_rcc.o(i.RCC_APB1PeriphResetCmd)
    RCC_APB2PeriphClockCmd                   0x0800531d   Thumb Code    26  stm32f10x_rcc.o(i.RCC_APB2PeriphClockCmd)
    RCC_APB2PeriphResetCmd                   0x0800533d   Thumb Code    26  stm32f10x_rcc.o(i.RCC_APB2PeriphResetCmd)
    RCC_Configuration                        0x0800535d   Thumb Code    90  main.o(i.RCC_Configuration)
    RCC_DeInit                               0x080053b9   Thumb Code    64  stm32f10x_rcc.o(i.RCC_DeInit)
    RCC_GetClocksFreq                        0x08005405   Thumb Code   192  stm32f10x_rcc.o(i.RCC_GetClocksFreq)
    RCC_GetFlagStatus                        0x080054d9   Thumb Code    56  stm32f10x_rcc.o(i.RCC_GetFlagStatus)
    RCC_GetSYSCLKSource                      0x08005515   Thumb Code    10  stm32f10x_rcc.o(i.RCC_GetSYSCLKSource)
    RCC_HCLKConfig                           0x08005525   Thumb Code    18  stm32f10x_rcc.o(i.RCC_HCLKConfig)
    RCC_HSICmd                               0x0800553d   Thumb Code     6  stm32f10x_rcc.o(i.RCC_HSICmd)
    RCC_PCLK1Config                          0x08005549   Thumb Code    18  stm32f10x_rcc.o(i.RCC_PCLK1Config)
    RCC_PCLK2Config                          0x08005561   Thumb Code    20  stm32f10x_rcc.o(i.RCC_PCLK2Config)
    RCC_PLLCmd                               0x08005579   Thumb Code     6  stm32f10x_rcc.o(i.RCC_PLLCmd)
    RCC_PLLConfig                            0x08005585   Thumb Code    24  stm32f10x_rcc.o(i.RCC_PLLConfig)
    RCC_SYSCLKConfig                         0x080055a1   Thumb Code    18  stm32f10x_rcc.o(i.RCC_SYSCLKConfig)
    RingBuf_Get                              0x080055d7   Thumb Code   116  dji_ringbuffer.o(i.RingBuf_Get)
    RingBuf_Init                             0x0800564b   Thumb Code    36  dji_ringbuffer.o(i.RingBuf_Init)
    RingBuf_Put                              0x0800566f   Thumb Code   124  dji_ringbuffer.o(i.RingBuf_Put)
    SystemInit                               0x08005805   Thumb Code    78  system_stm32f10x.o(i.SystemInit)
    TIM4_IRQHandler                          0x08005865   Thumb Code   106  motordriver.o(i.TIM4_IRQHandler)
    TIM4_init                                0x080058e5   Thumb Code   104  motordriver.o(i.TIM4_init)
    TIM_ARRPreloadConfig                     0x08005951   Thumb Code    24  stm32f10x_tim.o(i.TIM_ARRPreloadConfig)
    TIM_ClearITPendingBit                    0x08005969   Thumb Code     6  stm32f10x_tim.o(i.TIM_ClearITPendingBit)
    TIM_Cmd                                  0x0800596f   Thumb Code    24  stm32f10x_tim.o(i.TIM_Cmd)
    TIM_CtrlPWMOutputs                       0x08005987   Thumb Code    30  stm32f10x_tim.o(i.TIM_CtrlPWMOutputs)
    TIM_DeInit                               0x080059a5   Thumb Code   424  stm32f10x_tim.o(i.TIM_DeInit)
    TIM_GetITStatus                          0x08005b8d   Thumb Code    34  stm32f10x_tim.o(i.TIM_GetITStatus)
    TIM_ITConfig                             0x08005baf   Thumb Code    18  stm32f10x_tim.o(i.TIM_ITConfig)
    TIM_OC1Init                              0x08005bc1   Thumb Code   132  stm32f10x_tim.o(i.TIM_OC1Init)
    TIM_OC2Init                              0x08005c59   Thumb Code   154  stm32f10x_tim.o(i.TIM_OC2Init)
    TIM_OC2PreloadConfig                     0x08005cfd   Thumb Code    26  stm32f10x_tim.o(i.TIM_OC2PreloadConfig)
    TIM_SetCounter                           0x08005d17   Thumb Code     4  stm32f10x_tim.o(i.TIM_SetCounter)
    TIM_TimeBaseInit                         0x08005d1d   Thumb Code   122  stm32f10x_tim.o(i.TIM_TimeBaseInit)
    Test_GetWidgetValueFunc                  0x08005dc1   Thumb Code    20  test_app_func.o(i.Test_GetWidgetValueFunc)
    Test_ReceiveFromMobileSDKFunc            0x08005dd9   Thumb Code    34  test_app_func.o(i.Test_ReceiveFromMobileSDKFunc)
    Test_SetWidgetValueFunc                  0x08005e15   Thumb Code   118  test_app_func.o(i.Test_SetWidgetValueFunc)
    TurnDownMotro                            0x08005ebd   Thumb Code    26  motordriver.o(i.TurnDownMotro)
    TurnOFFMotro                             0x08005edd   Thumb Code    28  motordriver.o(i.TurnOFFMotro)
    TurnUpMotro                              0x08005efd   Thumb Code    26  motordriver.o(i.TurnUpMotro)
    UART_Init                                0x08005f1d   Thumb Code   476  uart.o(i.UART_Init)
    UART_Printf                              0x0800613d   Thumb Code    62  log_printf.o(i.UART_Printf)
    UART_Read                                0x08006181   Thumb Code    80  uart.o(i.UART_Read)
    UART_Write                               0x080061dd   Thumb Code   116  uart.o(i.UART_Write)
    USART1_IRQHandler                        0x08006269   Thumb Code    84  uart.o(i.USART1_IRQHandler)
    USART2_IRQHandler                        0x080062c9   Thumb Code    84  uart.o(i.USART2_IRQHandler)
    USART3_IRQHandler                        0x08006329   Thumb Code    84  uart.o(i.USART3_IRQHandler)
    USART_Cmd                                0x08006389   Thumb Code    24  stm32f10x_usart.o(i.USART_Cmd)
    USART_GetITStatus                        0x080063a1   Thumb Code    84  stm32f10x_usart.o(i.USART_GetITStatus)
    USART_ITConfig                           0x080063f5   Thumb Code    74  stm32f10x_usart.o(i.USART_ITConfig)
    USART_Init                               0x08006441   Thumb Code   210  stm32f10x_usart.o(i.USART_Init)
    USART_ReceiveData                        0x08006519   Thumb Code    10  stm32f10x_usart.o(i.USART_ReceiveData)
    USART_SendData                           0x08006523   Thumb Code     8  stm32f10x_usart.o(i.USART_SendData)
    __ARM_fpclassify                         0x0800652b   Thumb Code    40  fpclassify.o(i.__ARM_fpclassify)
    _is_digit                                0x08006553   Thumb Code    14  __printf_wp.o(i._is_digit)
    application_init                         0x08006565   Thumb Code   118  application.o(i.application_init)
    main                                     0x08006619   Thumb Code   100  main.o(i.main)
    md5_final                                0x080066ad   Thumb Code   234  psdk_md5.o(i.md5_final)
    md5_init                                 0x08006799   Thumb Code    30  psdk_md5.o(i.md5_init)
    md5_transform                            0x080067c1   Thumb Code  2434  psdk_md5.o(i.md5_transform)
    md5_update                               0x08007241   Thumb Code    68  psdk_md5.o(i.md5_update)
    _get_lc_numeric                          0x0800728d   Thumb Code    44  lc_numeric_c.o(locale$$code)
    _get_lc_ctype                            0x080072b9   Thumb Code    44  lc_ctype_c.o(locale$$code)
    __aeabi_dadd                             0x080072e5   Thumb Code     0  daddsub_clz.o(x$fpl$dadd)
    _dadd                                    0x080072e5   Thumb Code   332  daddsub_clz.o(x$fpl$dadd)
    __aeabi_d2iz                             0x08007435   Thumb Code     0  dfix.o(x$fpl$dfix)
    _dfix                                    0x08007435   Thumb Code    94  dfix.o(x$fpl$dfix)
    __aeabi_i2d                              0x08007493   Thumb Code     0  dflt_clz.o(x$fpl$dflt)
    _dflt                                    0x08007493   Thumb Code    46  dflt_clz.o(x$fpl$dflt)
    __aeabi_dmul                             0x080074c1   Thumb Code     0  dmul.o(x$fpl$dmul)
    _dmul                                    0x080074c1   Thumb Code   332  dmul.o(x$fpl$dmul)
    __fpl_dnaninf                            0x08007615   Thumb Code   156  dnaninf.o(x$fpl$dnaninf)
    __fpl_dretinf                            0x080076b1   Thumb Code    12  dretinf.o(x$fpl$dretinf)
    __aeabi_dsub                             0x080076bd   Thumb Code     0  daddsub_clz.o(x$fpl$dsub)
    _dsub                                    0x080076bd   Thumb Code   464  daddsub_clz.o(x$fpl$dsub)
    _printf_fp_dec                           0x08007891   Thumb Code     4  printf1.o(x$fpl$printf1)
    _printf_fp_hex                           0x08007895   Thumb Code     4  printf2.o(x$fpl$printf2)
    __I$use$fp                               0x08007898   Number         0  usenofp.o(x$fpl$usenofp)
    g_TestWidgetCount                        0x08008584   Data           1  test_app_func.o(.constdata)
    g_PushDataMsgCallbackList                0x080085bc   Data          36  test_msg_push.o(.constdata)
    g_testGimbalHandler                      0x080085e0   Data          20  test_payload_gimbal_emu.o(.constdata)
    Region$$Table$$Base                      0x080088d8   Number         0  anon$$obj.o(Region$$Table)
    Region$$Table$$Limit                     0x080088f8   Number         0  anon$$obj.o(Region$$Table)
    __ctype                                  0x08008921   Data           0  lc_ctype_c.o(locale$$data)
    task_Run_couter                          0x20000004   Data           4  motordriver.o(.data)
    task_Run_flag                            0x20000008   Data           1  motordriver.o(.data)
    Motor_Run_couter                         0x2000000c   Data           4  motordriver.o(.data)
    Motor_Run_flag                           0x20000010   Data           1  motordriver.o(.data)
    Motor_Direction_flag                     0x20000011   Data           1  motordriver.o(.data)
    g_TestWidgetList                         0x20000444   Data           4  test_app_func.o(.data)
    SYSclock                                 0x20000458   Data          20  main.o(.bss)
    __libspace_start                         0x20002048   Data          96  libspace.o(.bss)
    __temporary_stack_top$libspace           0x200020a8   Data           0  libspace.o(.bss)



==============================================================================

Memory Map of the image

  Image Entry point : 0x080000ed

  Load Region LR_IROM1 (Base: 0x08000000, Size: 0x00008e7c, Max: 0x00010000, ABSOLUTE, COMPRESSED[0x00008e50])

    Execution Region ER_IROM1 (Base: 0x08000000, Size: 0x00008a24, Max: 0x00010000, ABSOLUTE)

    Base Addr    Size         Type   Attr      Idx    E Section Name        Object

    0x08000000   0x000000ec   Data   RO         3501    RESET               startup_stm32f10x_md.o
    0x080000ec   0x00000008   Code   RO         3664  * !!!main             c_w.l(__main.o)
    0x080000f4   0x00000034   Code   RO         4028    !!!scatter          c_w.l(__scatter.o)
    0x08000128   0x00000064   Code   RO         4026    !!dclz77c           c_w.l(__dclz77c.o)
    0x0800018c   0x0000001c   Code   RO         4030    !!handler_zi        c_w.l(__scatter_zi.o)
    0x080001a8   0x00000000   Code   RO         3645    .ARM.Collect$$_printf_percent$$00000000  c_w.l(_printf_percent.o)
    0x080001a8   0x00000006   Code   RO         3766    .ARM.Collect$$_printf_percent$$00000001  c_w.l(_printf_n.o)
    0x080001ae   0x00000006   Code   RO         3768    .ARM.Collect$$_printf_percent$$00000002  c_w.l(_printf_p.o)
    0x080001b4   0x00000006   Code   RO         3644    .ARM.Collect$$_printf_percent$$00000003  c_w.l(_printf_f.o)
    0x080001ba   0x00000006   Code   RO         3773    .ARM.Collect$$_printf_percent$$00000004  c_w.l(_printf_e.o)
    0x080001c0   0x00000006   Code   RO         3774    .ARM.Collect$$_printf_percent$$00000005  c_w.l(_printf_g.o)
    0x080001c6   0x00000006   Code   RO         3775    .ARM.Collect$$_printf_percent$$00000006  c_w.l(_printf_a.o)
    0x080001cc   0x0000000a   Code   RO         3780    .ARM.Collect$$_printf_percent$$00000007  c_w.l(_printf_ll.o)
    0x080001d6   0x00000006   Code   RO         3770    .ARM.Collect$$_printf_percent$$00000008  c_w.l(_printf_i.o)
    0x080001dc   0x00000006   Code   RO         3771    .ARM.Collect$$_printf_percent$$00000009  c_w.l(_printf_d.o)
    0x080001e2   0x00000006   Code   RO         3772    .ARM.Collect$$_printf_percent$$0000000A  c_w.l(_printf_u.o)
    0x080001e8   0x00000006   Code   RO         3769    .ARM.Collect$$_printf_percent$$0000000B  c_w.l(_printf_o.o)
    0x080001ee   0x00000006   Code   RO         3767    .ARM.Collect$$_printf_percent$$0000000C  c_w.l(_printf_x.o)
    0x080001f4   0x00000006   Code   RO         3777    .ARM.Collect$$_printf_percent$$0000000D  c_w.l(_printf_lli.o)
    0x080001fa   0x00000006   Code   RO         3778    .ARM.Collect$$_printf_percent$$0000000E  c_w.l(_printf_lld.o)
    0x08000200   0x00000006   Code   RO         3779    .ARM.Collect$$_printf_percent$$0000000F  c_w.l(_printf_llu.o)
    0x08000206   0x00000006   Code   RO         3784    .ARM.Collect$$_printf_percent$$00000010  c_w.l(_printf_llo.o)
    0x0800020c   0x00000006   Code   RO         3785    .ARM.Collect$$_printf_percent$$00000011  c_w.l(_printf_llx.o)
    0x08000212   0x0000000a   Code   RO         3781    .ARM.Collect$$_printf_percent$$00000012  c_w.l(_printf_l.o)
    0x0800021c   0x00000006   Code   RO         3764    .ARM.Collect$$_printf_percent$$00000013  c_w.l(_printf_c.o)
    0x08000222   0x00000006   Code   RO         3765    .ARM.Collect$$_printf_percent$$00000014  c_w.l(_printf_s.o)
    0x08000228   0x00000006   Code   RO         3782    .ARM.Collect$$_printf_percent$$00000015  c_w.l(_printf_lc.o)
    0x0800022e   0x00000006   Code   RO         3783    .ARM.Collect$$_printf_percent$$00000016  c_w.l(_printf_ls.o)
    0x08000234   0x00000004   Code   RO         3776    .ARM.Collect$$_printf_percent$$00000017  c_w.l(_printf_percent_end.o)
    0x08000238   0x00000002   Code   RO         3963    .ARM.Collect$$libinit$$00000000  c_w.l(libinit.o)
    0x0800023a   0x00000000   Code   RO         3789    .ARM.Collect$$libinit$$00000002  c_w.l(libinit2.o)
    0x0800023a   0x00000000   Code   RO         3791    .ARM.Collect$$libinit$$00000004  c_w.l(libinit2.o)
    0x0800023a   0x00000008   Code   RO         3792    .ARM.Collect$$libinit$$00000005  c_w.l(libinit2.o)
    0x08000242   0x00000000   Code   RO         3794    .ARM.Collect$$libinit$$0000000A  c_w.l(libinit2.o)
    0x08000242   0x00000000   Code   RO         3796    .ARM.Collect$$libinit$$0000000C  c_w.l(libinit2.o)
    0x08000242   0x00000000   Code   RO         3798    .ARM.Collect$$libinit$$0000000E  c_w.l(libinit2.o)
    0x08000242   0x00000006   Code   RO         3799    .ARM.Collect$$libinit$$0000000F  c_w.l(libinit2.o)
    0x08000248   0x00000000   Code   RO         3801    .ARM.Collect$$libinit$$00000011  c_w.l(libinit2.o)
    0x08000248   0x0000000c   Code   RO         3802    .ARM.Collect$$libinit$$00000012  c_w.l(libinit2.o)
    0x08000254   0x00000000   Code   RO         3803    .ARM.Collect$$libinit$$00000013  c_w.l(libinit2.o)
    0x08000254   0x00000000   Code   RO         3805    .ARM.Collect$$libinit$$00000015  c_w.l(libinit2.o)
    0x08000254   0x0000000a   Code   RO         3806    .ARM.Collect$$libinit$$00000016  c_w.l(libinit2.o)
    0x0800025e   0x00000000   Code   RO         3807    .ARM.Collect$$libinit$$00000017  c_w.l(libinit2.o)
    0x0800025e   0x00000000   Code   RO         3809    .ARM.Collect$$libinit$$00000019  c_w.l(libinit2.o)
    0x0800025e   0x00000000   Code   RO         3811    .ARM.Collect$$libinit$$0000001B  c_w.l(libinit2.o)
    0x0800025e   0x00000000   Code   RO         3813    .ARM.Collect$$libinit$$0000001D  c_w.l(libinit2.o)
    0x0800025e   0x00000000   Code   RO         3815    .ARM.Collect$$libinit$$0000001F  c_w.l(libinit2.o)
    0x0800025e   0x00000000   Code   RO         3817    .ARM.Collect$$libinit$$00000021  c_w.l(libinit2.o)
    0x0800025e   0x00000000   Code   RO         3819    .ARM.Collect$$libinit$$00000023  c_w.l(libinit2.o)
    0x0800025e   0x00000000   Code   RO         3821    .ARM.Collect$$libinit$$00000025  c_w.l(libinit2.o)
    0x0800025e   0x00000000   Code   RO         3825    .ARM.Collect$$libinit$$0000002C  c_w.l(libinit2.o)
    0x0800025e   0x00000000   Code   RO         3827    .ARM.Collect$$libinit$$0000002E  c_w.l(libinit2.o)
    0x0800025e   0x00000000   Code   RO         3829    .ARM.Collect$$libinit$$00000030  c_w.l(libinit2.o)
    0x0800025e   0x00000000   Code   RO         3831    .ARM.Collect$$libinit$$00000032  c_w.l(libinit2.o)
    0x0800025e   0x00000002   Code   RO         3832    .ARM.Collect$$libinit$$00000033  c_w.l(libinit2.o)
    0x08000260   0x00000002   Code   RO         4023    .ARM.Collect$$libshutdown$$00000000  c_w.l(libshutdown.o)
    0x08000262   0x00000000   Code   RO         3981    .ARM.Collect$$libshutdown$$00000003  c_w.l(libshutdown2.o)
    0x08000262   0x00000000   Code   RO         3984    .ARM.Collect$$libshutdown$$00000006  c_w.l(libshutdown2.o)
    0x08000262   0x00000000   Code   RO         3987    .ARM.Collect$$libshutdown$$00000009  c_w.l(libshutdown2.o)
    0x08000262   0x00000000   Code   RO         3989    .ARM.Collect$$libshutdown$$0000000B  c_w.l(libshutdown2.o)
    0x08000262   0x00000000   Code   RO         3992    .ARM.Collect$$libshutdown$$0000000E  c_w.l(libshutdown2.o)
    0x08000262   0x00000002   Code   RO         3993    .ARM.Collect$$libshutdown$$0000000F  c_w.l(libshutdown2.o)
    0x08000264   0x00000000   Code   RO         3688    .ARM.Collect$$rtentry$$00000000  c_w.l(__rtentry.o)
    0x08000264   0x00000000   Code   RO         3850    .ARM.Collect$$rtentry$$00000002  c_w.l(__rtentry2.o)
    0x08000264   0x00000006   Code   RO         3862    .ARM.Collect$$rtentry$$00000004  c_w.l(__rtentry4.o)
    0x0800026a   0x00000000   Code   RO         3852    .ARM.Collect$$rtentry$$00000009  c_w.l(__rtentry2.o)
    0x0800026a   0x00000004   Code   RO         3853    .ARM.Collect$$rtentry$$0000000A  c_w.l(__rtentry2.o)
    0x0800026e   0x00000000   Code   RO         3855    .ARM.Collect$$rtentry$$0000000C  c_w.l(__rtentry2.o)
    0x0800026e   0x00000008   Code   RO         3856    .ARM.Collect$$rtentry$$0000000D  c_w.l(__rtentry2.o)
    0x08000276   0x00000002   Code   RO         3966    .ARM.Collect$$rtexit$$00000000  c_w.l(rtexit.o)
    0x08000278   0x00000000   Code   RO         3997    .ARM.Collect$$rtexit$$00000002  c_w.l(rtexit2.o)
    0x08000278   0x00000004   Code   RO         3998    .ARM.Collect$$rtexit$$00000003  c_w.l(rtexit2.o)
    0x0800027c   0x00000006   Code   RO         3999    .ARM.Collect$$rtexit$$00000004  c_w.l(rtexit2.o)
    0x08000282   0x00000002   PAD
    0x08000284   0x00000000   Code   RO         3871    .emb_text           c_w.l(maybetermalloc1.o)
    0x08000284   0x00000040   Code   RO         3502    .text               startup_stm32f10x_md.o
    0x080002c4   0x0000005e   Code   RO         3558    .text               c_w.l(h1_alloc.o)
    0x08000322   0x0000004e   Code   RO         3560    .text               c_w.l(h1_free.o)
    0x08000370   0x00000034   Code   RO         3616    .text               c_w.l(vsnprintf.o)
    0x080003a4   0x0000002c   Code   RO         3618    .text               c_w.l(__2sprintf.o)
    0x080003d0   0x00000188   Code   RO         3641    .text               c_w.l(__printf_flags_ss_wp.o)
    0x08000558   0x00000048   Code   RO         3646    .text               c_w.l(strcpy.o)
    0x080005a0   0x0000003e   Code   RO         3648    .text               c_w.l(strlen.o)
    0x080005de   0x0000008a   Code   RO         3650    .text               c_w.l(rt_memcpy_v6.o)
    0x08000668   0x00000064   Code   RO         3652    .text               c_w.l(rt_memcpy_w.o)
    0x080006cc   0x00000044   Code   RO         3654    .text               c_w.l(rt_memclr.o)
    0x08000710   0x0000004e   Code   RO         3656    .text               c_w.l(rt_memclr_w.o)
    0x0800075e   0x00000056   Code   RO         3658    .text               c_w.l(strncpy.o)
    0x080007b4   0x00000080   Code   RO         3660    .text               c_w.l(strcmpv7m.o)
    0x08000834   0x00000006   Code   RO         3662    .text               c_w.l(heapauxi.o)
    0x0800083a   0x00000002   PAD
    0x0800083c   0x00000008   Code   RO         3692    .text               c_w.l(rt_heap_descriptor_intlibspace.o)
    0x08000844   0x00000004   Code   RO         3694    .text               c_w.l(hguard.o)
    0x08000848   0x0000008a   Code   RO         3696    .text               c_w.l(init_alloc.o)
    0x080008d2   0x0000000e   Code   RO         3700    .text               c_w.l(h1_init.o)
    0x080008e0   0x0000004e   Code   RO         3714    .text               c_w.l(_printf_pad.o)
    0x0800092e   0x00000024   Code   RO         3716    .text               c_w.l(_printf_truncate.o)
    0x08000952   0x00000052   Code   RO         3718    .text               c_w.l(_printf_str.o)
    0x080009a4   0x00000078   Code   RO         3720    .text               c_w.l(_printf_dec.o)
    0x08000a1c   0x00000028   Code   RO         3722    .text               c_w.l(_printf_charcount.o)
    0x08000a44   0x0000041a   Code   RO         3724    .text               c_w.l(_printf_fp_dec.o)
    0x08000e5e   0x00000002   PAD
    0x08000e60   0x00000030   Code   RO         3726    .text               c_w.l(_printf_char_common.o)
    0x08000e90   0x0000000a   Code   RO         3728    .text               c_w.l(_sputc.o)
    0x08000e9a   0x00000010   Code   RO         3730    .text               c_w.l(_snputc.o)
    0x08000eaa   0x00000002   PAD
    0x08000eac   0x000000bc   Code   RO         3732    .text               c_w.l(_printf_wctomb.o)
    0x08000f68   0x0000007c   Code   RO         3735    .text               c_w.l(_printf_longlong_dec.o)
    0x08000fe4   0x00000070   Code   RO         3741    .text               c_w.l(_printf_oct_int_ll.o)
    0x08001054   0x00000094   Code   RO         3761    .text               c_w.l(_printf_hex_int_ll_ptr.o)
    0x080010e8   0x00000008   Code   RO         3846    .text               c_w.l(libspace.o)
    0x080010f0   0x00000008   Code   RO         3867    .text               c_w.l(rt_locale_intlibspace.o)
    0x080010f8   0x00000034   Code   RO         3873    .text               c_w.l(h1_extend.o)
    0x0800112c   0x0000008a   Code   RO         3877    .text               c_w.l(lludiv10.o)
    0x080011b6   0x000000b2   Code   RO         3879    .text               c_w.l(_printf_intcommon.o)
    0x08001268   0x000002fc   Code   RO         3881    .text               c_w.l(_printf_fp_hex.o)
    0x08001564   0x00000080   Code   RO         3884    .text               c_w.l(_printf_fp_infnan.o)
    0x080015e4   0x0000002c   Code   RO         3888    .text               c_w.l(_printf_char.o)
    0x08001610   0x0000002c   Code   RO         3890    .text               c_w.l(_printf_wchar.o)
    0x0800163c   0x000000dc   Code   RO         3892    .text               c_w.l(bigflt0.o)
    0x08001718   0x00000040   Code   RO         3917    .text               c_w.l(_wcrtomb.o)
    0x08001758   0x0000000e   Code   RO         3922    .text               c_w.l(defsig_rtmem_outer.o)
    0x08001766   0x00000002   Code   RO         3937    .text               c_w.l(use_no_semi.o)
    0x08001768   0x00000000   Code   RO         3939    .text               c_w.l(indicate_semi.o)
    0x08001768   0x0000004a   Code   RO         3940    .text               c_w.l(sys_stackheap_outer.o)
    0x080017b2   0x00000002   PAD
    0x080017b4   0x00000010   Code   RO         3942    .text               c_w.l(rt_ctype_table.o)
    0x080017c4   0x0000000c   Code   RO         3948    .text               c_w.l(exit.o)
    0x080017d0   0x0000000a   Code   RO         3950    .text               c_w.l(defsig_exit.o)
    0x080017da   0x00000002   PAD
    0x080017dc   0x00000050   Code   RO         3952    .text               c_w.l(defsig_rtmem_inner.o)
    0x0800182c   0x0000000c   Code   RO         3964    .text               c_w.l(sys_exit.o)
    0x08001838   0x00000032   Code   RO         3977    .text               c_w.l(defsig_general.o)
    0x0800186a   0x0000000e   Code   RO         3994    .text               c_w.l(sys_wrch.o)
    0x08001878   0x0000003e   Code   RO         3895    CL$$btod_d2e        c_w.l(btod.o)
    0x080018b6   0x00000046   Code   RO         3897    CL$$btod_d2e_denorm_low  c_w.l(btod.o)
    0x080018fc   0x00000060   Code   RO         3896    CL$$btod_d2e_norm_op1  c_w.l(btod.o)
    0x0800195c   0x00000338   Code   RO         3905    CL$$btod_div_common  c_w.l(btod.o)
    0x08001c94   0x000000c6   Code   RO         3902    CL$$btod_e2e        c_w.l(btod.o)
    0x08001d5a   0x00000028   Code   RO         3899    CL$$btod_ediv       c_w.l(btod.o)
    0x08001d82   0x00000028   Code   RO         3898    CL$$btod_emul       c_w.l(btod.o)
    0x08001daa   0x00000244   Code   RO         3904    CL$$btod_mult_common  c_w.l(btod.o)
    0x08001fee   0x00000002   PAD
    0x08001ff0   0x00000054   Code   RO         2821    i.AppFuncCmd_GetWidgetGroupCount  psdk_app_func.o
    0x08002044   0x0000026c   Code   RO         2822    i.AppFuncCmd_GetWidgetGroupValue  psdk_app_func.o
    0x080022b0   0x0000003c   Code   RO         2823    i.AppFuncCmd_GetWidgetListLength  psdk_app_func.o
    0x080022ec   0x0000013c   Code   RO         2824    i.AppFuncCmd_GetWidgetListValue  psdk_app_func.o
    0x08002428   0x00000058   Code   RO         2825    i.AppFuncCmd_SetWidgetValue  psdk_app_func.o
    0x08002480   0x00000020   Code   RO         2826    i.AppFuncCmd_TT_AppToLoad  psdk_app_func.o
    0x080024a0   0x00000144   Code   RO          183    i.FillInUserInfo    application.o
    0x080025e4   0x00000116   Code   RO          699    i.GPIO_Init         stm32f10x_gpio.o
    0x080026fa   0x00000002   PAD
    0x080026fc   0x00000090   Code   RO          701    i.GPIO_PinRemapConfig  stm32f10x_gpio.o
    0x0800278c   0x00000012   Code   RO          705    i.GPIO_ReadOutputDataBit  stm32f10x_gpio.o
    0x0800279e   0x00000004   Code   RO          706    i.GPIO_ResetBits    stm32f10x_gpio.o
    0x080027a2   0x00000004   Code   RO          707    i.GPIO_SetBits      stm32f10x_gpio.o
    0x080027a6   0x0000000a   Code   RO          710    i.GPIO_WriteBit     stm32f10x_gpio.o
    0x080027b0   0x00000098   Code   RO          644    i.GUA_Timer1_PWM_Config_Init  gua_timer1_pwm.o
    0x08002848   0x0000002c   Code   RO          645    i.GUA_Timer1_PWM_IO_Init  gua_timer1_pwm.o
    0x08002874   0x00000010   Code   RO          646    i.GUA_Timer1_PWM_Init  gua_timer1_pwm.o
    0x08002884   0x00000028   Code   RO          648    i.GUA_Timer1_PWM_Status  gua_timer1_pwm.o
    0x080028ac   0x00000030   Code   RO         3186    i.GimbalCmd_ControlSpeed  psdk_payload_gimbal.o
    0x080028dc   0x00000034   Code   RO         3187    i.GimbalCmd_GetGimbalState  psdk_payload_gimbal.o
    0x08002910   0x00000030   Code   RO         3188    i.GimbalCmd_ReturnHead  psdk_payload_gimbal.o
    0x08002940   0x00000030   Code   RO         3189    i.GimbalCmd_SetGimbalMode  psdk_payload_gimbal.o
    0x08002970   0x00000030   Code   RO         3190    i.GimbalCmd_StartCalibration  psdk_payload_gimbal.o
    0x080029a0   0x00000034   Code   RO         3191    i.GimbalCmd_SupportState  psdk_payload_gimbal.o
    0x080029d4   0x00000068   Code   RO         3447    i.GimbalEmu_ControlSpeed  test_payload_gimbal_emu.o
    0x08002a3c   0x00000264   Code   RO         3448    i.GimbalEmu_GetGimbalParam  test_payload_gimbal_emu.o
    0x08002ca0   0x0000004c   Code   RO         3449    i.GimbalEmu_ReturnHead  test_payload_gimbal_emu.o
    0x08002cec   0x00000044   Code   RO         3450    i.GimbalEmu_SetGimbalMode  test_payload_gimbal_emu.o
    0x08002d30   0x00000040   Code   RO         3451    i.GimbalEmu_StartCalibration  test_payload_gimbal_emu.o
    0x08002d70   0x00000058   Code   RO          355    i.LED_Control       led_button_switch.o
    0x08002dc8   0x0000002c   Code   RO          356    i.LED_Init          led_button_switch.o
    0x08002df4   0x00000018   Code   RO          391    i.LOG_Init          log_printf.o
    0x08002e0c   0x00000034   Code   RO          575    i.MotorControlFunc  motordriver.o
    0x08002e40   0x00000020   Code   RO         2915    i.MsgPushCmd_GpsRawData  psdk_msg_subcribe.o
    0x08002e60   0x00000020   Code   RO         2916    i.MsgPushCmd_PushAppDateTime  psdk_msg_subcribe.o
    0x08002e80   0x00000020   Code   RO         2917    i.MsgPushCmd_PushAttitude  psdk_msg_subcribe.o
    0x08002ea0   0x00000020   Code   RO         2918    i.MsgPushCmd_PushBandWidth  psdk_msg_subcribe.o
    0x08002ec0   0x00000020   Code   RO         2919    i.MsgPushCmd_PushBaroHeight  psdk_msg_subcribe.o
    0x08002ee0   0x0000002c   Code   RO         2920    i.MsgPushCmd_PushBatteryInfo  psdk_msg_subcribe.o
    0x08002f0c   0x00000020   Code   RO         2921    i.MsgPushCmd_PushGpsInfo  psdk_msg_subcribe.o
    0x08002f2c   0x00000020   Code   RO         2922    i.MsgPushCmd_PushUavState  psdk_msg_subcribe.o
    0x08002f4c   0x00000020   Code   RO         2923    i.MsgPushCmd_RtkRawData  psdk_msg_subcribe.o
    0x08002f6c   0x00000070   Code   RO         2437    i.NVIC_Init         misc.o
    0x08002fdc   0x0000011c   Code   RO         2485    i.PsdkAes_AddRoundKey  psdk_aes.o
    0x080030f8   0x00000090   Code   RO         2486    i.PsdkAes_Decrypt   psdk_aes.o
    0x08003188   0x00000090   Code   RO         2487    i.PsdkAes_Encrypt   psdk_aes.o
    0x08003218   0x0000054c   Code   RO         2488    i.PsdkAes_InvMixColumns  psdk_aes.o
    0x08003764   0x00000032   Code   RO         2489    i.PsdkAes_InvShiftRows  psdk_aes.o
    0x08003796   0x00000002   PAD
    0x08003798   0x00000148   Code   RO         2490    i.PsdkAes_InvSubBytes  psdk_aes.o
    0x080038e0   0x000000ec   Code   RO         2491    i.PsdkAes_KeySetup  psdk_aes.o
    0x080039cc   0x000003dc   Code   RO         2492    i.PsdkAes_MixColumns  psdk_aes.o
    0x08003da8   0x0000027a   Code   RO         2493    i.PsdkAes_SetupDecrypt  psdk_aes.o
    0x08004022   0x00000292   Code   RO         2494    i.PsdkAes_SetupEncrypt  psdk_aes.o
    0x080042b4   0x00000032   Code   RO         2495    i.PsdkAes_ShiftRows  psdk_aes.o
    0x080042e6   0x00000002   PAD
    0x080042e8   0x00000148   Code   RO         2496    i.PsdkAes_SubBytes  psdk_aes.o
    0x08004430   0x00000058   Code   RO         2497    i.PsdkAes_SubWord   psdk_aes.o
    0x08004488   0x00000058   Code   RO         2827    i.PsdkAppFunc_Init  psdk_app_func.o
    0x080044e0   0x0000005e   Code   RO         2828    i.PsdkAppFunc_PushMsgToFloatingWindow  psdk_app_func.o
    0x0800453e   0x00000002   PAD
    0x08004540   0x00000010   Code   RO         2829    i.PsdkAppFunc_RegGetWidgetValueCallback  psdk_app_func.o
    0x08004550   0x00000010   Code   RO         2830    i.PsdkAppFunc_RegSetWidgetValueCallback  psdk_app_func.o
    0x08004560   0x00000010   Code   RO         2831    i.PsdkAppFunc_SetReceiveFromAppCallback  psdk_app_func.o
    0x08004570   0x00000018   Code   RO         2832    i.PsdkAppFunc_SetWidgetList  psdk_app_func.o
    0x08004588   0x000000ac   Code   RO         2833    i.PsdkAppFunc_TransferToApp  psdk_app_func.o
    0x08004634   0x00000006   Code   RO          184    i.PsdkComInfSw      application.o
    0x0800463a   0x00000002   PAD
    0x0800463c   0x00000070   Code   RO         2573    i.PsdkCrc_Crc16     psdk_crc.o
    0x080046ac   0x00000070   Code   RO         2574    i.PsdkCrc_Crc32     psdk_crc.o
    0x0800471c   0x0000004c   Code   RO         2612    i.PsdkDebug_AssertFailed  psdk_debug.o
    0x08004768   0x0000003c   Code   RO         3192    i.PsdkGimbal_Init   psdk_payload_gimbal.o
    0x080047a4   0x00000030   Code   RO         2924    i.PsdkMsgSub_Init   psdk_msg_subcribe.o
    0x080047d4   0x00000018   Code   RO         2925    i.PsdkMsgSub_RegMsgCallbackList  psdk_msg_subcribe.o
    0x080047ec   0x00000034   Code   RO         3244    i.PsdkPayloadStateCmd_GetPayloadProductAlias  psdk_upper.o
    0x08004820   0x00000050   Code   RO         3245    i.PsdkPayloadStateCmd_GetPayloadProductInfo  psdk_upper.o
    0x08004870   0x00000048   Code   RO         3246    i.PsdkPayloadStateCmd_GetSkyportVersionInfo  psdk_upper.o
    0x080048b8   0x00000038   Code   RO         3247    i.PsdkPayloadStateCmd_GetVersion  psdk_upper.o
    0x080048f0   0x00000080   Code   RO         3248    i.PsdkPayloadStateCmd_IdentityVerify  psdk_upper.o
    0x08004970   0x00000032   Code   RO         3249    i.PsdkPayloadStateCmd_LinkHandShake  psdk_upper.o
    0x080049a2   0x00000002   PAD
    0x080049a4   0x00000028   Code   RO          185    i.PsdkProcessRec    application.o
    0x080049cc   0x000000e0   Code   RO         2765    i.PsdkProtParse_AddByte  psdk_proto_parse.o
    0x08004aac   0x00000008   Code   RO         2766    i.PsdkProtParse_ErrorProcess  psdk_proto_parse.o
    0x08004ab4   0x00000008   Code   RO         2767    i.PsdkProtParse_Init  psdk_proto_parse.o
    0x08004abc   0x00000012   Code   RO         2676    i.PsdkProt_GetCurrentSendSeq  psdk_proto.o
    0x08004ace   0x000000ea   Code   RO         3250    i.PsdkProtoUpper_CalTransferKey  psdk_upper.o
    0x08004bb8   0x00000124   Code   RO         2678    i.PsdkProto_DealCmd  psdk_proto.o
    0x08004cdc   0x0000003a   Code   RO         2679    i.PsdkProto_DealFrame  psdk_proto.o
    0x08004d16   0x0000007c   Code   RO         2680    i.PsdkProto_FrameToInfoData  psdk_proto.o
    0x08004d92   0x00000138   Code   RO         2681    i.PsdkProto_InfoDataToFrame  psdk_proto.o
    0x08004eca   0x0000004e   Code   RO         2682    i.PsdkProto_Init    psdk_proto.o
    0x08004f18   0x00000138   Code   RO         2683    i.PsdkProto_ProcessReceiveData  psdk_proto.o
    0x08005050   0x00000072   Code   RO         2684    i.PsdkProto_RegCmdSetHandler  psdk_proto.o
    0x080050c2   0x00000010   Code   RO         2685    i.PsdkProto_RegSendDataFunc  psdk_proto.o
    0x080050d2   0x00000040   Code   RO         2686    i.PsdkProto_Send    psdk_proto.o
    0x08005112   0x0000003e   Code   RO         2687    i.PsdkProto_SendAckData  psdk_proto.o
    0x08005150   0x000000cc   Code   RO          187    i.PsdkTest          application.o
    0x0800521c   0x00000070   Code   RO         3251    i.PsdkUpper_Init    psdk_upper.o
    0x0800528c   0x00000014   Code   RO         3252    i.PsdkUpper_ProcessReceiveData  psdk_upper.o
    0x080052a0   0x00000010   Code   RO         3253    i.PsdkUpper_RegSendFunction  psdk_upper.o
    0x080052b0   0x00000016   Code   RO          188    i.Psdk_Read         application.o
    0x080052c6   0x00000014   Code   RO          189    i.Psdk_Write        application.o
    0x080052da   0x00000002   PAD
    0x080052dc   0x00000020   Code   RO          821    i.RCC_APB1PeriphClockCmd  stm32f10x_rcc.o
    0x080052fc   0x00000020   Code   RO          822    i.RCC_APB1PeriphResetCmd  stm32f10x_rcc.o
    0x0800531c   0x00000020   Code   RO          823    i.RCC_APB2PeriphClockCmd  stm32f10x_rcc.o
    0x0800533c   0x00000020   Code   RO          824    i.RCC_APB2PeriphResetCmd  stm32f10x_rcc.o
    0x0800535c   0x0000005a   Code   RO            4    i.RCC_Configuration  main.o
    0x080053b6   0x00000002   PAD
    0x080053b8   0x0000004c   Code   RO          830    i.RCC_DeInit        stm32f10x_rcc.o
    0x08005404   0x000000d4   Code   RO          831    i.RCC_GetClocksFreq  stm32f10x_rcc.o
    0x080054d8   0x0000003c   Code   RO          832    i.RCC_GetFlagStatus  stm32f10x_rcc.o
    0x08005514   0x00000010   Code   RO          834    i.RCC_GetSYSCLKSource  stm32f10x_rcc.o
    0x08005524   0x00000018   Code   RO          835    i.RCC_HCLKConfig    stm32f10x_rcc.o
    0x0800553c   0x0000000c   Code   RO          837    i.RCC_HSICmd        stm32f10x_rcc.o
    0x08005548   0x00000018   Code   RO          842    i.RCC_PCLK1Config   stm32f10x_rcc.o
    0x08005560   0x00000018   Code   RO          843    i.RCC_PCLK2Config   stm32f10x_rcc.o
    0x08005578   0x0000000c   Code   RO          844    i.RCC_PLLCmd        stm32f10x_rcc.o
    0x08005584   0x0000001c   Code   RO          845    i.RCC_PLLConfig     stm32f10x_rcc.o
    0x080055a0   0x00000018   Code   RO          848    i.RCC_SYSCLKConfig  stm32f10x_rcc.o
    0x080055b8   0x0000001e   Code   RO          279    i.RingBuf_CutBufSizeToPowOfTwo  dji_ringbuffer.o
    0x080055d6   0x00000074   Code   RO          280    i.RingBuf_Get       dji_ringbuffer.o
    0x0800564a   0x00000024   Code   RO          282    i.RingBuf_Init      dji_ringbuffer.o
    0x0800566e   0x0000007c   Code   RO          283    i.RingBuf_Put       dji_ringbuffer.o
    0x080056ea   0x00000008   Code   RO         3509    i.SetSysClock       system_stm32f10x.o
    0x080056f2   0x00000002   PAD
    0x080056f4   0x000000e0   Code   RO         3510    i.SetSysClockTo72   system_stm32f10x.o
    0x080057d4   0x00000030   Code   RO         3256    i.Str_PutStrToBuff  psdk_upper.o
    0x08005804   0x00000060   Code   RO         3512    i.SystemInit        system_stm32f10x.o
    0x08005864   0x00000080   Code   RO          577    i.TIM4_IRQHandler   motordriver.o
    0x080058e4   0x0000006c   Code   RO          578    i.TIM4_init         motordriver.o
    0x08005950   0x00000018   Code   RO         1689    i.TIM_ARRPreloadConfig  stm32f10x_tim.o
    0x08005968   0x00000006   Code   RO         1696    i.TIM_ClearITPendingBit  stm32f10x_tim.o
    0x0800596e   0x00000018   Code   RO         1701    i.TIM_Cmd           stm32f10x_tim.o
    0x08005986   0x0000001e   Code   RO         1703    i.TIM_CtrlPWMOutputs  stm32f10x_tim.o
    0x080059a4   0x000001e8   Code   RO         1706    i.TIM_DeInit        stm32f10x_tim.o
    0x08005b8c   0x00000022   Code   RO         1722    i.TIM_GetITStatus   stm32f10x_tim.o
    0x08005bae   0x00000012   Code   RO         1726    i.TIM_ITConfig      stm32f10x_tim.o
    0x08005bc0   0x00000098   Code   RO         1730    i.TIM_OC1Init       stm32f10x_tim.o
    0x08005c58   0x000000a4   Code   RO         1735    i.TIM_OC2Init       stm32f10x_tim.o
    0x08005cfc   0x0000001a   Code   RO         1738    i.TIM_OC2PreloadConfig  stm32f10x_tim.o
    0x08005d16   0x00000004   Code   RO         1766    i.TIM_SetCounter    stm32f10x_tim.o
    0x08005d1a   0x00000002   PAD
    0x08005d1c   0x000000a4   Code   RO         1772    i.TIM_TimeBaseInit  stm32f10x_tim.o
    0x08005dc0   0x00000018   Code   RO         3336    i.Test_GetWidgetValueFunc  test_app_func.o
    0x08005dd8   0x0000003c   Code   RO         3337    i.Test_ReceiveFromMobileSDKFunc  test_app_func.o
    0x08005e14   0x000000a8   Code   RO         3338    i.Test_SetWidgetValueFunc  test_app_func.o
    0x08005ebc   0x00000020   Code   RO          579    i.TurnDownMotro     motordriver.o
    0x08005edc   0x00000020   Code   RO          580    i.TurnOFFMotro      motordriver.o
    0x08005efc   0x00000020   Code   RO          581    i.TurnUpMotro       motordriver.o
    0x08005f1c   0x00000220   Code   RO          516    i.UART_Init         uart.o
    0x0800613c   0x00000044   Code   RO          392    i.UART_Printf       log_printf.o
    0x08006180   0x0000005c   Code   RO          517    i.UART_Read         uart.o
    0x080061dc   0x0000008c   Code   RO          518    i.UART_Write        uart.o
    0x08006268   0x00000060   Code   RO          519    i.USART1_IRQHandler  uart.o
    0x080062c8   0x00000060   Code   RO          520    i.USART2_IRQHandler  uart.o
    0x08006328   0x00000060   Code   RO          521    i.USART3_IRQHandler  uart.o
    0x08006388   0x00000018   Code   RO         2249    i.USART_Cmd         stm32f10x_usart.o
    0x080063a0   0x00000054   Code   RO         2253    i.USART_GetITStatus  stm32f10x_usart.o
    0x080063f4   0x0000004a   Code   RO         2255    i.USART_ITConfig    stm32f10x_usart.o
    0x0800643e   0x00000002   PAD
    0x08006440   0x000000d8   Code   RO         2256    i.USART_Init        stm32f10x_usart.o
    0x08006518   0x0000000a   Code   RO         2263    i.USART_ReceiveData  stm32f10x_usart.o
    0x08006522   0x00000008   Code   RO         2266    i.USART_SendData    stm32f10x_usart.o
    0x0800652a   0x00000028   Code   RO         3935    i.__ARM_fpclassify  m_ws.l(fpclassify.o)
    0x08006552   0x0000000e   Code   RO         3634    i._is_digit         c_w.l(__printf_wp.o)
    0x08006560   0x00000002   Code   RO         3381    i.appDateTimeMsgCallback  test_msg_push.o
    0x08006562   0x00000002   PAD
    0x08006564   0x000000a0   Code   RO          190    i.application_init  application.o
    0x08006604   0x00000002   Code   RO         3382    i.bandWidthMsgCallback  test_msg_push.o
    0x08006606   0x00000002   Code   RO         3383    i.baroHeightDataMsgCallback  test_msg_push.o
    0x08006608   0x0000000a   Code   RO         3384    i.batteryInfoMsgCallback  test_msg_push.o
    0x08006612   0x00000002   Code   RO         3385    i.gpsInfoMsgCallback  test_msg_push.o
    0x08006614   0x00000002   Code   RO         3386    i.gpsRawDataMsgCallback  test_msg_push.o
    0x08006616   0x00000002   PAD
    0x08006618   0x00000094   Code   RO            5    i.main              main.o
    0x080066ac   0x000000ea   Code   RO         2634    i.md5_final         psdk_md5.o
    0x08006796   0x00000002   PAD
    0x08006798   0x00000028   Code   RO         2635    i.md5_init          psdk_md5.o
    0x080067c0   0x00000a80   Code   RO         2636    i.md5_transform     psdk_md5.o
    0x08007240   0x00000044   Code   RO         2637    i.md5_update        psdk_md5.o
    0x08007284   0x00000002   Code   RO         3387    i.rtkRawDataMsgCallback  test_msg_push.o
    0x08007286   0x00000002   Code   RO         3388    i.uavAttitudeMsgCallback  test_msg_push.o
    0x08007288   0x00000002   Code   RO         3389    i.uavStateMsgCallback  test_msg_push.o
    0x0800728a   0x00000002   PAD
    0x0800728c   0x0000002c   Code   RO         3920    locale$$code        c_w.l(lc_numeric_c.o)
    0x080072b8   0x0000002c   Code   RO         3973    locale$$code        c_w.l(lc_ctype_c.o)
    0x080072e4   0x00000150   Code   RO         3666    x$fpl$dadd          fz_ws.l(daddsub_clz.o)
    0x08007434   0x0000005e   Code   RO         3672    x$fpl$dfix          fz_ws.l(dfix.o)
    0x08007492   0x0000002e   Code   RO         3677    x$fpl$dflt          fz_ws.l(dflt_clz.o)
    0x080074c0   0x00000154   Code   RO         3682    x$fpl$dmul          fz_ws.l(dmul.o)
    0x08007614   0x0000009c   Code   RO         3833    x$fpl$dnaninf       fz_ws.l(dnaninf.o)
    0x080076b0   0x0000000c   Code   RO         3835    x$fpl$dretinf       fz_ws.l(dretinf.o)
    0x080076bc   0x000001d4   Code   RO         3668    x$fpl$dsub          fz_ws.l(daddsub_clz.o)
    0x08007890   0x00000004   Code   RO         3684    x$fpl$printf1       fz_ws.l(printf1.o)
    0x08007894   0x00000004   Code   RO         3837    x$fpl$printf2       fz_ws.l(printf2.o)
    0x08007898   0x00000000   Code   RO         3843    x$fpl$usenofp       fz_ws.l(usenofp.o)
    0x08007898   0x00000005   Data   RO            7    .constdata          main.o
    0x0800789d   0x00000018   Data   RO          192    .constdata          application.o
    0x080078b5   0x00000003   PAD
    0x080078b8   0x0000083c   Data   RO         2498    .constdata          psdk_aes.o
    0x080080f4   0x00000300   Data   RO         2576    .constdata          psdk_crc.o
    0x080083f4   0x00000017   Data   RO         2613    .constdata          psdk_debug.o
    0x0800840b   0x0000002f   Data   RO         2688    .constdata          psdk_proto.o
    0x0800843a   0x00000002   PAD
    0x0800843c   0x00000069   Data   RO         2834    .constdata          psdk_app_func.o
    0x080084a5   0x00000003   PAD
    0x080084a8   0x00000048   Data   RO         2927    .constdata          psdk_msg_subcribe.o
    0x080084f0   0x00000030   Data   RO         3194    .constdata          psdk_payload_gimbal.o
    0x08008520   0x00000030   Data   RO         3258    .constdata          psdk_upper.o
    0x08008550   0x0000006b   Data   RO         3340    .constdata          test_app_func.o
    0x080085bb   0x00000001   PAD
    0x080085bc   0x00000024   Data   RO         3390    .constdata          test_msg_push.o
    0x080085e0   0x00000073   Data   RO         3452    .constdata          test_payload_gimbal_emu.o
    0x08008653   0x00000011   Data   RO         3642    .constdata          c_w.l(__printf_flags_ss_wp.o)
    0x08008664   0x00000008   Data   RO         3733    .constdata          c_w.l(_printf_wctomb.o)
    0x0800866c   0x00000028   Data   RO         3762    .constdata          c_w.l(_printf_hex_int_ll_ptr.o)
    0x08008694   0x00000026   Data   RO         3882    .constdata          c_w.l(_printf_fp_hex.o)
    0x080086ba   0x00000002   PAD
    0x080086bc   0x00000094   Data   RO         3893    .constdata          c_w.l(bigflt0.o)
    0x08008750   0x0000009c   Data   RO          193    .conststring        application.o
    0x080087ec   0x0000004b   Data   RO         2689    .conststring        psdk_proto.o
    0x08008837   0x00000001   PAD
    0x08008838   0x00000095   Data   RO         2835    .conststring        psdk_app_func.o
    0x080088cd   0x00000003   PAD
    0x080088d0   0x00000006   Data   RO         3341    .conststring        test_app_func.o
    0x080088d6   0x00000002   PAD
    0x080088d8   0x00000020   Data   RO         4024    Region$$Table       anon$$obj.o
    0x080088f8   0x0000001c   Data   RO         3919    locale$$data        c_w.l(lc_numeric_c.o)
    0x08008914   0x00000110   Data   RO         3972    locale$$data        c_w.l(lc_ctype_c.o)


    Execution Region RW_IRAM1 (Base: 0x20000000, Size: 0x000026a8, Max: 0x00005000, ABSOLUTE, COMPRESSED[0x0000042c])

    Base Addr    Size         Type   Attr      Idx    E Section Name        Object

    0x20000000   0x00000001   Data   RW          393    .data               log_printf.o
    0x20000001   0x00000003   PAD
    0x20000004   0x0000000e   Data   RW          582    .data               motordriver.o
    0x20000012   0x00000014   Data   RW          851    .data               stm32f10x_rcc.o
    0x20000026   0x00000002   PAD
    0x20000028   0x00000400   Data   RW         2577    .data               psdk_crc.o
    0x20000428   0x00000011   Data   RW         2836    .data               psdk_app_func.o
    0x20000439   0x00000001   Data   RW         3195    .data               psdk_payload_gimbal.o
    0x2000043a   0x00000004   Data   RW         3259    .data               psdk_upper.o
    0x2000043e   0x00000002   PAD
    0x20000440   0x00000008   Data   RW         3342    .data               test_app_func.o
    0x20000448   0x00000010   Data   RW         3453    .data               test_payload_gimbal_emu.o
    0x20000458   0x00000014   Zero   RW            6    .bss                main.o
    0x2000046c   0x00000aa4   Zero   RW          191    .bss                application.o
    0x20000f10   0x00000c48   Zero   RW          522    .bss                uart.o
    0x20001b58   0x00000024   Zero   RW         2926    .bss                psdk_msg_subcribe.o
    0x20001b7c   0x00000014   Zero   RW         3193    .bss                psdk_payload_gimbal.o
    0x20001b90   0x000000b5   Zero   RW         3257    .bss                psdk_upper.o
    0x20001c45   0x00000400   Zero   RW         3339    .bss                test_app_func.o
    0x20002045   0x00000003   PAD
    0x20002048   0x00000060   Zero   RW         3847    .bss                c_w.l(libspace.o)
    0x200020a8   0x00000200   Zero   RW         3500    HEAP                startup_stm32f10x_md.o
    0x200022a8   0x00000400   Zero   RW         3499    STACK               startup_stm32f10x_md.o


==============================================================================

Image component sizes


      Code (inc. data)   RO Data    RW Data    ZI Data      Debug   Object Name

       776        336        180          0       2724       4992   application.o
       306          0          0          0          0       3239   dji_ringbuffer.o
       252         14          0          0          0       2766   gua_timer1_pwm.o
       132         10          0          0          0       2550   led_button_switch.o
        92         10          0          1          0       1813   log_printf.o
       238         48          5          0         20     246586   main.o
       112         12          0          0          0       1072   misc.o
       384         50          0         14          0      23791   motordriver.o
      5288         98       2108          0          0      10323   psdk_aes.o
      1626        114        254         17          0      10497   psdk_app_func.o
       224         74        768       1024          0       2028   psdk_crc.o
        76         56         23          0          0        981   psdk_debug.o
      3030        264          0          0          0       5344   psdk_md5.o
       372         66         72          0         36       7650   psdk_msg_subcribe.o
       356         40         48          1         20       5758   psdk_payload_gimbal.o
      1450        258        122          0          0       8791   psdk_proto.o
       240          0          0          0          0       2489   psdk_proto_parse.o
       868         34         48          4        181       8696   psdk_upper.o
        64         26        236          0       1536        836   startup_stm32f10x_md.o
       458          6          0          0          0       5199   stm32f10x_gpio.o
       640        104          0         20          0      11289   stm32f10x_rcc.o
      1134        136          0          0          0       8267   stm32f10x_tim.o
       416          6          0          0          0       5647   stm32f10x_usart.o
         0          0          0          0          0       1764   sys.o
       328         28          0          0          0       2061   system_stm32f10x.o
       252         80        113          8       1024       3101   test_app_func.o
        26          0         36          0          0       5084   test_msg_push.o
       924        230        115         16          0       4648   test_payload_gimbal_emu.o
      1064        140          0          0       3144      14041   uart.o

    ----------------------------------------------------------------------
     21158       2240       4175       1112       8688     411303   Object Totals
         0          0         32          0          0          0   (incl. Generated)
        30          0         15          7          3          0   (incl. Padding)

    ----------------------------------------------------------------------

      Code (inc. data)   RO Data    RW Data    ZI Data      Debug   Library Member Name

        44          6          0          0          0         84   __2sprintf.o
       100          0          0          0          0          0   __dclz77c.o
         8          0          0          0          0         68   __main.o
       392          4         17          0          0         92   __printf_flags_ss_wp.o
        14          0          0          0          0         68   __printf_wp.o
         0          0          0          0          0          0   __rtentry.o
        12          0          0          0          0          0   __rtentry2.o
         6          0          0          0          0          0   __rtentry4.o
        52          8          0          0          0          0   __scatter.o
        28          0          0          0          0          0   __scatter_zi.o
         6          0          0          0          0          0   _printf_a.o
         6          0          0          0          0          0   _printf_c.o
        44          0          0          0          0        108   _printf_char.o
        48          6          0          0          0         96   _printf_char_common.o
        40          0          0          0          0         68   _printf_charcount.o
         6          0          0          0          0          0   _printf_d.o
       120         16          0          0          0         92   _printf_dec.o
         6          0          0          0          0          0   _printf_e.o
         6          0          0          0          0          0   _printf_f.o
      1050          0          0          0          0        216   _printf_fp_dec.o
       764         10         38          0          0        100   _printf_fp_hex.o
       128         16          0          0          0         84   _printf_fp_infnan.o
         6          0          0          0          0          0   _printf_g.o
       148          4         40          0          0        160   _printf_hex_int_ll_ptr.o
         6          0          0          0          0          0   _printf_i.o
       178          0          0          0          0         88   _printf_intcommon.o
        10          0          0          0          0          0   _printf_l.o
         6          0          0          0          0          0   _printf_lc.o
        10          0          0          0          0          0   _printf_ll.o
         6          0          0          0          0          0   _printf_lld.o
         6          0          0          0          0          0   _printf_lli.o
         6          0          0          0          0          0   _printf_llo.o
         6          0          0          0          0          0   _printf_llu.o
         6          0          0          0          0          0   _printf_llx.o
       124         16          0          0          0         92   _printf_longlong_dec.o
         6          0          0          0          0          0   _printf_ls.o
         6          0          0          0          0          0   _printf_n.o
         6          0          0          0          0          0   _printf_o.o
       112          8          0          0          0        124   _printf_oct_int_ll.o
         6          0          0          0          0          0   _printf_p.o
        78          0          0          0          0        108   _printf_pad.o
         0          0          0          0          0          0   _printf_percent.o
         4          0          0          0          0          0   _printf_percent_end.o
         6          0          0          0          0          0   _printf_s.o
        82          0          0          0          0         80   _printf_str.o
        36          0          0          0          0         84   _printf_truncate.o
         6          0          0          0          0          0   _printf_u.o
        44          0          0          0          0        108   _printf_wchar.o
       188          6          8          0          0         92   _printf_wctomb.o
         6          0          0          0          0          0   _printf_x.o
        16          0          0          0          0         68   _snputc.o
        10          0          0          0          0         68   _sputc.o
        64          0          0          0          0         92   _wcrtomb.o
       220          4        148          0          0         96   bigflt0.o
      1910        128          0          0          0        672   btod.o
        10          0          0          0          0         68   defsig_exit.o
        50          0          0          0          0         88   defsig_general.o
        80         58          0          0          0         76   defsig_rtmem_inner.o
        14          0          0          0          0         80   defsig_rtmem_outer.o
        12          0          0          0          0         72   exit.o
        94          0          0          0          0         80   h1_alloc.o
        52          0          0          0          0         68   h1_extend.o
        78          0          0          0          0         80   h1_free.o
        14          0          0          0          0         84   h1_init.o
         6          0          0          0          0        152   heapauxi.o
         4          0          0          0          0        136   hguard.o
         0          0          0          0          0          0   indicate_semi.o
       138          0          0          0          0        168   init_alloc.o
        44         10        272          0          0         76   lc_ctype_c.o
        44         10         28          0          0         76   lc_numeric_c.o
         2          0          0          0          0          0   libinit.o
        38          0          0          0          0          0   libinit2.o
         2          0          0          0          0          0   libshutdown.o
         2          0          0          0          0          0   libshutdown2.o
         8          4          0          0         96         68   libspace.o
       138          0          0          0          0         80   lludiv10.o
         0          0          0          0          0          0   maybetermalloc1.o
        16          4          0          0          0         76   rt_ctype_table.o
         8          4          0          0          0         68   rt_heap_descriptor_intlibspace.o
         8          4          0          0          0         68   rt_locale_intlibspace.o
        68          0          0          0          0         68   rt_memclr.o
        78          0          0          0          0         80   rt_memclr_w.o
       138          0          0          0          0         68   rt_memcpy_v6.o
       100          0          0          0          0         80   rt_memcpy_w.o
         2          0          0          0          0          0   rtexit.o
        10          0          0          0          0          0   rtexit2.o
       128          0          0          0          0         68   strcmpv7m.o
        72          0          0          0          0         80   strcpy.o
        62          0          0          0          0         76   strlen.o
        86          0          0          0          0         76   strncpy.o
        12          4          0          0          0         68   sys_exit.o
        74          0          0          0          0         80   sys_stackheap_outer.o
        14          0          0          0          0         76   sys_wrch.o
         2          0          0          0          0         68   use_no_semi.o
        52          4          0          0          0         80   vsnprintf.o
       804         16          0          0          0        272   daddsub_clz.o
        94          4          0          0          0         92   dfix.o
        46          0          0          0          0         68   dflt_clz.o
       340         12          0          0          0        104   dmul.o
       156          4          0          0          0         92   dnaninf.o
        12          0          0          0          0         68   dretinf.o
         4          0          0          0          0         68   printf1.o
         4          0          0          0          0         68   printf2.o
         0          0          0          0          0          0   usenofp.o
        40          0          0          0          0         68   fpclassify.o

    ----------------------------------------------------------------------
      9478        370        553          0         96       6540   Library Totals
        14          0          2          0          0          0   (incl. Padding)

    ----------------------------------------------------------------------

      Code (inc. data)   RO Data    RW Data    ZI Data      Debug   Library Name

      7964        334        551          0         96       5640   c_w.l
      1460         36          0          0          0        832   fz_ws.l
        40          0          0          0          0         68   m_ws.l

    ----------------------------------------------------------------------
      9478        370        553          0         96       6540   Library Totals

    ----------------------------------------------------------------------

==============================================================================


      Code (inc. data)   RO Data    RW Data    ZI Data      Debug   

     30636       2610       4728       1112       8784     405515   Grand Totals
     30636       2610       4728       1068       8784     405515   ELF Image Totals (compressed)
     30636       2610       4728       1068          0          0   ROM Totals

==============================================================================

    Total RO  Size (Code + RO Data)                35364 (  34.54kB)
    Total RW  Size (RW Data + ZI Data)              9896 (   9.66kB)
    Total ROM Size (Code + RO Data + RW Data)      36432 (  35.58kB)

==============================================================================

